Archive member included to satisfy reference by file (symbol)

C:/ST/STM32CubeIDE_1.15.0/STM32CubeIDE/plugins/com.st.stm32cube.ide.mcu.externaltools.gnu-tools-for-stm32.12.3.rel1.win32_1.0.100.202403111256/tools/bin/../lib/gcc/arm-none-eabi/12.3.1/../../../../arm-none-eabi/lib/thumb/v7e-m+dp/hard\libc_nano.a(libc_a-exit.o)
                              C:/ST/STM32CubeIDE_1.15.0/STM32CubeIDE/plugins/com.st.stm32cube.ide.mcu.externaltools.gnu-tools-for-stm32.12.3.rel1.win32_1.0.100.202403111256/tools/bin/../lib/gcc/arm-none-eabi/12.3.1/../../../../arm-none-eabi/lib/thumb/v7e-m+dp/hard/crt0.o (exit)
C:/ST/STM32CubeIDE_1.15.0/STM32CubeIDE/plugins/com.st.stm32cube.ide.mcu.externaltools.gnu-tools-for-stm32.12.3.rel1.win32_1.0.100.202403111256/tools/bin/../lib/gcc/arm-none-eabi/12.3.1/../../../../arm-none-eabi/lib/thumb/v7e-m+dp/hard\libc_nano.a(libc_a-findfp.o)
                              C:/ST/STM32CubeIDE_1.15.0/STM32CubeIDE/plugins/com.st.stm32cube.ide.mcu.externaltools.gnu-tools-for-stm32.12.3.rel1.win32_1.0.100.202403111256/tools/bin/../lib/gcc/arm-none-eabi/12.3.1/../../../../arm-none-eabi/lib/thumb/v7e-m+dp/hard\libc_nano.a(libc_a-exit.o) (__stdio_exit_handler)
C:/ST/STM32CubeIDE_1.15.0/STM32CubeIDE/plugins/com.st.stm32cube.ide.mcu.externaltools.gnu-tools-for-stm32.12.3.rel1.win32_1.0.100.202403111256/tools/bin/../lib/gcc/arm-none-eabi/12.3.1/../../../../arm-none-eabi/lib/thumb/v7e-m+dp/hard\libc_nano.a(libc_a-fwalk.o)
                              C:/ST/STM32CubeIDE_1.15.0/STM32CubeIDE/plugins/com.st.stm32cube.ide.mcu.externaltools.gnu-tools-for-stm32.12.3.rel1.win32_1.0.100.202403111256/tools/bin/../lib/gcc/arm-none-eabi/12.3.1/../../../../arm-none-eabi/lib/thumb/v7e-m+dp/hard\libc_nano.a(libc_a-findfp.o) (_fwalk_sglue)
C:/ST/STM32CubeIDE_1.15.0/STM32CubeIDE/plugins/com.st.stm32cube.ide.mcu.externaltools.gnu-tools-for-stm32.12.3.rel1.win32_1.0.100.202403111256/tools/bin/../lib/gcc/arm-none-eabi/12.3.1/../../../../arm-none-eabi/lib/thumb/v7e-m+dp/hard\libc_nano.a(libc_a-stdio.o)
                              C:/ST/STM32CubeIDE_1.15.0/STM32CubeIDE/plugins/com.st.stm32cube.ide.mcu.externaltools.gnu-tools-for-stm32.12.3.rel1.win32_1.0.100.202403111256/tools/bin/../lib/gcc/arm-none-eabi/12.3.1/../../../../arm-none-eabi/lib/thumb/v7e-m+dp/hard\libc_nano.a(libc_a-findfp.o) (__sread)
C:/ST/STM32CubeIDE_1.15.0/STM32CubeIDE/plugins/com.st.stm32cube.ide.mcu.externaltools.gnu-tools-for-stm32.12.3.rel1.win32_1.0.100.202403111256/tools/bin/../lib/gcc/arm-none-eabi/12.3.1/../../../../arm-none-eabi/lib/thumb/v7e-m+dp/hard\libc_nano.a(libc_a-memset.o)
                              C:/ST/STM32CubeIDE_1.15.0/STM32CubeIDE/plugins/com.st.stm32cube.ide.mcu.externaltools.gnu-tools-for-stm32.12.3.rel1.win32_1.0.100.202403111256/tools/bin/../lib/gcc/arm-none-eabi/12.3.1/../../../../arm-none-eabi/lib/thumb/v7e-m+dp/hard/crt0.o (memset)
C:/ST/STM32CubeIDE_1.15.0/STM32CubeIDE/plugins/com.st.stm32cube.ide.mcu.externaltools.gnu-tools-for-stm32.12.3.rel1.win32_1.0.100.202403111256/tools/bin/../lib/gcc/arm-none-eabi/12.3.1/../../../../arm-none-eabi/lib/thumb/v7e-m+dp/hard\libc_nano.a(libc_a-closer.o)
                              C:/ST/STM32CubeIDE_1.15.0/STM32CubeIDE/plugins/com.st.stm32cube.ide.mcu.externaltools.gnu-tools-for-stm32.12.3.rel1.win32_1.0.100.202403111256/tools/bin/../lib/gcc/arm-none-eabi/12.3.1/../../../../arm-none-eabi/lib/thumb/v7e-m+dp/hard\libc_nano.a(libc_a-stdio.o) (_close_r)
C:/ST/STM32CubeIDE_1.15.0/STM32CubeIDE/plugins/com.st.stm32cube.ide.mcu.externaltools.gnu-tools-for-stm32.12.3.rel1.win32_1.0.100.202403111256/tools/bin/../lib/gcc/arm-none-eabi/12.3.1/../../../../arm-none-eabi/lib/thumb/v7e-m+dp/hard\libc_nano.a(libc_a-reent.o)
                              C:/ST/STM32CubeIDE_1.15.0/STM32CubeIDE/plugins/com.st.stm32cube.ide.mcu.externaltools.gnu-tools-for-stm32.12.3.rel1.win32_1.0.100.202403111256/tools/bin/../lib/gcc/arm-none-eabi/12.3.1/../../../../arm-none-eabi/lib/thumb/v7e-m+dp/hard\libc_nano.a(libc_a-closer.o) (errno)
C:/ST/STM32CubeIDE_1.15.0/STM32CubeIDE/plugins/com.st.stm32cube.ide.mcu.externaltools.gnu-tools-for-stm32.12.3.rel1.win32_1.0.100.202403111256/tools/bin/../lib/gcc/arm-none-eabi/12.3.1/../../../../arm-none-eabi/lib/thumb/v7e-m+dp/hard\libc_nano.a(libc_a-impure.o)
                              C:/ST/STM32CubeIDE_1.15.0/STM32CubeIDE/plugins/com.st.stm32cube.ide.mcu.externaltools.gnu-tools-for-stm32.12.3.rel1.win32_1.0.100.202403111256/tools/bin/../lib/gcc/arm-none-eabi/12.3.1/../../../../arm-none-eabi/lib/thumb/v7e-m+dp/hard\libc_nano.a(libc_a-reent.o) (_impure_ptr)
C:/ST/STM32CubeIDE_1.15.0/STM32CubeIDE/plugins/com.st.stm32cube.ide.mcu.externaltools.gnu-tools-for-stm32.12.3.rel1.win32_1.0.100.202403111256/tools/bin/../lib/gcc/arm-none-eabi/12.3.1/../../../../arm-none-eabi/lib/thumb/v7e-m+dp/hard\libc_nano.a(libc_a-lseekr.o)
[...]
Memory Configuration

Name             Origin             Length             Attributes
RAM_D1           0x24000000         0x00080000         xrw
FLASH            0x08000000         0x00100000         xr
DTCMRAM          0x20000000         0x00020000         xrw
RAM_D2           0x30000000         0x00048000         xrw
RAM_D3           0x38000000         0x00010000         xrw
ITCMRAM          0x00000000         0x00010000         xrw
*default*        0x00000000         0xffffffff

Linker script and memory map

LOAD C:/ST/STM32CubeIDE_1.15.0/STM32CubeIDE/plugins/com.st.stm32cube.ide.mcu.externaltools.gnu-tools-for-stm32.12.3.rel1.win32_1.0.100.202403111256/tools/bin/../lib/gcc/arm-none-eabi/12.3.1/thumb/v7e-m+dp/hard/crti.o
LOAD C:/ST/STM32CubeIDE_1.15.0/STM32CubeIDE/plugins/com.st.stm32cube.ide.mcu.externaltools.gnu-tools-for-stm32.12.3.rel1.win32_1.0.100.202403111256/tools/bin/../lib/gcc/arm-none-eabi/12.3.1/thumb/v7e-m+dp/hard/crtbegin.o
LOAD C:/ST/STM32CubeIDE_1.15.0/STM32CubeIDE/plugins/com.st.stm32cube.ide.mcu.externaltools.gnu-tools-for-stm32.12.3.rel1.win32_1.0.100.202403111256/tools/bin/../lib/gcc/arm-none-eabi/12.3.1/../../../../arm-none-eabi/lib/thumb/v7e-m+dp/hard/crt0.o
LOAD ./Common/Src/system_stm32h7xx_dualcore_boot_cm4_cm7.o
LOAD ./Core/Src/dma.o
LOAD ./Core/Src/dshot.o
LOAD ./Core/Src/gpio.o
LOAD ./Core/Src/main.o
LOAD ./Core/Src/stm32h7xx_hal_msp.o
LOAD ./Core/Src/stm32h7xx_it.o
LOAD ./Core/Src/syscalls.o
LOAD ./Core/Src/sysmem.o
LOAD ./Core/Src/tim.o
LOAD ./Core/Startup/startup_stm32h755zitx.o
LOAD ./Drivers/BSP/STM32H7xx_Nucleo/stm32h7xx_nucleo.o
LOAD ./Drivers/STM32H7xx_HAL_Driver/stm32h7xx_hal.o
LOAD ./Drivers/STM32H7xx_HAL_Driver/stm32h7xx_hal_cortex.o
LOAD ./Drivers/STM32H7xx_HAL_Driver/stm32h7xx_hal_dma.o
LOAD ./Drivers/STM32H7xx_HAL_Driver/stm32h7xx_hal_dma_ex.o
LOAD ./Drivers/STM32H7xx_HAL_Driver/stm32h7xx_hal_exti.o
LOAD ./Drivers/STM32H7xx_HAL_Driver/stm32h7xx_hal_flash.o
LOAD ./Drivers/STM32H7xx_HAL_Driver/stm32h7xx_hal_flash_ex.o
LOAD ./Drivers/STM32H7xx_HAL_Driver/stm32h7xx_hal_gpio.o
LOAD ./Drivers/STM32H7xx_HAL_Driver/stm32h7xx_hal_hsem.o
LOAD ./Drivers/STM32H7xx_HAL_Driver/stm32h7xx_hal_i2c.o
LOAD ./Drivers/STM32H7xx_HAL_Driver/stm32h7xx_hal_i2c_ex.o
LOAD ./Drivers/STM32H7xx_HAL_Driver/stm32h7xx_hal_mdma.o
LOAD ./Drivers/STM32H7xx_HAL_Driver/stm32h7xx_hal_pcd.o
LOAD ./Drivers/STM32H7xx_HAL_Driver/stm32h7xx_hal_pcd_ex.o
LOAD ./Drivers/STM32H7xx_HAL_Driver/stm32h7xx_hal_pwr.o
LOAD ./Drivers/STM32H7xx_HAL_Driver/stm32h7xx_hal_pwr_ex.o
LOAD ./Drivers/STM32H7xx_HAL_Driver/stm32h7xx_hal_rcc.o
LOAD ./Drivers/STM32H7xx_HAL_Driver/stm32h7xx_hal_rcc_ex.o
LOAD ./Drivers/STM32H7xx_HAL_Driver/stm32h7xx_hal_tim.o
LOAD ./Drivers/STM32H7xx_HAL_Driver/stm32h7xx_hal_tim_ex.o
LOAD ./Drivers/STM32H7xx_HAL_Driver/stm32h7xx_hal_uart.o
LOAD ./Drivers/STM32H7xx_HAL_Driver/stm32h7xx_hal_uart_ex.o
LOAD ./Drivers/STM32H7xx_HAL_Driver/stm32h7xx_hal_usart.o
LOAD ./Drivers/STM32H7xx_HAL_Driver/stm32h7xx_hal_usart_ex.o
LOAD ./Drivers/STM32H7xx_HAL_Driver/stm32h7xx_ll_usb.o
LOAD ./Middlewares/ST/STM32_USB_Device_Library/usbd_cdc.o
LOAD ./Middlewares/ST/STM32_USB_Device_Library/usbd_core.o
LOAD ./Middlewares/ST/STM32_USB_Device_Library/usbd_ctlreq.o
LOAD ./Middlewares/ST/STM32_USB_Device_Library/usbd_ioreq.o
LOAD ./USB_DEVICE/App/usb_device.o
LOAD ./USB_DEVICE/App/usbd_cdc_if.o
LOAD ./USB_DEVICE/App/usbd_desc.o
LOAD ./USB_DEVICE/Target/usbd_conf.o
START GROUP
LOAD C:/ST/STM32CubeIDE_1.15.0/STM32CubeIDE/plugins/com.st.stm32cube.ide.mcu.externaltools.gnu-tools-for-stm32.12.3.rel1.win32_1.0.100.202403111256/tools/bin/../lib/gcc/arm-none-eabi/12.3.1/../../../../arm-none-eabi/lib/thumb/v7e-m+dp/hard\libc_nano.a
LOAD C:/ST/STM32CubeIDE_1.15.0/STM32CubeIDE/plugins/com.st.stm32cube.ide.mcu.externaltools.gnu-tools-for-stm32.12.3.rel1.win32_1.0.100.202403111256/tools/bin/../lib/gcc/arm-none-eabi/12.3.1/../../../../arm-none-eabi/lib/thumb/v7e-m+dp/hard\libm.a
END GROUP
START GROUP
LOAD C:/ST/STM32CubeIDE_1.15.0/STM32CubeIDE/plugins/com.st.stm32cube.ide.mcu.externaltools.gnu-tools-for-stm32.12.3.rel1.win32_1.0.100.202403111256/tools/bin/../lib/gcc/arm-none-eabi/12.3.1/thumb/v7e-m+dp/hard\libgcc.a
LOAD C:/ST/STM32CubeIDE_1.15.0/STM32CubeIDE/plugins/com.st.stm32cube.ide.mcu.externaltools.gnu-tools-for-stm32.12.3.rel1.win32_1.0.100.202403111256/tools/bin/../lib/gcc/arm-none-eabi/12.3.1/../../../../arm-none-eabi/lib/thumb/v7e-m+dp/hard\libc_nano.a
END GROUP
START GROUP
LOAD C:/ST/STM32CubeIDE_1.15.0/STM32CubeIDE/plugins/com.st.stm32cube.ide.mcu.externaltools.gnu-tools-for-stm32.12.3.rel1.win32_1.0.100.202403111256/tools/bin/../lib/gcc/arm-none-eabi/12.3.1/thumb/v7e-m+dp/hard\libgcc.a
LOAD C:/ST/STM32CubeIDE_1.15.0/STM32CubeIDE/plugins/com.st.stm32cube.ide.mcu.externaltools.gnu-tools-for-stm32.12.3.rel1.win32_1.0.100.202403111256/tools/bin/../lib/gcc/arm-none-eabi/12.3.1/../../../../arm-none-eabi/lib/thumb/v7e-m+dp/hard\libc_nano.a
LOAD C:/ST/STM32CubeIDE_1.15.0/STM32CubeIDE/plugins/com.st.stm32cube.ide.mcu.externaltools.gnu-tools-for-stm32.12.3.rel1.win32_1.0.100.202403111256/tools/bin/../lib/gcc/arm-none-eabi/12.3.1/../../../../arm-none-eabi/lib/thumb/v7e-m+dp/hard\libnosys.a
END GROUP
START GROUP
LOAD C:/ST/STM32CubeIDE_1.15.0/STM32CubeIDE/plugins/com.st.stm32cube.ide.mcu.externaltools.gnu-tools-for-stm32.12.3.rel1.win32_1.0.100.202403111256/tools/bin/../lib/gcc/arm-none-eabi/12.3.1/thumb/v7e-m+dp/hard\libgcc.a
LOAD C:/ST/STM32CubeIDE_1.15.0/STM32CubeIDE/plugins/com.st.stm32cube.ide.mcu.externaltools.gnu-tools-for-stm32.12.3.rel1.win32_1.0.100.202403111256/tools/bin/../lib/gcc/arm-none-eabi/12.3.1/../../../../arm-none-eabi/lib/thumb/v7e-m+dp/hard\libc_nano.a
LOAD C:/ST/STM32CubeIDE_1.15.0/STM32CubeIDE/plugins/com.st.stm32cube.ide.mcu.externaltools.gnu-tools-for-stm32.12.3.rel1.win32_1.0.100.202403111256/tools/bin/../lib/gcc/arm-none-eabi/12.3.1/../../../../arm-none-eabi/lib/thumb/v7e-m+dp/hard\libnosys.a
END GROUP
LOAD C:/ST/STM32CubeIDE_1.15.0/STM32CubeIDE/plugins/com.st.stm32cube.ide.mcu.externaltools.gnu-tools-for-stm32.12.3.rel1.win32_1.0.100.202403111256/tools/bin/../lib/gcc/arm-none-eabi/12.3.1/thumb/v7e-m+dp/hard/crtend.o
LOAD C:/ST/STM32CubeIDE_1.15.0/STM32CubeIDE/plugins/com.st.stm32cube.ide.mcu.externaltools.gnu-tools-for-stm32.12.3.rel1.win32_1.0.100.202403111256/tools/bin/../lib/gcc/arm-none-eabi/12.3.1/thumb/v7e-m+dp/hard/crtn.o
                0x24080000                        _estack = (ORIGIN (RAM_D1) + LENGTH (RAM_D1))
                0x00000200                        _Min_Heap_Size = 0x200
                0x00000400                        _Min_Stack_Size = 0x400

.isr_vector     0x08000000      0x298
                0x08000000                        . = ALIGN (0x4)
 *(.isr_vector)
 .isr_vector    0x08000000      0x298 ./Core/Startup/startup_stm32h755zitx.o
                0x08000000                g_pfnVectors
                0x08000298                        . = ALIGN (0x4)

.text           0x08000298     0xee8c
                0x08000298                        . = ALIGN (0x4)
 *(.text)
 .text          0x08000298       0x40 C:/ST/STM32CubeIDE_1.15.0/STM32CubeIDE/plugins/com.st.stm32cube.ide.mcu.externaltools.gnu-tools-for-stm32.12.3.rel1.win32_1.0.100.202403111256/tools/bin/../lib/gcc/arm-none-eabi/12.3.1/thumb/v7e-m+dp/hard/crtbegin.o
 .text          0x080002d8       0x30 C:/ST/STM32CubeIDE_1.15.0/STM32CubeIDE/plugins/com.st.stm32cube.ide.mcu.externaltools.gnu-tools-for-stm32.12.3.rel1.win32_1.0.100.202403111256/tools/bin/../lib/gcc/arm-none-eabi/12.3.1/thumb/v7e-m+dp/hard\libgcc.a(_aeabi_uldivmod.o)
                0x080002d8                __aeabi_uldivmod
 .text          0x08000308      0x2bc C:/ST/STM32CubeIDE_1.15.0/STM32CubeIDE/plugins/com.st.stm32cube.ide.mcu.externaltools.gnu-tools-for-stm32.12.3.rel1.win32_1.0.100.202403111256/tools/bin/../lib/gcc/arm-none-eabi/12.3.1/thumb/v7e-m+dp/hard\libgcc.a(_udivmoddi4.o)
                0x08000308                __udivmoddi4
 .text          0x080005c4        0x4 C:/ST/STM32CubeIDE_1.15.0/STM32CubeIDE/plugins/com.st.stm32cube.ide.mcu.externaltools.gnu-tools-for-stm32.12.3.rel1.win32_1.0.100.202403111256/tools/bin/../lib/gcc/arm-none-eabi/12.3.1/thumb/v7e-m+dp/hard\libgcc.a(_dvmd_tls.o)
                0x080005c4                __aeabi_idiv0
                0x080005c4                __aeabi_ldiv0
 *(.text*)
 .text.SystemInit
                0x080005c8      0x12c ./Common/Src/system_stm32h7xx_dualcore_boot_cm4_cm7.o
                0x080005c8                SystemInit
 .text.MX_DMA_Init
                0x080006f4       0x70 ./Core/Src/dma.o
                0x080006f4                MX_DMA_Init
 .text.dshot_init
                0x08000764       0x22 ./Core/Src/dshot.o
                0x08000764                dshot_init
 .text.dshot_write
                0x08000786       0x1e ./Core/Src/dshot.o
                0x08000786                dshot_write
 .text.dshot_choose_type
                0x080007a4       0x38 ./Core/Src/dshot.o
 .text.dshot_set_timer
                0x080007dc       0xbc ./Core/Src/dshot.o
 .text.dshot_dma_tc_callback
                0x08000898       0x88 ./Core/Src/dshot.o
 .text.dshot_put_tc_callback_function
                0x08000920       0x3c ./Core/Src/dshot.o
 .text.dshot_start_pwm
                0x0800095c       0x30 ./Core/Src/dshot.o
 .text.dshot_prepare_packet
                0x0800098c       0x6a ./Core/Src/dshot.o
 .text.dshot_prepare_dmabuffer
                0x080009f6       0x60 ./Core/Src/dshot.o
 *fill*         0x08000a56        0x2 
 .text.dshot_prepare_dmabuffer_all
                0x08000a58       0x58 ./Core/Src/dshot.o
 .text.dshot_dma_start
                0x08000ab0       0x70 ./Core/Src/dshot.o
 .text.dshot_enable_dma_request
                0x08000b20       0x58 ./Core/Src/dshot.o
 .text.MX_GPIO_Init
                0x08000b78      0x14c ./Core/Src/gpio.o
                0x08000b78                MX_GPIO_Init
 .text.HAL_TIM_IC_CaptureCallback
                0x08000cc4       0x28 ./Core/Src/main.o
                0x08000cc4                HAL_TIM_IC_CaptureCallback
 .text.main     0x08000cec      0x18c ./Core/Src/main.o
                0x08000cec                main
 .text.SystemClock_Config
                0x08000e78      0x100 ./Core/Src/main.o
                0x08000e78                SystemClock_Config
 .text.Error_Handler
                0x08000f78        0xc ./Core/Src/main.o
                0x08000f78                Error_Handler
 .text.HAL_MspInit
                0x08000f84       0x34 ./Core/Src/stm32h7xx_hal_msp.o
                0x08000f84                HAL_MspInit
 .text.NMI_Handler
                0x08000fb8        0x8 ./Core/Src/stm32h7xx_it.o
                0x08000fb8                NMI_Handler
 .text.HardFault_Handler
                0x08000fc0        0x8 ./Core/Src/stm32h7xx_it.o
                0x08000fc0                HardFault_Handler
 .text.MemManage_Handler
                0x08000fc8        0x8 ./Core/Src/stm32h7xx_it.o
                0x08000fc8                MemManage_Handler
 .text.BusFault_Handler
                0x08000fd0        0x8 ./Core/Src/stm32h7xx_it.o
                0x08000fd0                BusFault_Handler
 .text.UsageFault_Handler
                0x08000fd8        0x8 ./Core/Src/stm32h7xx_it.o
                0x08000fd8                UsageFault_Handler
 .text.SVC_Handler
                0x08000fe0        0xe ./Core/Src/stm32h7xx_it.o
                0x08000fe0                SVC_Handler
 .text.DebugMon_Handler
                0x08000fee        0xe ./Core/Src/stm32h7xx_it.o
                0x08000fee                DebugMon_Handler
 .text.PendSV_Handler
                0x08000ffc        0xe ./Core/Src/stm32h7xx_it.o
                0x08000ffc                PendSV_Handler
 .text.SysTick_Handler
                0x0800100a        0xc ./Core/Src/stm32h7xx_it.o
                0x0800100a                SysTick_Handler
 *fill*         0x08001016        0x2 
 .text.DMA1_Stream1_IRQHandler
                0x08001018       0x14 ./Core/Src/stm32h7xx_it.o
                0x08001018                DMA1_Stream1_IRQHandler
 .text.DMA1_Stream3_IRQHandler
                0x0800102c       0x14 ./Core/Src/stm32h7xx_it.o
                0x0800102c                DMA1_Stream3_IRQHandler
 .text.DMA1_Stream4_IRQHandler
                0x08001040       0x14 ./Core/Src/stm32h7xx_it.o
                0x08001040                DMA1_Stream4_IRQHandler
 .text.DMA1_Stream5_IRQHandler
                0x08001054       0x14 ./Core/Src/stm32h7xx_it.o
                0x08001054                DMA1_Stream5_IRQHandler
 .text.TIM3_IRQHandler
                0x08001068       0x20 ./Core/Src/stm32h7xx_it.o
                0x08001068                TIM3_IRQHandler
 .text.EXTI15_10_IRQHandler
                0x08001088        0xe ./Core/Src/stm32h7xx_it.o
                0x08001088                EXTI15_10_IRQHandler
 *fill*         0x08001096        0x2 
 .text.OTG_FS_IRQHandler
                0x08001098       0x14 ./Core/Src/stm32h7xx_it.o
                0x08001098                OTG_FS_IRQHandler
 .text.MX_TIM2_Init
                0x080010ac       0xc8 ./Core/Src/tim.o
                0x080010ac                MX_TIM2_Init
 .text.MX_TIM3_Init
                0x08001174       0x9c ./Core/Src/tim.o
                0x08001174                MX_TIM3_Init
 .text.MX_TIM4_Init
                0x08001210       0xac ./Core/Src/tim.o
                0x08001210                MX_TIM4_Init
 .text.MX_TIM5_Init
                0x080012bc       0xc8 ./Core/Src/tim.o
                0x080012bc                MX_TIM5_Init
 .text.HAL_TIM_PWM_MspInit
                0x08001384      0x20c ./Core/Src/tim.o
                0x08001384                HAL_TIM_PWM_MspInit
 .text.HAL_TIM_Base_MspInit
                0x08001590       0x50 ./Core/Src/tim.o
                0x08001590                HAL_TIM_Base_MspInit
 .text.HAL_TIM_Encoder_MspInit
                0x080015e0       0x94 ./Core/Src/tim.o
                0x080015e0                HAL_TIM_Encoder_MspInit
 .text.HAL_TIM_MspPostInit
                0x08001674       0xc0 ./Core/Src/tim.o
                0x08001674                HAL_TIM_MspPostInit
 .text.Reset_Handler
                0x08001734       0x50 ./Core/Startup/startup_stm32h755zitx.o
                0x08001734                Reset_Handler
 .text.Default_Handler
                0x08001784        0x2 ./Core/Startup/startup_stm32h755zitx.o
                0x08001784                RTC_Alarm_IRQHandler
                0x08001784                HASH_RNG_IRQHandler
                0x08001784                EXTI2_IRQHandler
                0x08001784                TIM8_CC_IRQHandler
                0x08001784                HRTIM1_Master_IRQHandler
                0x08001784                UART8_IRQHandler
                0x08001784                SPI4_IRQHandler
                0x08001784                TIM1_CC_IRQHandler
                0x08001784                BDMA_Channel6_IRQHandler
                0x08001784                DMA2_Stream5_IRQHandler
                0x08001784                HRTIM1_FLT_IRQHandler
                0x08001784                JPEG_IRQHandler
                0x08001784                BDMA_Channel1_IRQHandler
                0x08001784                HRTIM1_TIMD_IRQHandler
                0x08001784                TAMP_STAMP_IRQHandler
                0x08001784                EXTI3_IRQHandler
                0x08001784                LPTIM4_IRQHandler
                0x08001784                TIM8_TRG_COM_TIM14_IRQHandler
                0x08001784                LPTIM2_IRQHandler
                0x08001784                DFSDM1_FLT1_IRQHandler
                0x08001784                DMAMUX2_OVR_IRQHandler
                0x08001784                TIM8_UP_TIM13_IRQHandler
                0x08001784                I2C3_ER_IRQHandler
                0x08001784                DFSDM1_FLT2_IRQHandler
                0x08001784                MDMA_IRQHandler
                0x08001784                LPTIM3_IRQHandler
                0x08001784                HSEM1_IRQHandler
                0x08001784                EXTI0_IRQHandler
                0x08001784                I2C2_EV_IRQHandler
                0x08001784                DMA1_Stream2_IRQHandler
                0x08001784                FPU_IRQHandler
                0x08001784                OTG_HS_WKUP_IRQHandler
                0x08001784                FDCAN1_IT1_IRQHandler
                0x08001784                LTDC_ER_IRQHandler
                0x08001784                DMA2_Stream2_IRQHandler
                0x08001784                HRTIM1_TIME_IRQHandler
                0x08001784                SPI1_IRQHandler
                0x08001784                TIM6_DAC_IRQHandler
                0x08001784                DCMI_IRQHandler
                0x08001784                HRTIM1_TIMC_IRQHandler
                0x08001784                DMA2_Stream3_IRQHandler
                0x08001784                SAI2_IRQHandler
                0x08001784                DFSDM1_FLT3_IRQHandler
                0x08001784                USART6_IRQHandler
                0x08001784                TIM17_IRQHandler
                0x08001784                USART3_IRQHandler
                0x08001784                BDMA_Channel7_IRQHandler
                0x08001784                CRYP_IRQHandler
                0x08001784                LPTIM5_IRQHandler
                0x08001784                UART5_IRQHandler
                0x08001784                ADC3_IRQHandler
                0x08001784                DMA2_Stream0_IRQHandler
                0x08001784                TIM4_IRQHandler
                0x08001784                BDMA_Channel2_IRQHandler
                0x08001784                QUADSPI_IRQHandler
                0x08001784                I2C1_EV_IRQHandler
                0x08001784                DMA1_Stream6_IRQHandler
                0x08001784                DMAMUX1_OVR_IRQHandler
                0x08001784                TIM16_IRQHandler
                0x08001784                UART4_IRQHandler
                0x08001784                BDMA_Channel5_IRQHandler
                0x08001784                RCC_IRQHandler
                0x08001784                TIM8_BRK_TIM12_IRQHandler
                0x08001784                TIM1_TRG_COM_IRQHandler
                0x08001784                Default_Handler
                0x08001784                ECC_IRQHandler
                0x08001784                CEC_IRQHandler
                0x08001784                BDMA_Channel0_IRQHandler
                0x08001784                ADC_IRQHandler
                0x08001784                DMA1_Stream7_IRQHandler
                0x08001784                HRTIM1_TIMA_IRQHandler
                0x08001784                SPI5_IRQHandler
                0x08001784                TIM7_IRQHandler
                0x08001784                SDMMC1_IRQHandler
                0x08001784                TIM5_IRQHandler
                0x08001784                DMA2_Stream7_IRQHandler
                0x08001784                TIM15_IRQHandler
                0x08001784                PVD_AVD_IRQHandler
                0x08001784                I2C3_EV_IRQHandler
                0x08001784                EXTI9_5_IRQHandler
                0x08001784                RTC_WKUP_IRQHandler
                0x08001784                LTDC_IRQHandler
                0x08001784                SAI3_IRQHandler
                0x08001784                ETH_WKUP_IRQHandler
                0x08001784                SPDIF_RX_IRQHandler
                0x08001784                SPI2_IRQHandler
                0x08001784                OTG_HS_EP1_IN_IRQHandler
                0x08001784                DMA1_Stream0_IRQHandler
                0x08001784                CRS_IRQHandler
                0x08001784                CM7_SEV_IRQHandler
                0x08001784                EXTI4_IRQHandler
                0x08001784                CM4_SEV_IRQHandler
                0x08001784                HRTIM1_TIMB_IRQHandler
                0x08001784                FDCAN2_IT1_IRQHandler
                0x08001784                ETH_IRQHandler
                0x08001784                TIM1_UP_IRQHandler
                0x08001784                WWDG_RST_IRQHandler
                0x08001784                BDMA_Channel4_IRQHandler
                0x08001784                OTG_HS_EP1_OUT_IRQHandler
                0x08001784                WWDG_IRQHandler
                0x08001784                SPI6_IRQHandler
                0x08001784                MDIOS_IRQHandler
                0x08001784                I2C4_EV_IRQHandler
                0x08001784                FDCAN2_IT0_IRQHandler
                0x08001784                LPUART1_IRQHandler
                0x08001784                FDCAN1_IT0_IRQHandler
                0x08001784                TIM2_IRQHandler
                0x08001784                OTG_FS_WKUP_IRQHandler
                0x08001784                OTG_HS_IRQHandler
                0x08001784                HSEM2_IRQHandler
                0x08001784                DMA2D_IRQHandler
                0x08001784                TIM1_BRK_IRQHandler
                0x08001784                EXTI1_IRQHandler
                0x08001784                SDMMC2_IRQHandler
                0x08001784                OTG_FS_EP1_OUT_IRQHandler
                0x08001784                BDMA_Channel3_IRQHandler
                0x08001784                HOLD_CORE_IRQHandler
                0x08001784                UART7_IRQHandler
                0x08001784                MDIOS_WKUP_IRQHandler
                0x08001784                USART2_IRQHandler
                0x08001784                DFSDM1_FLT0_IRQHandler
                0x08001784                SAI4_IRQHandler
                0x08001784                I2C2_ER_IRQHandler
                0x08001784                DMA2_Stream1_IRQHandler
                0x08001784                FLASH_IRQHandler
                0x08001784                DMA2_Stream4_IRQHandler
                0x08001784                USART1_IRQHandler
                0x08001784                SPI3_IRQHandler
                0x08001784                WAKEUP_PIN_IRQHandler
                0x08001784                OTG_FS_EP1_IN_IRQHandler
                0x08001784                I2C1_ER_IRQHandler
                0x08001784                FMC_IRQHandler
                0x08001784                FDCAN_CAL_IRQHandler
                0x08001784                SWPMI1_IRQHandler
                0x08001784                COMP1_IRQHandler
                0x08001784                LPTIM1_IRQHandler
                0x08001784                I2C4_ER_IRQHandler
                0x08001784                DMA2_Stream6_IRQHandler
                0x08001784                SAI1_IRQHandler
 *fill*         0x08001786        0x2 
 .text.BSP_LED_Init
                0x08001788       0xec ./Drivers/BSP/STM32H7xx_Nucleo/stm32h7xx_nucleo.o
                0x08001788                BSP_LED_Init
 .text.BSP_PB_Init
                0x08001874       0xe4 ./Drivers/BSP/STM32H7xx_Nucleo/stm32h7xx_nucleo.o
                0x08001874                BSP_PB_Init
 .text.BSP_PB_IRQHandler
                0x08001958       0x24 ./Drivers/BSP/STM32H7xx_Nucleo/stm32h7xx_nucleo.o
                0x08001958                BSP_PB_IRQHandler
 .text.BSP_PB_Callback
                0x0800197c       0x16 ./Drivers/BSP/STM32H7xx_Nucleo/stm32h7xx_nucleo.o
                0x0800197c                BSP_PB_Callback
 *fill*         0x08001992        0x2 
 .text.BSP_COM_Init
                0x08001994       0x60 ./Drivers/BSP/STM32H7xx_Nucleo/stm32h7xx_nucleo.o
                0x08001994                BSP_COM_Init
 .text.MX_USART3_Init
                0x080019f4       0x64 ./Drivers/BSP/STM32H7xx_Nucleo/stm32h7xx_nucleo.o
                0x080019f4                MX_USART3_Init
 .text.BUTTON_USER_EXTI_Callback
                0x08001a58        0xe ./Drivers/BSP/STM32H7xx_Nucleo/stm32h7xx_nucleo.o
 *fill*         0x08001a66        0x2 
 .text.COM1_MspInit
                0x08001a68       0xb0 ./Drivers/BSP/STM32H7xx_Nucleo/stm32h7xx_nucleo.o
 .text.HAL_Init
                0x08001b18       0x78 ./Drivers/STM32H7xx_HAL_Driver/stm32h7xx_hal.o
                0x08001b18                HAL_Init
 .text.HAL_InitTick
                0x08001b90       0x6c ./Drivers/STM32H7xx_HAL_Driver/stm32h7xx_hal.o
                0x08001b90                HAL_InitTick
 .text.HAL_IncTick
                0x08001bfc       0x28 ./Drivers/STM32H7xx_HAL_Driver/stm32h7xx_hal.o
                0x08001bfc                HAL_IncTick
 .text.HAL_GetTick
                0x08001c24       0x18 ./Drivers/STM32H7xx_HAL_Driver/stm32h7xx_hal.o
                0x08001c24                HAL_GetTick
 .text.HAL_Delay
                0x08001c3c       0x48 ./Drivers/STM32H7xx_HAL_Driver/stm32h7xx_hal.o
                0x08001c3c                HAL_Delay
 .text.HAL_GetREVID
                0x08001c84       0x18 ./Drivers/STM32H7xx_HAL_Driver/stm32h7xx_hal.o
                0x08001c84                HAL_GetREVID
 .text.__NVIC_SetPriorityGrouping
                0x08001c9c       0x48 ./Drivers/STM32H7xx_HAL_Driver/stm32h7xx_hal_cortex.o
 .text.__NVIC_GetPriorityGrouping
                0x08001ce4       0x1c ./Drivers/STM32H7xx_HAL_Driver/stm32h7xx_hal_cortex.o
 .text.__NVIC_EnableIRQ
                0x08001d00       0x3c ./Drivers/STM32H7xx_HAL_Driver/stm32h7xx_hal_cortex.o
 .text.__NVIC_SetPriority
                0x08001d3c       0x54 ./Drivers/STM32H7xx_HAL_Driver/stm32h7xx_hal_cortex.o
 .text.NVIC_EncodePriority
                0x08001d90       0x66 ./Drivers/STM32H7xx_HAL_Driver/stm32h7xx_hal_cortex.o
 *fill*         0x08001df6        0x2 
 .text.SysTick_Config
                0x08001df8       0x44 ./Drivers/STM32H7xx_HAL_Driver/stm32h7xx_hal_cortex.o
 .text.HAL_NVIC_SetPriorityGrouping
                0x08001e3c       0x16 ./Drivers/STM32H7xx_HAL_Driver/stm32h7xx_hal_cortex.o
                0x08001e3c                HAL_NVIC_SetPriorityGrouping
 .text.HAL_NVIC_SetPriority
                0x08001e52       0x34 ./Drivers/STM32H7xx_HAL_Driver/stm32h7xx_hal_cortex.o
                0x08001e52                HAL_NVIC_SetPriority
 .text.HAL_NVIC_EnableIRQ
                0x08001e86       0x1c ./Drivers/STM32H7xx_HAL_Driver/stm32h7xx_hal_cortex.o
                0x08001e86                HAL_NVIC_EnableIRQ
 .text.HAL_SYSTICK_Config
                0x08001ea2       0x18 ./Drivers/STM32H7xx_HAL_Driver/stm32h7xx_hal_cortex.o
                0x08001ea2                HAL_SYSTICK_Config
 *fill*         0x08001eba        0x2 
 .text.HAL_GetCurrentCPUID
                0x08001ebc       0x28 ./Drivers/STM32H7xx_HAL_Driver/stm32h7xx_hal_cortex.o
                0x08001ebc                HAL_GetCurrentCPUID
 .text.HAL_DMA_Init
                0x08001ee4      0x6b8 ./Drivers/STM32H7xx_HAL_Driver/stm32h7xx_hal_dma.o
                0x08001ee4                HAL_DMA_Init
 .text.HAL_DMA_Start_IT
                0x0800259c      0x4d4 ./Drivers/STM32H7xx_HAL_Driver/stm32h7xx_hal_dma.o
                0x0800259c                HAL_DMA_Start_IT
 .text.HAL_DMA_IRQHandler
                0x08002a70      0xe54 ./Drivers/STM32H7xx_HAL_Driver/stm32h7xx_hal_dma.o
                0x08002a70                HAL_DMA_IRQHandler
 .text.DMA_SetConfig
                0x080038c4      0x358 ./Drivers/STM32H7xx_HAL_Driver/stm32h7xx_hal_dma.o
 .text.DMA_CalcBaseAndBitshift
                0x08003c1c      0x164 ./Drivers/STM32H7xx_HAL_Driver/stm32h7xx_hal_dma.o
 .text.DMA_CheckFifoParam
                0x08003d80       0xf8 ./Drivers/STM32H7xx_HAL_Driver/stm32h7xx_hal_dma.o
 .text.DMA_CalcDMAMUXChannelBaseAndMask
                0x08003e78      0x134 ./Drivers/STM32H7xx_HAL_Driver/stm32h7xx_hal_dma.o
 .text.DMA_CalcDMAMUXRequestGenBaseAndMask
                0x08003fac       0xe8 ./Drivers/STM32H7xx_HAL_Driver/stm32h7xx_hal_dma.o
 .text.HAL_EXTI_RegisterCallback
                0x08004094       0x3e ./Drivers/STM32H7xx_HAL_Driver/stm32h7xx_hal_exti.o
                0x08004094                HAL_EXTI_RegisterCallback
 .text.HAL_EXTI_GetHandle
                0x080040d2       0x28 ./Drivers/STM32H7xx_HAL_Driver/stm32h7xx_hal_exti.o
                0x080040d2                HAL_EXTI_GetHandle
 *fill*         0x080040fa        0x2 
 .text.HAL_EXTI_IRQHandler
                0x080040fc       0x78 ./Drivers/STM32H7xx_HAL_Driver/stm32h7xx_hal_exti.o
                0x080040fc                HAL_EXTI_IRQHandler
 .text.HAL_GPIO_Init
                0x08004174      0x360 ./Drivers/STM32H7xx_HAL_Driver/stm32h7xx_hal_gpio.o
                0x08004174                HAL_GPIO_Init
 .text.HAL_GPIO_WritePin
                0x080044d4       0x32 ./Drivers/STM32H7xx_HAL_Driver/stm32h7xx_hal_gpio.o
                0x080044d4                HAL_GPIO_WritePin
 .text.HAL_GPIO_TogglePin
                0x08004506       0x34 ./Drivers/STM32H7xx_HAL_Driver/stm32h7xx_hal_gpio.o
                0x08004506                HAL_GPIO_TogglePin
 *fill*         0x0800453a        0x2 
 .text.HAL_HSEM_FastTake
                0x0800453c       0x34 ./Drivers/STM32H7xx_HAL_Driver/stm32h7xx_hal_hsem.o
                0x0800453c                HAL_HSEM_FastTake
 .text.HAL_HSEM_Release
                0x08004570       0x28 ./Drivers/STM32H7xx_HAL_Driver/stm32h7xx_hal_hsem.o
                0x08004570                HAL_HSEM_Release
 .text.HAL_PCD_Init
                0x08004598      0x218 ./Drivers/STM32H7xx_HAL_Driver/stm32h7xx_hal_pcd.o
                0x08004598                HAL_PCD_Init
 .text.HAL_PCD_Start
                0x080047b0       0x6a ./Drivers/STM32H7xx_HAL_Driver/stm32h7xx_hal_pcd.o
                0x080047b0                HAL_PCD_Start
 .text.HAL_PCD_IRQHandler
                0x0800481a      0x99c ./Drivers/STM32H7xx_HAL_Driver/stm32h7xx_hal_pcd.o
                0x0800481a                HAL_PCD_IRQHandler
 .text.HAL_PCD_SetAddress
                0x080051b6       0x48 ./Drivers/STM32H7xx_HAL_Driver/stm32h7xx_hal_pcd.o
                0x080051b6                HAL_PCD_SetAddress
 .text.HAL_PCD_EP_Open
                0x080051fe       0xd0 ./Drivers/STM32H7xx_HAL_Driver/stm32h7xx_hal_pcd.o
                0x080051fe                HAL_PCD_EP_Open
 .text.HAL_PCD_EP_Close
                0x080052ce       0x94 ./Drivers/STM32H7xx_HAL_Driver/stm32h7xx_hal_pcd.o
                0x080052ce                HAL_PCD_EP_Close
 .text.HAL_PCD_EP_Receive
                0x08005362       0x76 ./Drivers/STM32H7xx_HAL_Driver/stm32h7xx_hal_pcd.o
                0x08005362                HAL_PCD_EP_Receive
 .text.HAL_PCD_EP_GetRxCount
                0x080053d8       0x30 ./Drivers/STM32H7xx_HAL_Driver/stm32h7xx_hal_pcd.o
                0x080053d8                HAL_PCD_EP_GetRxCount
 .text.HAL_PCD_EP_Transmit
                0x08005408       0x74 ./Drivers/STM32H7xx_HAL_Driver/stm32h7xx_hal_pcd.o
                0x08005408                HAL_PCD_EP_Transmit
 .text.HAL_PCD_EP_SetStall
                0x0800547c       0xc6 ./Drivers/STM32H7xx_HAL_Driver/stm32h7xx_hal_pcd.o
                0x0800547c                HAL_PCD_EP_SetStall
 .text.HAL_PCD_EP_ClrStall
                0x08005542       0xac ./Drivers/STM32H7xx_HAL_Driver/stm32h7xx_hal_pcd.o
                0x08005542                HAL_PCD_EP_ClrStall
 .text.HAL_PCD_EP_Abort
                0x080055ee       0x62 ./Drivers/STM32H7xx_HAL_Driver/stm32h7xx_hal_pcd.o
                0x080055ee                HAL_PCD_EP_Abort
 .text.PCD_WriteEmptyTxFifo
                0x08005650      0x118 ./Drivers/STM32H7xx_HAL_Driver/stm32h7xx_hal_pcd.o
 .text.PCD_EP_OutXfrComplete_int
                0x08005768      0x1d0 ./Drivers/STM32H7xx_HAL_Driver/stm32h7xx_hal_pcd.o
 .text.PCD_EP_OutSetupPacket_int
                0x08005938       0x8c ./Drivers/STM32H7xx_HAL_Driver/stm32h7xx_hal_pcd.o
 .text.HAL_PCDEx_SetTxFiFo
                0x080059c4       0x8e ./Drivers/STM32H7xx_HAL_Driver/stm32h7xx_hal_pcd_ex.o
                0x080059c4                HAL_PCDEx_SetTxFiFo
 .text.HAL_PCDEx_SetRxFiFo
                0x08005a52       0x22 ./Drivers/STM32H7xx_HAL_Driver/stm32h7xx_hal_pcd_ex.o
                0x08005a52                HAL_PCDEx_SetRxFiFo
 .text.HAL_PCDEx_ActivateLPM
                0x08005a74       0x48 ./Drivers/STM32H7xx_HAL_Driver/stm32h7xx_hal_pcd_ex.o
                0x08005a74                HAL_PCDEx_ActivateLPM
 .text.HAL_PCDEx_LPM_Callback
                0x08005abc       0x18 ./Drivers/STM32H7xx_HAL_Driver/stm32h7xx_hal_pcd_ex.o
                0x08005abc                HAL_PCDEx_LPM_Callback
 .text.HAL_PWREx_ConfigSupply
                0x08005ad4       0xb4 ./Drivers/STM32H7xx_HAL_Driver/stm32h7xx_hal_pwr_ex.o
                0x08005ad4                HAL_PWREx_ConfigSupply
 .text.HAL_PWREx_EnableUSBVoltageDetector
                0x08005b88       0x20 ./Drivers/STM32H7xx_HAL_Driver/stm32h7xx_hal_pwr_ex.o
                0x08005b88                HAL_PWREx_EnableUSBVoltageDetector
 .text.HAL_RCC_OscConfig
                0x08005ba8      0x8b4 ./Drivers/STM32H7xx_HAL_Driver/stm32h7xx_hal_rcc.o
                0x08005ba8                HAL_RCC_OscConfig
 .text.HAL_RCC_ClockConfig
                0x0800645c      0x36c ./Drivers/STM32H7xx_HAL_Driver/stm32h7xx_hal_rcc.o
                0x0800645c                HAL_RCC_ClockConfig
 .text.HAL_RCC_GetSysClockFreq
                0x080067c8      0x2f4 ./Drivers/STM32H7xx_HAL_Driver/stm32h7xx_hal_rcc.o
                0x080067c8                HAL_RCC_GetSysClockFreq
 .text.HAL_RCC_GetHCLKFreq
                0x08006abc       0x60 ./Drivers/STM32H7xx_HAL_Driver/stm32h7xx_hal_rcc.o
                0x08006abc                HAL_RCC_GetHCLKFreq
 .text.HAL_RCC_GetPCLK1Freq
                0x08006b1c       0x2c ./Drivers/STM32H7xx_HAL_Driver/stm32h7xx_hal_rcc.o
                0x08006b1c                HAL_RCC_GetPCLK1Freq
 .text.HAL_RCC_GetPCLK2Freq
                0x08006b48       0x2c ./Drivers/STM32H7xx_HAL_Driver/stm32h7xx_hal_rcc.o
                0x08006b48                HAL_RCC_GetPCLK2Freq
 .text.HAL_RCCEx_PeriphCLKConfig
                0x08006b74     0x1414 ./Drivers/STM32H7xx_HAL_Driver/stm32h7xx_hal_rcc_ex.o
                0x08006b74                HAL_RCCEx_PeriphCLKConfig
 .text.HAL_RCCEx_GetD3PCLK1Freq
                0x08007f88       0x2c ./Drivers/STM32H7xx_HAL_Driver/stm32h7xx_hal_rcc_ex.o
                0x08007f88                HAL_RCCEx_GetD3PCLK1Freq
 .text.HAL_RCCEx_GetPLL2ClockFreq
                0x08007fb4      0x2a8 ./Drivers/STM32H7xx_HAL_Driver/stm32h7xx_hal_rcc_ex.o
                0x08007fb4                HAL_RCCEx_GetPLL2ClockFreq
 .text.HAL_RCCEx_GetPLL3ClockFreq
                0x0800825c      0x2a8 ./Drivers/STM32H7xx_HAL_Driver/stm32h7xx_hal_rcc_ex.o
                0x0800825c                HAL_RCCEx_GetPLL3ClockFreq
 .text.RCCEx_PLL2_Config
                0x08008504      0x164 ./Drivers/STM32H7xx_HAL_Driver/stm32h7xx_hal_rcc_ex.o
 .text.RCCEx_PLL3_Config
                0x08008668      0x164 ./Drivers/STM32H7xx_HAL_Driver/stm32h7xx_hal_rcc_ex.o
 .text.HAL_TIM_Base_Init
                0x080087cc       0xae ./Drivers/STM32H7xx_HAL_Driver/stm32h7xx_hal_tim.o
                0x080087cc                HAL_TIM_Base_Init
 *fill*         0x0800887a        0x2 
 .text.HAL_TIM_Base_Start_IT
                0x0800887c       0xf0 ./Drivers/STM32H7xx_HAL_Driver/stm32h7xx_hal_tim.o
                0x0800887c                HAL_TIM_Base_Start_IT
 .text.HAL_TIM_PWM_Init
                0x0800896c       0xae ./Drivers/STM32H7xx_HAL_Driver/stm32h7xx_hal_tim.o
                0x0800896c                HAL_TIM_PWM_Init
 *fill*         0x08008a1a        0x2 
 .text.HAL_TIM_PWM_Start
                0x08008a1c      0x21c ./Drivers/STM32H7xx_HAL_Driver/stm32h7xx_hal_tim.o
                0x08008a1c                HAL_TIM_PWM_Start
 .text.HAL_TIM_Encoder_Init
                0x08008c38      0x14c ./Drivers/STM32H7xx_HAL_Driver/stm32h7xx_hal_tim.o
                0x08008c38                HAL_TIM_Encoder_Init
 .text.HAL_TIM_Encoder_Start_IT
                0x08008d84      0x15c ./Drivers/STM32H7xx_HAL_Driver/stm32h7xx_hal_tim.o
                0x08008d84                HAL_TIM_Encoder_Start_IT
 .text.HAL_TIM_IRQHandler
                0x08008ee0      0x20e ./Drivers/STM32H7xx_HAL_Driver/stm32h7xx_hal_tim.o
                0x08008ee0                HAL_TIM_IRQHandler
 *fill*         0x080090ee        0x2 
 .text.HAL_TIM_PWM_ConfigChannel
                0x080090f0      0x228 ./Drivers/STM32H7xx_HAL_Driver/stm32h7xx_hal_tim.o
                0x080090f0                HAL_TIM_PWM_ConfigChannel
 .text.HAL_TIM_ConfigClockSource
                0x08009318      0x1f0 ./Drivers/STM32H7xx_HAL_Driver/stm32h7xx_hal_tim.o
                0x08009318                HAL_TIM_ConfigClockSource
 .text.HAL_TIM_PeriodElapsedCallback
                0x08009508       0x14 ./Drivers/STM32H7xx_HAL_Driver/stm32h7xx_hal_tim.o
                0x08009508                HAL_TIM_PeriodElapsedCallback
 .text.HAL_TIM_OC_DelayElapsedCallback
                0x0800951c       0x14 ./Drivers/STM32H7xx_HAL_Driver/stm32h7xx_hal_tim.o
                0x0800951c                HAL_TIM_OC_DelayElapsedCallback
 .text.HAL_TIM_PWM_PulseFinishedCallback
                0x08009530       0x14 ./Drivers/STM32H7xx_HAL_Driver/stm32h7xx_hal_tim.o
                0x08009530                HAL_TIM_PWM_PulseFinishedCallback
 .text.HAL_TIM_TriggerCallback
                0x08009544       0x14 ./Drivers/STM32H7xx_HAL_Driver/stm32h7xx_hal_tim.o
                0x08009544                HAL_TIM_TriggerCallback
 .text.TIM_Base_SetConfig
                0x08009558      0x14c ./Drivers/STM32H7xx_HAL_Driver/stm32h7xx_hal_tim.o
                0x08009558                TIM_Base_SetConfig
 .text.TIM_OC1_SetConfig
                0x080096a4      0x120 ./Drivers/STM32H7xx_HAL_Driver/stm32h7xx_hal_tim.o
 .text.TIM_OC2_SetConfig
                0x080097c4      0x114 ./Drivers/STM32H7xx_HAL_Driver/stm32h7xx_hal_tim.o
                0x080097c4                TIM_OC2_SetConfig
 .text.TIM_OC3_SetConfig
                0x080098d8      0x110 ./Drivers/STM32H7xx_HAL_Driver/stm32h7xx_hal_tim.o
 .text.TIM_OC4_SetConfig
                0x080099e8       0xd4 ./Drivers/STM32H7xx_HAL_Driver/stm32h7xx_hal_tim.o
 .text.TIM_OC5_SetConfig
                0x08009abc       0xc8 ./Drivers/STM32H7xx_HAL_Driver/stm32h7xx_hal_tim.o
 .text.TIM_OC6_SetConfig
                0x08009b84       0xcc ./Drivers/STM32H7xx_HAL_Driver/stm32h7xx_hal_tim.o
 .text.TIM_TI1_ConfigInputStage
                0x08009c50       0x5e ./Drivers/STM32H7xx_HAL_Driver/stm32h7xx_hal_tim.o
 .text.TIM_TI2_ConfigInputStage
                0x08009cae       0x60 ./Drivers/STM32H7xx_HAL_Driver/stm32h7xx_hal_tim.o
 *fill*         0x08009d0e        0x2 
 .text.TIM_ITRx_SetConfig
                0x08009d10       0x3c ./Drivers/STM32H7xx_HAL_Driver/stm32h7xx_hal_tim.o
 .text.TIM_ETR_SetConfig
                0x08009d4c       0x40 ./Drivers/STM32H7xx_HAL_Driver/stm32h7xx_hal_tim.o
                0x08009d4c                TIM_ETR_SetConfig
 .text.TIM_CCxChannelCmd
                0x08009d8c       0x4a ./Drivers/STM32H7xx_HAL_Driver/stm32h7xx_hal_tim.o
                0x08009d8c                TIM_CCxChannelCmd
 *fill*         0x08009dd6        0x2 
 .text.HAL_TIMEx_MasterConfigSynchronization
                0x08009dd8      0x11c ./Drivers/STM32H7xx_HAL_Driver/stm32h7xx_hal_tim_ex.o
                0x08009dd8                HAL_TIMEx_MasterConfigSynchronization
 .text.HAL_TIMEx_CommutCallback
                0x08009ef4       0x14 ./Drivers/STM32H7xx_HAL_Driver/stm32h7xx_hal_tim_ex.o
                0x08009ef4                HAL_TIMEx_CommutCallback
 .text.HAL_TIMEx_BreakCallback
                0x08009f08       0x14 ./Drivers/STM32H7xx_HAL_Driver/stm32h7xx_hal_tim_ex.o
                0x08009f08                HAL_TIMEx_BreakCallback
 .text.HAL_TIMEx_Break2Callback
                0x08009f1c       0x14 ./Drivers/STM32H7xx_HAL_Driver/stm32h7xx_hal_tim_ex.o
                0x08009f1c                HAL_TIMEx_Break2Callback
 .text.HAL_UART_Init
                0x08009f30       0xa0 ./Drivers/STM32H7xx_HAL_Driver/stm32h7xx_hal_uart.o
                0x08009f30                HAL_UART_Init
 .text.HAL_UART_MspInit
                0x08009fd0       0x14 ./Drivers/STM32H7xx_HAL_Driver/stm32h7xx_hal_uart.o
                0x08009fd0                HAL_UART_MspInit
 .text.UART_SetConfig
                0x08009fe4      0xad0 ./Drivers/STM32H7xx_HAL_Driver/stm32h7xx_hal_uart.o
                0x08009fe4                UART_SetConfig
 .text.UART_AdvFeatureConfig
                0x0800aab4      0x144 ./Drivers/STM32H7xx_HAL_Driver/stm32h7xx_hal_uart.o
                0x0800aab4                UART_AdvFeatureConfig
 .text.UART_CheckIdleState
                0x0800abf8      0x154 ./Drivers/STM32H7xx_HAL_Driver/stm32h7xx_hal_uart.o
                0x0800abf8                UART_CheckIdleState
 .text.UART_WaitOnFlagUntilTimeout
                0x0800ad4c       0xda ./Drivers/STM32H7xx_HAL_Driver/stm32h7xx_hal_uart.o
                0x0800ad4c                UART_WaitOnFlagUntilTimeout
 *fill*         0x0800ae26        0x2 
 .text.UART_EndRxTransfer
                0x0800ae28       0xcc ./Drivers/STM32H7xx_HAL_Driver/stm32h7xx_hal_uart.o
 .text.USB_CoreInit
                0x0800aef4       0xe4 ./Drivers/STM32H7xx_HAL_Driver/stm32h7xx_ll_usb.o
                0x0800aef4                USB_CoreInit
 .text.USB_SetTurnaroundTime
                0x0800afd8      0x144 ./Drivers/STM32H7xx_HAL_Driver/stm32h7xx_ll_usb.o
                0x0800afd8                USB_SetTurnaroundTime
 .text.USB_EnableGlobalInt
                0x0800b11c       0x22 ./Drivers/STM32H7xx_HAL_Driver/stm32h7xx_ll_usb.o
                0x0800b11c                USB_EnableGlobalInt
 .text.USB_DisableGlobalInt
                0x0800b13e       0x22 ./Drivers/STM32H7xx_HAL_Driver/stm32h7xx_ll_usb.o
                0x0800b13e                USB_DisableGlobalInt
 .text.USB_SetCurrentMode
                0x0800b160       0x98 ./Drivers/STM32H7xx_HAL_Driver/stm32h7xx_ll_usb.o
                0x0800b160                USB_SetCurrentMode
 .text.USB_DevInit
                0x0800b1f8      0x2bc ./Drivers/STM32H7xx_HAL_Driver/stm32h7xx_ll_usb.o
                0x0800b1f8                USB_DevInit
 .text.USB_FlushTxFifo
                0x0800b4b4       0x64 ./Drivers/STM32H7xx_HAL_Driver/stm32h7xx_ll_usb.o
                0x0800b4b4                USB_FlushTxFifo
 .text.USB_FlushRxFifo
                0x0800b518       0x5c ./Drivers/STM32H7xx_HAL_Driver/stm32h7xx_ll_usb.o
                0x0800b518                USB_FlushRxFifo
 .text.USB_SetDevSpeed
                0x0800b574       0x32 ./Drivers/STM32H7xx_HAL_Driver/stm32h7xx_ll_usb.o
                0x0800b574                USB_SetDevSpeed
 .text.USB_GetDevSpeed
                0x0800b5a6       0x4a ./Drivers/STM32H7xx_HAL_Driver/stm32h7xx_ll_usb.o
                0x0800b5a6                USB_GetDevSpeed
 .text.USB_ActivateEndpoint
                0x0800b5f0      0x110 ./Drivers/STM32H7xx_HAL_Driver/stm32h7xx_ll_usb.o
                0x0800b5f0                USB_ActivateEndpoint
 .text.USB_DeactivateEndpoint
                0x0800b700      0x1b8 ./Drivers/STM32H7xx_HAL_Driver/stm32h7xx_ll_usb.o
                0x0800b700                USB_DeactivateEndpoint
 .text.USB_EPStartXfer
                0x0800b8b8      0x540 ./Drivers/STM32H7xx_HAL_Driver/stm32h7xx_ll_usb.o
                0x0800b8b8                USB_EPStartXfer
 .text.USB_EPStopXfer
                0x0800bdf8      0x154 ./Drivers/STM32H7xx_HAL_Driver/stm32h7xx_ll_usb.o
                0x0800bdf8                USB_EPStopXfer
 .text.USB_WritePacket
                0x0800bf4c       0x7c ./Drivers/STM32H7xx_HAL_Driver/stm32h7xx_ll_usb.o
                0x0800bf4c                USB_WritePacket
 .text.USB_ReadPacket
                0x0800bfc8       0xb0 ./Drivers/STM32H7xx_HAL_Driver/stm32h7xx_ll_usb.o
                0x0800bfc8                USB_ReadPacket
 .text.USB_EPSetStall
                0x0800c078       0xdc ./Drivers/STM32H7xx_HAL_Driver/stm32h7xx_ll_usb.o
                0x0800c078                USB_EPSetStall
 .text.USB_EPClearStall
                0x0800c154       0xcc ./Drivers/STM32H7xx_HAL_Driver/stm32h7xx_ll_usb.o
                0x0800c154                USB_EPClearStall
 .text.USB_SetDevAddress
                0x0800c220       0x4c ./Drivers/STM32H7xx_HAL_Driver/stm32h7xx_ll_usb.o
                0x0800c220                USB_SetDevAddress
 .text.USB_DevConnect
                0x0800c26c       0x42 ./Drivers/STM32H7xx_HAL_Driver/stm32h7xx_ll_usb.o
                0x0800c26c                USB_DevConnect
 .text.USB_DevDisconnect
                0x0800c2ae       0x42 ./Drivers/STM32H7xx_HAL_Driver/stm32h7xx_ll_usb.o
                0x0800c2ae                USB_DevDisconnect
 .text.USB_ReadInterrupts
                0x0800c2f0       0x26 ./Drivers/STM32H7xx_HAL_Driver/stm32h7xx_ll_usb.o
                0x0800c2f0                USB_ReadInterrupts
 .text.USB_ReadDevAllOutEpInterrupt
                0x0800c316       0x34 ./Drivers/STM32H7xx_HAL_Driver/stm32h7xx_ll_usb.o
                0x0800c316                USB_ReadDevAllOutEpInterrupt
 .text.USB_ReadDevAllInEpInterrupt
                0x0800c34a       0x34 ./Drivers/STM32H7xx_HAL_Driver/stm32h7xx_ll_usb.o
                0x0800c34a                USB_ReadDevAllInEpInterrupt
 .text.USB_ReadDevOutEPInterrupt
                0x0800c37e       0x3c ./Drivers/STM32H7xx_HAL_Driver/stm32h7xx_ll_usb.o
                0x0800c37e                USB_ReadDevOutEPInterrupt
 .text.USB_ReadDevInEPInterrupt
                0x0800c3ba       0x5c ./Drivers/STM32H7xx_HAL_Driver/stm32h7xx_ll_usb.o
                0x0800c3ba                USB_ReadDevInEPInterrupt
 .text.USB_GetMode
                0x0800c416       0x1c ./Drivers/STM32H7xx_HAL_Driver/stm32h7xx_ll_usb.o
                0x0800c416                USB_GetMode
 *fill*         0x0800c432        0x2 
 .text.USB_ActivateSetup
                0x0800c434       0x48 ./Drivers/STM32H7xx_HAL_Driver/stm32h7xx_ll_usb.o
                0x0800c434                USB_ActivateSetup
 .text.USB_EP0_OutStart
                0x0800c47c       0xbc ./Drivers/STM32H7xx_HAL_Driver/stm32h7xx_ll_usb.o
                0x0800c47c                USB_EP0_OutStart
 .text.USB_CoreReset
                0x0800c538       0x62 ./Drivers/STM32H7xx_HAL_Driver/stm32h7xx_ll_usb.o
 *fill*         0x0800c59a        0x2 
 .text.USBD_CDC_Init
                0x0800c59c      0x1f0 ./Middlewares/ST/STM32_USB_Device_Library/usbd_cdc.o
 .text.USBD_CDC_DeInit
                0x0800c78c      0x104 ./Middlewares/ST/STM32_USB_Device_Library/usbd_cdc.o
 .text.USBD_CDC_Setup
                0x0800c890      0x1b8 ./Middlewares/ST/STM32_USB_Device_Library/usbd_cdc.o
 .text.USBD_CDC_DataIn
                0x0800ca48       0xfe ./Middlewares/ST/STM32_USB_Device_Library/usbd_cdc.o
 .text.USBD_CDC_DataOut
                0x0800cb46       0x70 ./Middlewares/ST/STM32_USB_Device_Library/usbd_cdc.o
 .text.USBD_CDC_EP0_RxReady
                0x0800cbb6       0x74 ./Middlewares/ST/STM32_USB_Device_Library/usbd_cdc.o
 *fill*         0x0800cc2a        0x2 
 .text.USBD_CDC_GetFSCfgDesc
                0x0800cc2c       0x70 ./Middlewares/ST/STM32_USB_Device_Library/usbd_cdc.o
 .text.USBD_CDC_GetHSCfgDesc
                0x0800cc9c       0x70 ./Middlewares/ST/STM32_USB_Device_Library/usbd_cdc.o
 .text.USBD_CDC_GetOtherSpeedCfgDesc
                0x0800cd0c       0x70 ./Middlewares/ST/STM32_USB_Device_Library/usbd_cdc.o
 .text.USBD_CDC_GetDeviceQualifierDescriptor
                0x0800cd7c       0x20 ./Middlewares/ST/STM32_USB_Device_Library/usbd_cdc.o
                0x0800cd7c                USBD_CDC_GetDeviceQualifierDescriptor
 .text.USBD_CDC_RegisterInterface
                0x0800cd9c       0x34 ./Middlewares/ST/STM32_USB_Device_Library/usbd_cdc.o
                0x0800cd9c                USBD_CDC_RegisterInterface
 .text.USBD_CDC_SetTxBuffer
                0x0800cdd0       0x44 ./Middlewares/ST/STM32_USB_Device_Library/usbd_cdc.o
                0x0800cdd0                USBD_CDC_SetTxBuffer
 .text.USBD_CDC_SetRxBuffer
                0x0800ce14       0x3a ./Middlewares/ST/STM32_USB_Device_Library/usbd_cdc.o
                0x0800ce14                USBD_CDC_SetRxBuffer
 *fill*         0x0800ce4e        0x2 
 .text.USBD_CDC_TransmitPacket
                0x0800ce50       0x80 ./Middlewares/ST/STM32_USB_Device_Library/usbd_cdc.o
                0x0800ce50                USBD_CDC_TransmitPacket
 .text.USBD_CDC_ReceivePacket
                0x0800ced0       0x6c ./Middlewares/ST/STM32_USB_Device_Library/usbd_cdc.o
                0x0800ced0                USBD_CDC_ReceivePacket
 .text.USBD_Init
                0x0800cf3c       0x60 ./Middlewares/ST/STM32_USB_Device_Library/usbd_core.o
                0x0800cf3c                USBD_Init
 .text.USBD_RegisterClass
                0x0800cf9c       0x6c ./Middlewares/ST/STM32_USB_Device_Library/usbd_core.o
                0x0800cf9c                USBD_RegisterClass
 .text.USBD_Start
                0x0800d008       0x18 ./Middlewares/ST/STM32_USB_Device_Library/usbd_core.o
                0x0800d008                USBD_Start
 .text.USBD_RunTestMode
                0x0800d020       0x16 ./Middlewares/ST/STM32_USB_Device_Library/usbd_core.o
                0x0800d020                USBD_RunTestMode
 .text.USBD_SetClassConfig
                0x0800d036       0x38 ./Middlewares/ST/STM32_USB_Device_Library/usbd_core.o
                0x0800d036                USBD_SetClassConfig
 .text.USBD_ClrClassConfig
                0x0800d06e       0x34 ./Middlewares/ST/STM32_USB_Device_Library/usbd_core.o
                0x0800d06e                USBD_ClrClassConfig
 .text.USBD_LL_SetupStage
                0x0800d0a2       0xaa ./Middlewares/ST/STM32_USB_Device_Library/usbd_core.o
                0x0800d0a2                USBD_LL_SetupStage
 .text.USBD_LL_DataOutStage
                0x0800d14c      0x166 ./Middlewares/ST/STM32_USB_Device_Library/usbd_core.o
                0x0800d14c                USBD_LL_DataOutStage
 .text.USBD_LL_DataInStage
                0x0800d2b2      0x164 ./Middlewares/ST/STM32_USB_Device_Library/usbd_core.o
                0x0800d2b2                USBD_LL_DataInStage
 .text.USBD_LL_Reset
                0x0800d416       0xa4 ./Middlewares/ST/STM32_USB_Device_Library/usbd_core.o
                0x0800d416                USBD_LL_Reset
 .text.USBD_LL_SetSpeed
                0x0800d4ba       0x20 ./Middlewares/ST/STM32_USB_Device_Library/usbd_core.o
                0x0800d4ba                USBD_LL_SetSpeed
 .text.USBD_LL_Suspend
                0x0800d4da       0x38 ./Middlewares/ST/STM32_USB_Device_Library/usbd_core.o
                0x0800d4da                USBD_LL_Suspend
 .text.USBD_LL_Resume
                0x0800d512       0x30 ./Middlewares/ST/STM32_USB_Device_Library/usbd_core.o
                0x0800d512                USBD_LL_Resume
 .text.USBD_LL_SOF
                0x0800d542       0x40 ./Middlewares/ST/STM32_USB_Device_Library/usbd_core.o
                0x0800d542                USBD_LL_SOF
 .text.USBD_LL_IsoINIncomplete
                0x0800d582       0x64 ./Middlewares/ST/STM32_USB_Device_Library/usbd_core.o
                0x0800d582                USBD_LL_IsoINIncomplete
 .text.USBD_LL_IsoOUTIncomplete
                0x0800d5e6       0x64 ./Middlewares/ST/STM32_USB_Device_Library/usbd_core.o
                0x0800d5e6                USBD_LL_IsoOUTIncomplete
 .text.USBD_LL_DevConnected
                0x0800d64a       0x16 ./Middlewares/ST/STM32_USB_Device_Library/usbd_core.o
                0x0800d64a                USBD_LL_DevConnected
 .text.USBD_LL_DevDisconnected
                0x0800d660       0x46 ./Middlewares/ST/STM32_USB_Device_Library/usbd_core.o
                0x0800d660                USBD_LL_DevDisconnected
 .text.USBD_CoreFindIF
                0x0800d6a6       0x1a ./Middlewares/ST/STM32_USB_Device_Library/usbd_core.o
                0x0800d6a6                USBD_CoreFindIF
 .text.USBD_CoreFindEP
                0x0800d6c0       0x1a ./Middlewares/ST/STM32_USB_Device_Library/usbd_core.o
                0x0800d6c0                USBD_CoreFindEP
 .text.USBD_GetEpDesc
                0x0800d6da       0x70 ./Middlewares/ST/STM32_USB_Device_Library/usbd_core.o
                0x0800d6da                USBD_GetEpDesc
 .text.USBD_GetNextDesc
                0x0800d74a       0x38 ./Middlewares/ST/STM32_USB_Device_Library/usbd_core.o
                0x0800d74a                USBD_GetNextDesc
 .text.SWAPBYTE
                0x0800d782       0x3c ./Middlewares/ST/STM32_USB_Device_Library/usbd_ctlreq.o
 *fill*         0x0800d7be        0x2 
 .text.USBD_StdDevReq
                0x0800d7c0       0xe4 ./Middlewares/ST/STM32_USB_Device_Library/usbd_ctlreq.o
                0x0800d7c0                USBD_StdDevReq
 .text.USBD_StdItfReq
                0x0800d8a4       0xd8 ./Middlewares/ST/STM32_USB_Device_Library/usbd_ctlreq.o
                0x0800d8a4                USBD_StdItfReq
 .text.USBD_StdEPReq
                0x0800d97c      0x33a ./Middlewares/ST/STM32_USB_Device_Library/usbd_ctlreq.o
                0x0800d97c                USBD_StdEPReq
 *fill*         0x0800dcb6        0x2 
 .text.USBD_GetDescriptor
                0x0800dcb8      0x328 ./Middlewares/ST/STM32_USB_Device_Library/usbd_ctlreq.o
 .text.USBD_SetAddress
                0x0800dfe0       0x88 ./Middlewares/ST/STM32_USB_Device_Library/usbd_ctlreq.o
 .text.USBD_SetConfig
                0x0800e068      0x154 ./Middlewares/ST/STM32_USB_Device_Library/usbd_ctlreq.o
 .text.USBD_GetConfig
                0x0800e1bc       0x6c ./Middlewares/ST/STM32_USB_Device_Library/usbd_ctlreq.o
 .text.USBD_GetStatus
                0x0800e228       0x68 ./Middlewares/ST/STM32_USB_Device_Library/usbd_ctlreq.o
 .text.USBD_SetFeature
                0x0800e290       0x52 ./Middlewares/ST/STM32_USB_Device_Library/usbd_ctlreq.o
 .text.USBD_ClrFeature
                0x0800e2e2       0x44 ./Middlewares/ST/STM32_USB_Device_Library/usbd_ctlreq.o
 .text.USBD_ParseSetupRequest
                0x0800e326       0x74 ./Middlewares/ST/STM32_USB_Device_Library/usbd_ctlreq.o
                0x0800e326                USBD_ParseSetupRequest
 .text.USBD_CtlError
                0x0800e39a       0x22 ./Middlewares/ST/STM32_USB_Device_Library/usbd_ctlreq.o
                0x0800e39a                USBD_CtlError
 .text.USBD_GetString
                0x0800e3bc       0xa4 ./Middlewares/ST/STM32_USB_Device_Library/usbd_ctlreq.o
                0x0800e3bc                USBD_GetString
 .text.USBD_GetLen
                0x0800e460       0x34 ./Middlewares/ST/STM32_USB_Device_Library/usbd_ctlreq.o
 .text.USBD_CtlSendData
                0x0800e494       0x36 ./Middlewares/ST/STM32_USB_Device_Library/usbd_ioreq.o
                0x0800e494                USBD_CtlSendData
 .text.USBD_CtlContinueSendData
                0x0800e4ca       0x22 ./Middlewares/ST/STM32_USB_Device_Library/usbd_ioreq.o
                0x0800e4ca                USBD_CtlContinueSendData
 .text.USBD_CtlPrepareRx
                0x0800e4ec       0x3a ./Middlewares/ST/STM32_USB_Device_Library/usbd_ioreq.o
                0x0800e4ec                USBD_CtlPrepareRx
 .text.USBD_CtlContinueRx
                0x0800e526       0x22 ./Middlewares/ST/STM32_USB_Device_Library/usbd_ioreq.o
                0x0800e526                USBD_CtlContinueRx
 .text.USBD_CtlSendStatus
                0x0800e548       0x26 ./Middlewares/ST/STM32_USB_Device_Library/usbd_ioreq.o
                0x0800e548                USBD_CtlSendStatus
 .text.USBD_CtlReceiveStatus
                0x0800e56e       0x26 ./Middlewares/ST/STM32_USB_Device_Library/usbd_ioreq.o
                0x0800e56e                USBD_CtlReceiveStatus
 .text.MX_USB_DEVICE_Init
                0x0800e594       0x64 ./USB_DEVICE/App/usb_device.o
                0x0800e594                MX_USB_DEVICE_Init
 .text.CDC_Init_FS
                0x0800e5f8       0x28 ./USB_DEVICE/App/usbd_cdc_if.o
 .text.CDC_DeInit_FS
                0x0800e620       0x10 ./USB_DEVICE/App/usbd_cdc_if.o
 .text.CDC_Control_FS
                0x0800e630       0xbc ./USB_DEVICE/App/usbd_cdc_if.o
 .text.CDC_Receive_FS
                0x0800e6ec       0x28 ./USB_DEVICE/App/usbd_cdc_if.o
 .text.CDC_Transmit_FS
                0x0800e714       0x4c ./USB_DEVICE/App/usbd_cdc_if.o
                0x0800e714                CDC_Transmit_FS
 .text.CDC_TransmitCplt_FS
                0x0800e760       0x22 ./USB_DEVICE/App/usbd_cdc_if.o
 *fill*         0x0800e782        0x2 
 .text.USBD_FS_DeviceDescriptor
                0x0800e784       0x24 ./USB_DEVICE/App/usbd_desc.o
                0x0800e784                USBD_FS_DeviceDescriptor
 .text.USBD_FS_LangIDStrDescriptor
                0x0800e7a8       0x24 ./USB_DEVICE/App/usbd_desc.o
                0x0800e7a8                USBD_FS_LangIDStrDescriptor
 .text.USBD_FS_ProductStrDescriptor
                0x0800e7cc       0x3c ./USB_DEVICE/App/usbd_desc.o
                0x0800e7cc                USBD_FS_ProductStrDescriptor
 .text.USBD_FS_ManufacturerStrDescriptor
                0x0800e808       0x28 ./USB_DEVICE/App/usbd_desc.o
                0x0800e808                USBD_FS_ManufacturerStrDescriptor
 .text.USBD_FS_SerialStrDescriptor
                0x0800e830       0x24 ./USB_DEVICE/App/usbd_desc.o
                0x0800e830                USBD_FS_SerialStrDescriptor
 .text.USBD_FS_ConfigStrDescriptor
                0x0800e854       0x3c ./USB_DEVICE/App/usbd_desc.o
                0x0800e854                USBD_FS_ConfigStrDescriptor
 .text.USBD_FS_InterfaceStrDescriptor
                0x0800e890       0x3c ./USB_DEVICE/App/usbd_desc.o
                0x0800e890                USBD_FS_InterfaceStrDescriptor
 .text.Get_SerialNum
                0x0800e8cc       0x58 ./USB_DEVICE/App/usbd_desc.o
 .text.IntToUnicode
                0x0800e924       0x7e ./USB_DEVICE/App/usbd_desc.o
 *fill*         0x0800e9a2        0x2 
 .text.HAL_PCD_MspInit
                0x0800e9a4      0x108 ./USB_DEVICE/Target/usbd_conf.o
                0x0800e9a4                HAL_PCD_MspInit
 .text.HAL_PCD_SetupStageCallback
                0x0800eaac       0x24 ./USB_DEVICE/Target/usbd_conf.o
                0x0800eaac                HAL_PCD_SetupStageCallback
 .text.HAL_PCD_DataOutStageCallback
                0x0800ead0       0x36 ./USB_DEVICE/Target/usbd_conf.o
                0x0800ead0                HAL_PCD_DataOutStageCallback
 .text.HAL_PCD_DataInStageCallback
                0x0800eb06       0x34 ./USB_DEVICE/Target/usbd_conf.o
                0x0800eb06                HAL_PCD_DataInStageCallback
 .text.HAL_PCD_SOFCallback
                0x0800eb3a       0x1c ./USB_DEVICE/Target/usbd_conf.o
                0x0800eb3a                HAL_PCD_SOFCallback
 .text.HAL_PCD_ResetCallback
                0x0800eb56       0x50 ./USB_DEVICE/Target/usbd_conf.o
                0x0800eb56                HAL_PCD_ResetCallback
 *fill*         0x0800eba6        0x2 
 .text.HAL_PCD_SuspendCallback
                0x0800eba8       0x4c ./USB_DEVICE/Target/usbd_conf.o
                0x0800eba8                HAL_PCD_SuspendCallback
 .text.HAL_PCD_ResumeCallback
                0x0800ebf4       0x1c ./USB_DEVICE/Target/usbd_conf.o
                0x0800ebf4                HAL_PCD_ResumeCallback
 .text.HAL_PCD_ISOOUTIncompleteCallback
                0x0800ec10       0x24 ./USB_DEVICE/Target/usbd_conf.o
                0x0800ec10                HAL_PCD_ISOOUTIncompleteCallback
 .text.HAL_PCD_ISOINIncompleteCallback
                0x0800ec34       0x24 ./USB_DEVICE/Target/usbd_conf.o
                0x0800ec34                HAL_PCD_ISOINIncompleteCallback
 .text.HAL_PCD_ConnectCallback
                0x0800ec58       0x1c ./USB_DEVICE/Target/usbd_conf.o
                0x0800ec58                HAL_PCD_ConnectCallback
 .text.HAL_PCD_DisconnectCallback
                0x0800ec74       0x1c ./USB_DEVICE/Target/usbd_conf.o
                0x0800ec74                HAL_PCD_DisconnectCallback
 .text.USBD_LL_Init
                0x0800ec90       0xa0 ./USB_DEVICE/Target/usbd_conf.o
                0x0800ec90                USBD_LL_Init
 .text.USBD_LL_Start
                0x0800ed30       0x36 ./USB_DEVICE/Target/usbd_conf.o
                0x0800ed30                USBD_LL_Start
 .text.USBD_LL_OpenEP
                0x0800ed66       0x4c ./USB_DEVICE/Target/usbd_conf.o
                0x0800ed66                USBD_LL_OpenEP
 .text.USBD_LL_CloseEP
                0x0800edb2       0x3e ./USB_DEVICE/Target/usbd_conf.o
                0x0800edb2                USBD_LL_CloseEP
 .text.USBD_LL_StallEP
                0x0800edf0       0x3e ./USB_DEVICE/Target/usbd_conf.o
                0x0800edf0                USBD_LL_StallEP
 .text.USBD_LL_ClearStallEP
                0x0800ee2e       0x3e ./USB_DEVICE/Target/usbd_conf.o
                0x0800ee2e                USBD_LL_ClearStallEP
 .text.USBD_LL_IsStallEP
                0x0800ee6c       0x58 ./USB_DEVICE/Target/usbd_conf.o
                0x0800ee6c                USBD_LL_IsStallEP
 .text.USBD_LL_SetUSBAddress
                0x0800eec4       0x3e ./USB_DEVICE/Target/usbd_conf.o
                0x0800eec4                USBD_LL_SetUSBAddress
 .text.USBD_LL_Transmit
                0x0800ef02       0x42 ./USB_DEVICE/Target/usbd_conf.o
                0x0800ef02                USBD_LL_Transmit
 .text.USBD_LL_PrepareReceive
                0x0800ef44       0x42 ./USB_DEVICE/Target/usbd_conf.o
                0x0800ef44                USBD_LL_PrepareReceive
 .text.USBD_LL_GetRxDataSize
                0x0800ef86       0x26 ./USB_DEVICE/Target/usbd_conf.o
                0x0800ef86                USBD_LL_GetRxDataSize
 .text.USBD_static_malloc
                0x0800efac       0x1c ./USB_DEVICE/Target/usbd_conf.o
                0x0800efac                USBD_static_malloc
 .text.USBD_static_free
                0x0800efc8       0x14 ./USB_DEVICE/Target/usbd_conf.o
                0x0800efc8                USBD_static_free
 .text.USBD_Get_USB_Status
                0x0800efdc       0x58 ./USB_DEVICE/Target/usbd_conf.o
                0x0800efdc                USBD_Get_USB_Status
 .text.memset   0x0800f034       0x10 C:/ST/STM32CubeIDE_1.15.0/STM32CubeIDE/plugins/com.st.stm32cube.ide.mcu.externaltools.gnu-tools-for-stm32.12.3.rel1.win32_1.0.100.202403111256/tools/bin/../lib/gcc/arm-none-eabi/12.3.1/../../../../arm-none-eabi/lib/thumb/v7e-m+dp/hard\libc_nano.a(libc_a-memset.o)
                0x0800f034                memset
 .text.__libc_init_array
                0x0800f044       0x48 C:/ST/STM32CubeIDE_1.15.0/STM32CubeIDE/plugins/com.st.stm32cube.ide.mcu.externaltools.gnu-tools-for-stm32.12.3.rel1.win32_1.0.100.202403111256/tools/bin/../lib/gcc/arm-none-eabi/12.3.1/../../../../arm-none-eabi/lib/thumb/v7e-m+dp/hard\libc_nano.a(libc_a-init.o)
                0x0800f044                __libc_init_array
 .text.lrintf   0x0800f08c       0x80 C:/ST/STM32CubeIDE_1.15.0/STM32CubeIDE/plugins/com.st.stm32cube.ide.mcu.externaltools.gnu-tools-for-stm32.12.3.rel1.win32_1.0.100.202403111256/tools/bin/../lib/gcc/arm-none-eabi/12.3.1/../../../../arm-none-eabi/lib/thumb/v7e-m+dp/hard\libm.a(libm_a-sf_lrint.o)
                0x0800f08c                lrintf
 *(.glue_7)
 .glue_7        0x0800f10c        0x0 linker stubs
 *(.glue_7t)
 .glue_7t       0x0800f10c        0x0 linker stubs
 *(.eh_frame)
 .eh_frame      0x0800f10c        0x0 C:/ST/STM32CubeIDE_1.15.0/STM32CubeIDE/plugins/com.st.stm32cube.ide.mcu.externaltools.gnu-tools-for-stm32.12.3.rel1.win32_1.0.100.202403111256/tools/bin/../lib/gcc/arm-none-eabi/12.3.1/thumb/v7e-m+dp/hard/crtbegin.o
 *(.init)
 .init          0x0800f10c        0x4 C:/ST/STM32CubeIDE_1.15.0/STM32CubeIDE/plugins/com.st.stm32cube.ide.mcu.externaltools.gnu-tools-for-stm32.12.3.rel1.win32_1.0.100.202403111256/tools/bin/../lib/gcc/arm-none-eabi/12.3.1/thumb/v7e-m+dp/hard/crti.o
                0x0800f10c                _init
 .init          0x0800f110        0x8 C:/ST/STM32CubeIDE_1.15.0/STM32CubeIDE/plugins/com.st.stm32cube.ide.mcu.externaltools.gnu-tools-for-stm32.12.3.rel1.win32_1.0.100.202403111256/tools/bin/../lib/gcc/arm-none-eabi/12.3.1/thumb/v7e-m+dp/hard/crtn.o
 *(.fini)
 .fini          0x0800f118        0x4 C:/ST/STM32CubeIDE_1.15.0/STM32CubeIDE/plugins/com.st.stm32cube.ide.mcu.externaltools.gnu-tools-for-stm32.12.3.rel1.win32_1.0.100.202403111256/tools/bin/../lib/gcc/arm-none-eabi/12.3.1/thumb/v7e-m+dp/hard/crti.o
                0x0800f118                _fini
 .fini          0x0800f11c        0x8 C:/ST/STM32CubeIDE_1.15.0/STM32CubeIDE/plugins/com.st.stm32cube.ide.mcu.externaltools.gnu-tools-for-stm32.12.3.rel1.win32_1.0.100.202403111256/tools/bin/../lib/gcc/arm-none-eabi/12.3.1/thumb/v7e-m+dp/hard/crtn.o
                0x0800f124                        . = ALIGN (0x4)
                0x0800f124                        _etext = .

.vfp11_veneer   0x0800f124        0x0
 .vfp11_veneer  0x0800f124        0x0 linker stubs

.v4_bx          0x0800f124        0x0
 .v4_bx         0x0800f124        0x0 linker stubs

.iplt           0x0800f124        0x0
 .iplt          0x0800f124        0x0 C:/ST/STM32CubeIDE_1.15.0/STM32CubeIDE/plugins/com.st.stm32cube.ide.mcu.externaltools.gnu-tools-for-stm32.12.3.rel1.win32_1.0.100.202403111256/tools/bin/../lib/gcc/arm-none-eabi/12.3.1/thumb/v7e-m+dp/hard/crtbegin.o

.rodata         0x0800f124       0x8c
                0x0800f124                        . = ALIGN (0x4)
 *(.rodata)
 .rodata        0x0800f124       0x46 ./USB_DEVICE/App/usbd_desc.o
 *(.rodata*)
 *fill*         0x0800f16a        0x2 
 .rodata.D1CorePrescTable
                0x0800f16c       0x10 ./Common/Src/system_stm32h7xx_dualcore_boot_cm4_cm7.o
                0x0800f16c                D1CorePrescTable
 .rodata.LED_PIN
                0x0800f17c        0x6 ./Drivers/BSP/STM32H7xx_Nucleo/stm32h7xx_nucleo.o
 *fill*         0x0800f182        0x2 
 .rodata.BUTTON_EXTI_LINE.2
                0x0800f184        0x4 ./Drivers/BSP/STM32H7xx_Nucleo/stm32h7xx_nucleo.o
 .rodata.flagBitshiftOffset.0
                0x0800f188        0x8 ./Drivers/STM32H7xx_HAL_Driver/stm32h7xx_hal_dma.o
 .rodata.UARTPrescTable
                0x0800f190       0x18 ./Drivers/STM32H7xx_HAL_Driver/stm32h7xx_hal_uart.o
                0x0800f190                UARTPrescTable
 .rodata.TWO23  0x0800f1a8        0x8 C:/ST/STM32CubeIDE_1.15.0/STM32CubeIDE/plugins/com.st.stm32cube.ide.mcu.externaltools.gnu-tools-for-stm32.12.3.rel1.win32_1.0.100.202403111256/tools/bin/../lib/gcc/arm-none-eabi/12.3.1/../../../../arm-none-eabi/lib/thumb/v7e-m+dp/hard\libm.a(libm_a-sf_lrint.o)
                0x0800f1b0                        . = ALIGN (0x4)

.ARM.extab      0x0800f1b0        0x0
                0x0800f1b0                        . = ALIGN (0x4)
 *(.ARM.extab* .gnu.linkonce.armextab.*)
                0x0800f1b0                        . = ALIGN (0x4)

.ARM            0x0800f1b0        0x8
                0x0800f1b0                        . = ALIGN (0x4)
                0x0800f1b0                        __exidx_start = .
 *(.ARM.exidx*)
 .ARM.exidx     0x0800f1b0        0x8 C:/ST/STM32CubeIDE_1.15.0/STM32CubeIDE/plugins/com.st.stm32cube.ide.mcu.externaltools.gnu-tools-for-stm32.12.3.rel1.win32_1.0.100.202403111256/tools/bin/../lib/gcc/arm-none-eabi/12.3.1/thumb/v7e-m+dp/hard\libgcc.a(_udivmoddi4.o)
                0x0800f1b8                        __exidx_end = .
                0x0800f1b8                        . = ALIGN (0x4)

.preinit_array  0x0800f1b8        0x0
                0x0800f1b8                        . = ALIGN (0x4)
                0x0800f1b8                        PROVIDE (__preinit_array_start = .)
 *(.preinit_array*)
                0x0800f1b8                        PROVIDE (__preinit_array_end = .)
                0x0800f1b8                        . = ALIGN (0x4)

.init_array     0x0800f1b8        0x4
                0x0800f1b8                        . = ALIGN (0x4)
                0x0800f1b8                        PROVIDE (__init_array_start = .)
 *(SORT_BY_NAME(.init_array.*))
 *(.init_array*)
 .init_array    0x0800f1b8        0x4 C:/ST/STM32CubeIDE_1.15.0/STM32CubeIDE/plugins/com.st.stm32cube.ide.mcu.externaltools.gnu-tools-for-stm32.12.3.rel1.win32_1.0.100.202403111256/tools/bin/../lib/gcc/arm-none-eabi/12.3.1/thumb/v7e-m+dp/hard/crtbegin.o
                0x0800f1bc                        PROVIDE (__init_array_end = .)
                0x0800f1bc                        . = ALIGN (0x4)

.fini_array     0x0800f1bc        0x4
                0x0800f1bc                        . = ALIGN (0x4)
                [!provide]                        PROVIDE (__fini_array_start = .)
 *(SORT_BY_NAME(.fini_array.*))
 *(.fini_array*)
 .fini_array    0x0800f1bc        0x4 C:/ST/STM32CubeIDE_1.15.0/STM32CubeIDE/plugins/com.st.stm32cube.ide.mcu.externaltools.gnu-tools-for-stm32.12.3.rel1.win32_1.0.100.202403111256/tools/bin/../lib/gcc/arm-none-eabi/12.3.1/thumb/v7e-m+dp/hard/crtbegin.o
                [!provide]                        PROVIDE (__fini_array_end = .)
                0x0800f1c0                        . = ALIGN (0x4)
                0x0800f1c0                        _sidata = LOADADDR (.data)

.rel.dyn        0x0800f1c0        0x0
 .rel.iplt      0x0800f1c0        0x0 C:/ST/STM32CubeIDE_1.15.0/STM32CubeIDE/plugins/com.st.stm32cube.ide.mcu.externaltools.gnu-tools-for-stm32.12.3.rel1.win32_1.0.100.202403111256/tools/bin/../lib/gcc/arm-none-eabi/12.3.1/thumb/v7e-m+dp/hard/crtbegin.o

.data           0x24000000      0x120 load address 0x0800f1c0
                0x24000000                        . = ALIGN (0x4)
                0x24000000                        _sdata = .
 *(.data)
 *(.data*)
 .data.SystemCoreClock
                0x24000000        0x4 ./Common/Src/system_stm32h7xx_dualcore_boot_cm4_cm7.o
                0x24000000                SystemCoreClock
 .data.SystemD2Clock
                0x24000004        0x4 ./Common/Src/system_stm32h7xx_dualcore_boot_cm4_cm7.o
                0x24000004                SystemD2Clock
 .data.COM_USART
                0x24000008        0x4 ./Drivers/BSP/STM32H7xx_Nucleo/stm32h7xx_nucleo.o
                0x24000008                COM_USART
 .data.LED_PORT
                0x2400000c        0xc ./Drivers/BSP/STM32H7xx_Nucleo/stm32h7xx_nucleo.o
 .data.BUTTON_PORT
                0x24000018        0x4 ./Drivers/BSP/STM32H7xx_Nucleo/stm32h7xx_nucleo.o
 .data.ButtonCallback.1
                0x2400001c        0x4 ./Drivers/BSP/STM32H7xx_Nucleo/stm32h7xx_nucleo.o
 .data.BSP_BUTTON_PRIO.0
                0x24000020        0x4 ./Drivers/BSP/STM32H7xx_Nucleo/stm32h7xx_nucleo.o
 .data.uwTickPrio
                0x24000024        0x4 ./Drivers/STM32H7xx_HAL_Driver/stm32h7xx_hal.o
                0x24000024                uwTickPrio
 .data.uwTickFreq
                0x24000028        0x1 ./Drivers/STM32H7xx_HAL_Driver/stm32h7xx_hal.o
                0x24000028                uwTickFreq
 *fill*         0x24000029        0x3 
 .data.USBD_CDC_DeviceQualifierDesc
                0x2400002c        0xa ./Middlewares/ST/STM32_USB_Device_Library/usbd_cdc.o
 *fill*         0x24000036        0x2 
 .data.USBD_CDC
                0x24000038       0x38 ./Middlewares/ST/STM32_USB_Device_Library/usbd_cdc.o
                0x24000038                USBD_CDC
 .data.USBD_CDC_CfgDesc
                0x24000070       0x43 ./Middlewares/ST/STM32_USB_Device_Library/usbd_cdc.o
 .data.CDCInEpAdd
                0x240000b3        0x1 ./Middlewares/ST/STM32_USB_Device_Library/usbd_cdc.o
 .data.CDCOutEpAdd
                0x240000b4        0x1 ./Middlewares/ST/STM32_USB_Device_Library/usbd_cdc.o
 .data.CDCCmdEpAdd
                0x240000b5        0x1 ./Middlewares/ST/STM32_USB_Device_Library/usbd_cdc.o
 *fill*         0x240000b6        0x2 
 .data.USBD_Interface_fops_FS
                0x240000b8       0x14 ./USB_DEVICE/App/usbd_cdc_if.o
                0x240000b8                USBD_Interface_fops_FS
 .data.FS_Desc  0x240000cc       0x20 ./USB_DEVICE/App/usbd_desc.o
                0x240000cc                FS_Desc
 .data.USBD_FS_DeviceDesc
                0x240000ec       0x12 ./USB_DEVICE/App/usbd_desc.o
                0x240000ec                USBD_FS_DeviceDesc
 *fill*         0x240000fe        0x2 
 .data.USBD_LangIDDesc
                0x24000100        0x4 ./USB_DEVICE/App/usbd_desc.o
                0x24000100                USBD_LangIDDesc
 .data.USBD_StringSerial
                0x24000104       0x1a ./USB_DEVICE/App/usbd_desc.o
                0x24000104                USBD_StringSerial
 *(.RamFunc)
 *(.RamFunc*)
                0x24000120                        . = ALIGN (0x4)
 *fill*         0x2400011e        0x2 
                0x24000120                        _edata = .

.igot.plt       0x24000120        0x0 load address 0x0800f2e0
 .igot.plt      0x24000120        0x0 C:/ST/STM32CubeIDE_1.15.0/STM32CubeIDE/plugins/com.st.stm32cube.ide.mcu.externaltools.gnu-tools-for-stm32.12.3.rel1.win32_1.0.100.202403111256/tools/bin/../lib/gcc/arm-none-eabi/12.3.1/thumb/v7e-m+dp/hard/crtbegin.o
                0x24000120                        . = ALIGN (0x4)

.bss            0x24000120     0x20ec load address 0x0800f2e0
                0x24000120                        _sbss = .
                0x24000120                        __bss_start__ = _sbss
 *(.bss)
 .bss           0x24000120       0x1c C:/ST/STM32CubeIDE_1.15.0/STM32CubeIDE/plugins/com.st.stm32cube.ide.mcu.externaltools.gnu-tools-for-stm32.12.3.rel1.win32_1.0.100.202403111256/tools/bin/../lib/gcc/arm-none-eabi/12.3.1/thumb/v7e-m+dp/hard/crtbegin.o
 *(.bss*)
 .bss.motor1_dmabuffer
                0x2400013c       0x48 ./Core/Src/dshot.o
 .bss.motor2_dmabuffer
                0x24000184       0x48 ./Core/Src/dshot.o
 .bss.motor3_dmabuffer
                0x240001cc       0x48 ./Core/Src/dshot.o
 .bss.motor4_dmabuffer
                0x24000214       0x48 ./Core/Src/dshot.o
 .bss.BspCOMInit
                0x2400025c       0x10 ./Core/Src/main.o
                0x2400025c                BspCOMInit
 .bss.contador  0x2400026c        0x4 ./Core/Src/main.o
                0x2400026c                contador
 .bss.motores   0x24000270        0x8 ./Core/Src/main.o
                0x24000270                motores
 .bss.htim2     0x24000278       0x4c ./Core/Src/tim.o
                0x24000278                htim2
 .bss.htim3     0x240002c4       0x4c ./Core/Src/tim.o
                0x240002c4                htim3
 .bss.htim4     0x24000310       0x4c ./Core/Src/tim.o
                0x24000310                htim4
 .bss.htim5     0x2400035c       0x4c ./Core/Src/tim.o
                0x2400035c                htim5
 .bss.hdma_tim2_ch1
                0x240003a8       0x78 ./Core/Src/tim.o
                0x240003a8                hdma_tim2_ch1
 .bss.hdma_tim2_ch3
                0x24000420       0x78 ./Core/Src/tim.o
                0x24000420                hdma_tim2_ch3
 .bss.hdma_tim5_ch2
                0x24000498       0x78 ./Core/Src/tim.o
                0x24000498                hdma_tim5_ch2
 .bss.hdma_tim5_ch4
                0x24000510       0x78 ./Core/Src/tim.o
                0x24000510                hdma_tim5_ch4
 .bss.hpb_exti  0x24000588        0x8 ./Drivers/BSP/STM32H7xx_Nucleo/stm32h7xx_nucleo.o
                0x24000588                hpb_exti
 .bss.hcom_uart
                0x24000590       0x94 ./Drivers/BSP/STM32H7xx_Nucleo/stm32h7xx_nucleo.o
                0x24000590                hcom_uart
 .bss.uwTick    0x24000624        0x4 ./Drivers/STM32H7xx_HAL_Driver/stm32h7xx_hal.o
                0x24000624                uwTick
 .bss.cfgidx.0  0x24000628        0x1 ./Middlewares/ST/STM32_USB_Device_Library/usbd_ctlreq.o
 *fill*         0x24000629        0x3 
 .bss.hUsbDeviceFS
                0x2400062c      0x2dc ./USB_DEVICE/App/usb_device.o
                0x2400062c                hUsbDeviceFS
 .bss.UserRxBufferFS
                0x24000908      0x800 ./USB_DEVICE/App/usbd_cdc_if.o
                0x24000908                UserRxBufferFS
 .bss.UserTxBufferFS
                0x24001108      0x800 ./USB_DEVICE/App/usbd_cdc_if.o
                0x24001108                UserTxBufferFS
 .bss.USBD_StrDesc
                0x24001908      0x200 ./USB_DEVICE/App/usbd_desc.o
                0x24001908                USBD_StrDesc
 .bss.hpcd_USB_OTG_FS
                0x24001b08      0x4e4 ./USB_DEVICE/Target/usbd_conf.o
                0x24001b08                hpcd_USB_OTG_FS
 .bss.mem.0     0x24001fec      0x220 ./USB_DEVICE/Target/usbd_conf.o
 *(COMMON)
                0x2400220c                        . = ALIGN (0x4)
                0x2400220c                        _ebss = .
                0x2400220c                        __bss_end__ = _ebss

._user_heap_stack
                0x2400220c      0x604 load address 0x0800f2e0
                0x24002210                        . = ALIGN (0x8)
 *fill*         0x2400220c        0x4 
                [!provide]                        PROVIDE (end = .)
                0x24002210                        PROVIDE (_end = .)
                0x24002410                        . = (. + _Min_Heap_Size)
 *fill*         0x24002210      0x200 
                0x24002810                        . = (. + _Min_Stack_Size)
 *fill*         0x24002410      0x400 
                0x24002810                        . = ALIGN (0x8)

/DISCARD/
 libc.a(*)
 libm.a(*)
 libgcc.a(*)

.ARM.attributes
                0x00000000       0x2e
 *(.ARM.attributes)
 .ARM.attributes
                0x00000000       0x20 C:/ST/STM32CubeIDE_1.15.0/STM32CubeIDE/plugins/com.st.stm32cube.ide.mcu.externaltools.gnu-tools-for-stm32.12.3.rel1.win32_1.0.100.202403111256/tools/bin/../lib/gcc/arm-none-eabi/12.3.1/thumb/v7e-m+dp/hard/crti.o
 .ARM.attributes
                0x00000020       0x32 C:/ST/STM32CubeIDE_1.15.0/STM32CubeIDE/plugins/com.st.stm32cube.ide.mcu.externaltools.gnu-tools-for-stm32.12.3.rel1.win32_1.0.100.202403111256/tools/bin/../lib/gcc/arm-none-eabi/12.3.1/thumb/v7e-m+dp/hard/crtbegin.o
 .ARM.attributes
                0x00000052       0x32 ./Common/Src/system_stm32h7xx_dualcore_boot_cm4_cm7.o
 .ARM.attributes
                0x00000084       0x32 ./Core/Src/dma.o
 .ARM.attributes
                0x000000b6       0x32 ./Core/Src/dshot.o
 .ARM.attributes
                0x000000e8       0x32 ./Core/Src/gpio.o
 .ARM.attributes
                0x0000011a       0x32 ./Core/Src/main.o
 .ARM.attributes
                0x0000014c       0x32 ./Core/Src/stm32h7xx_hal_msp.o
 .ARM.attributes
                0x0000017e       0x32 ./Core/Src/stm32h7xx_it.o
 .ARM.attributes
                0x000001b0       0x32 ./Core/Src/tim.o
 .ARM.attributes
                0x000001e2       0x21 ./Core/Startup/startup_stm32h755zitx.o
 .ARM.attributes
                0x00000203       0x32 ./Drivers/BSP/STM32H7xx_Nucleo/stm32h7xx_nucleo.o
 .ARM.attributes
                0x00000235       0x32 ./Drivers/STM32H7xx_HAL_Driver/stm32h7xx_hal.o
 .ARM.attributes
                0x00000267       0x32 ./Drivers/STM32H7xx_HAL_Driver/stm32h7xx_hal_cortex.o
 .ARM.attributes
                0x00000299       0x32 ./Drivers/STM32H7xx_HAL_Driver/stm32h7xx_hal_dma.o
 .ARM.attributes
                0x000002cb       0x32 ./Drivers/STM32H7xx_HAL_Driver/stm32h7xx_hal_exti.o
 .ARM.attributes
                0x000002fd       0x32 ./Drivers/STM32H7xx_HAL_Driver/stm32h7xx_hal_gpio.o
 .ARM.attributes
                0x0000032f       0x32 ./Drivers/STM32H7xx_HAL_Driver/stm32h7xx_hal_hsem.o
 .ARM.attributes
                0x00000361       0x32 ./Drivers/STM32H7xx_HAL_Driver/stm32h7xx_hal_pcd.o
 .ARM.attributes
                0x00000393       0x32 ./Drivers/STM32H7xx_HAL_Driver/stm32h7xx_hal_pcd_ex.o
 .ARM.attributes
                0x000003c5       0x32 ./Drivers/STM32H7xx_HAL_Driver/stm32h7xx_hal_pwr_ex.o
 .ARM.attributes
                0x000003f7       0x32 ./Drivers/STM32H7xx_HAL_Driver/stm32h7xx_hal_rcc.o
 .ARM.attributes
                0x00000429       0x32 ./Drivers/STM32H7xx_HAL_Driver/stm32h7xx_hal_rcc_ex.o
 .ARM.attributes
                0x0000045b       0x32 ./Drivers/STM32H7xx_HAL_Driver/stm32h7xx_hal_tim.o
 .ARM.attributes
                0x0000048d       0x32 ./Drivers/STM32H7xx_HAL_Driver/stm32h7xx_hal_tim_ex.o
 .ARM.attributes
                0x000004bf       0x32 ./Drivers/STM32H7xx_HAL_Driver/stm32h7xx_hal_uart.o
 .ARM.attributes
                0x000004f1       0x32 ./Drivers/STM32H7xx_HAL_Driver/stm32h7xx_ll_usb.o
 .ARM.attributes
                0x00000523       0x32 ./Middlewares/ST/STM32_USB_Device_Library/usbd_cdc.o
 .ARM.attributes
                0x00000555       0x32 ./Middlewares/ST/STM32_USB_Device_Library/usbd_core.o
 .ARM.attributes
                0x00000587       0x32 ./Middlewares/ST/STM32_USB_Device_Library/usbd_ctlreq.o
 .ARM.attributes
                0x000005b9       0x32 ./Middlewares/ST/STM32_USB_Device_Library/usbd_ioreq.o
 .ARM.attributes
                0x000005eb       0x32 ./USB_DEVICE/App/usb_device.o
 .ARM.attributes
                0x0000061d       0x32 ./USB_DEVICE/App/usbd_cdc_if.o
 .ARM.attributes
                0x0000064f       0x32 ./USB_DEVICE/App/usbd_desc.o
 .ARM.attributes
                0x00000681       0x32 ./USB_DEVICE/Target/usbd_conf.o
 .ARM.attributes
                0x000006b3       0x32 C:/ST/STM32CubeIDE_1.15.0/STM32CubeIDE/plugins/com.st.stm32cube.ide.mcu.externaltools.gnu-tools-for-stm32.12.3.rel1.win32_1.0.100.202403111256/tools/bin/../lib/gcc/arm-none-eabi/12.3.1/../../../../arm-none-eabi/lib/thumb/v7e-m+dp/hard\libc_nano.a(libc_a-memset.o)
 .ARM.attributes
                0x000006e5       0x32 C:/ST/STM32CubeIDE_1.15.0/STM32CubeIDE/plugins/com.st.stm32cube.ide.mcu.externaltools.gnu-tools-for-stm32.12.3.rel1.win32_1.0.100.202403111256/tools/bin/../lib/gcc/arm-none-eabi/12.3.1/../../../../arm-none-eabi/lib/thumb/v7e-m+dp/hard\libc_nano.a(libc_a-init.o)
 .ARM.attributes
                0x00000717       0x32 C:/ST/STM32CubeIDE_1.15.0/STM32CubeIDE/plugins/com.st.stm32cube.ide.mcu.externaltools.gnu-tools-for-stm32.12.3.rel1.win32_1.0.100.202403111256/tools/bin/../lib/gcc/arm-none-eabi/12.3.1/../../../../arm-none-eabi/lib/thumb/v7e-m+dp/hard\libm.a(libm_a-sf_lrint.o)
 .ARM.attributes
                0x00000749       0x20 C:/ST/STM32CubeIDE_1.15.0/STM32CubeIDE/plugins/com.st.stm32cube.ide.mcu.externaltools.gnu-tools-for-stm32.12.3.rel1.win32_1.0.100.202403111256/tools/bin/../lib/gcc/arm-none-eabi/12.3.1/thumb/v7e-m+dp/hard\libgcc.a(_aeabi_uldivmod.o)
 .ARM.attributes
                0x00000769       0x32 C:/ST/STM32CubeIDE_1.15.0/STM32CubeIDE/plugins/com.st.stm32cube.ide.mcu.externaltools.gnu-tools-for-stm32.12.3.rel1.win32_1.0.100.202403111256/tools/bin/../lib/gcc/arm-none-eabi/12.3.1/thumb/v7e-m+dp/hard\libgcc.a(_udivmoddi4.o)
 .ARM.attributes
                0x0000079b       0x20 C:/ST/STM32CubeIDE_1.15.0/STM32CubeIDE/plugins/com.st.stm32cube.ide.mcu.externaltools.gnu-tools-for-stm32.12.3.rel1.win32_1.0.100.202403111256/tools/bin/../lib/gcc/arm-none-eabi/12.3.1/thumb/v7e-m+dp/hard\libgcc.a(_dvmd_tls.o)
 .ARM.attributes
                0x000007bb       0x20 C:/ST/STM32CubeIDE_1.15.0/STM32CubeIDE/plugins/com.st.stm32cube.ide.mcu.externaltools.gnu-tools-for-stm32.12.3.rel1.win32_1.0.100.202403111256/tools/bin/../lib/gcc/arm-none-eabi/12.3.1/thumb/v7e-m+dp/hard/crtn.o
OUTPUT(Rx_M4_CM7.elf elf32-littlearm)
LOAD linker stubs
LOAD C:/ST/STM32CubeIDE_1.15.0/STM32CubeIDE/plugins/com.st.stm32cube.ide.mcu.externaltools.gnu-tools-for-stm32.12.3.rel1.win32_1.0.100.202403111256/tools/bin/../lib/gcc/arm-none-eabi/12.3.1/../../../../arm-none-eabi/lib/thumb/v7e-m+dp/hard\libc.a
LOAD C:/ST/STM32CubeIDE_1.15.0/STM32CubeIDE/plugins/com.st.stm32cube.ide.mcu.externaltools.gnu-tools-for-stm32.12.3.rel1.win32_1.0.100.202403111256/tools/bin/../lib/gcc/arm-none-eabi/12.3.1/../../../../arm-none-eabi/lib/thumb/v7e-m+dp/hard\libm.a
LOAD C:/ST/STM32CubeIDE_1.15.0/STM32CubeIDE/plugins/com.st.stm32cube.ide.mcu.externaltools.gnu-tools-for-stm32.12.3.rel1.win32_1.0.100.202403111256/tools/bin/../lib/gcc/arm-none-eabi/12.3.1/thumb/v7e-m+dp/hard\libgcc.a

.debug_info     0x00000000    0x23a8b
 .debug_info    0x00000000      0xdb0 ./Common/Src/system_stm32h7xx_dualcore_boot_cm4_cm7.o
 .debug_info    0x00000db0      0x847 ./Core/Src/dma.o
 .debug_info    0x000015f7      0xaa3 ./Core/Src/dshot.o
 .debug_info    0x0000209a      0x61f ./Core/Src/gpio.o
 .debug_info    0x000026b9     0x15b4 ./Core/Src/main.o
 .debug_info    0x00003c6d      0x464 ./Core/Src/stm32h7xx_hal_msp.o
 .debug_info    0x000040d1     0x10c4 ./Core/Src/stm32h7xx_it.o
 .debug_info    0x00005195     0x16bf ./Core/Src/tim.o
 .debug_info    0x00006854       0x30 ./Core/Startup/startup_stm32h755zitx.o
 .debug_info    0x00006884     0x1a87 ./Drivers/BSP/STM32H7xx_Nucleo/stm32h7xx_nucleo.o
 .debug_info    0x0000830b     0x177a ./Drivers/STM32H7xx_HAL_Driver/stm32h7xx_hal.o
 .debug_info    0x00009a85     0x10d0 ./Drivers/STM32H7xx_HAL_Driver/stm32h7xx_hal_cortex.o
 .debug_info    0x0000ab55      0xc39 ./Drivers/STM32H7xx_HAL_Driver/stm32h7xx_hal_dma.o
 .debug_info    0x0000b78e      0x9b8 ./Drivers/STM32H7xx_HAL_Driver/stm32h7xx_hal_exti.o
 .debug_info    0x0000c146      0xcf7 ./Drivers/STM32H7xx_HAL_Driver/stm32h7xx_hal_gpio.o
 .debug_info    0x0000ce3d      0x3d3 ./Drivers/STM32H7xx_HAL_Driver/stm32h7xx_hal_hsem.o
 .debug_info    0x0000d210     0x1561 ./Drivers/STM32H7xx_HAL_Driver/stm32h7xx_hal_pcd.o
 .debug_info    0x0000e771      0x8b3 ./Drivers/STM32H7xx_HAL_Driver/stm32h7xx_hal_pcd_ex.o
 .debug_info    0x0000f024     0x121b ./Drivers/STM32H7xx_HAL_Driver/stm32h7xx_hal_pwr_ex.o
 .debug_info    0x0001023f      0xe58 ./Drivers/STM32H7xx_HAL_Driver/stm32h7xx_hal_rcc.o
 .debug_info    0x00011097     0x12f4 ./Drivers/STM32H7xx_HAL_Driver/stm32h7xx_hal_rcc_ex.o
 .debug_info    0x0001238b     0x2bae ./Drivers/STM32H7xx_HAL_Driver/stm32h7xx_hal_tim.o
 .debug_info    0x00014f39     0x17eb ./Drivers/STM32H7xx_HAL_Driver/stm32h7xx_hal_tim_ex.o
 .debug_info    0x00016724     0x4b13 ./Drivers/STM32H7xx_HAL_Driver/stm32h7xx_hal_uart.o
 .debug_info    0x0001b237     0x1a1e ./Drivers/STM32H7xx_HAL_Driver/stm32h7xx_ll_usb.o
 .debug_info    0x0001cc55     0x133d ./Middlewares/ST/STM32_USB_Device_Library/usbd_cdc.o
 .debug_info    0x0001df92      0xe20 ./Middlewares/ST/STM32_USB_Device_Library/usbd_core.o
 .debug_info    0x0001edb2      0xaf9 ./Middlewares/ST/STM32_USB_Device_Library/usbd_ctlreq.o
 .debug_info    0x0001f8ab      0x770 ./Middlewares/ST/STM32_USB_Device_Library/usbd_ioreq.o
 .debug_info    0x0002001b      0x725 ./USB_DEVICE/App/usb_device.o
 .debug_info    0x00020740      0x915 ./USB_DEVICE/App/usbd_cdc_if.o
 .debug_info    0x00021055      0x48f ./USB_DEVICE/App/usbd_desc.o
 .debug_info    0x000214e4     0x25a7 ./USB_DEVICE/Target/usbd_conf.o

.debug_abbrev   0x00000000     0x4be2
 .debug_abbrev  0x00000000      0x14c ./Common/Src/system_stm32h7xx_dualcore_boot_cm4_cm7.o
 .debug_abbrev  0x0000014c      0x11e ./Core/Src/dma.o
 .debug_abbrev  0x0000026a      0x23e ./Core/Src/dshot.o
 .debug_abbrev  0x000004a8      0x151 ./Core/Src/gpio.o
 .debug_abbrev  0x000005f9      0x371 ./Core/Src/main.o
 .debug_abbrev  0x0000096a       0xdb ./Core/Src/stm32h7xx_hal_msp.o
 .debug_abbrev  0x00000a45      0x2ab ./Core/Src/stm32h7xx_it.o
 .debug_abbrev  0x00000cf0      0x29d ./Core/Src/tim.o
 .debug_abbrev  0x00000f8d       0x24 ./Core/Startup/startup_stm32h755zitx.o
 .debug_abbrev  0x00000fb1      0x340 ./Drivers/BSP/STM32H7xx_Nucleo/stm32h7xx_nucleo.o
 .debug_abbrev  0x000012f1      0x295 ./Drivers/STM32H7xx_HAL_Driver/stm32h7xx_hal.o
 .debug_abbrev  0x00001586      0x339 ./Drivers/STM32H7xx_HAL_Driver/stm32h7xx_hal_cortex.o
 .debug_abbrev  0x000018bf      0x248 ./Drivers/STM32H7xx_HAL_Driver/stm32h7xx_hal_dma.o
 .debug_abbrev  0x00001b07      0x20b ./Drivers/STM32H7xx_HAL_Driver/stm32h7xx_hal_exti.o
 .debug_abbrev  0x00001d12      0x1fe ./Drivers/STM32H7xx_HAL_Driver/stm32h7xx_hal_gpio.o
 .debug_abbrev  0x00001f10      0x1d3 ./Drivers/STM32H7xx_HAL_Driver/stm32h7xx_hal_hsem.o
 .debug_abbrev  0x000020e3      0x2dc ./Drivers/STM32H7xx_HAL_Driver/stm32h7xx_hal_pcd.o
 .debug_abbrev  0x000023bf      0x256 ./Drivers/STM32H7xx_HAL_Driver/stm32h7xx_hal_pcd_ex.o
 .debug_abbrev  0x00002615      0x2d7 ./Drivers/STM32H7xx_HAL_Driver/stm32h7xx_hal_pwr_ex.o
 .debug_abbrev  0x000028ec      0x2c8 ./Drivers/STM32H7xx_HAL_Driver/stm32h7xx_hal_rcc.o
 .debug_abbrev  0x00002bb4      0x269 ./Drivers/STM32H7xx_HAL_Driver/stm32h7xx_hal_rcc_ex.o
 .debug_abbrev  0x00002e1d      0x276 ./Drivers/STM32H7xx_HAL_Driver/stm32h7xx_hal_tim.o
 .debug_abbrev  0x00003093      0x281 ./Drivers/STM32H7xx_HAL_Driver/stm32h7xx_hal_tim_ex.o
 .debug_abbrev  0x00003314      0x33d ./Drivers/STM32H7xx_HAL_Driver/stm32h7xx_hal_uart.o
 .debug_abbrev  0x00003651      0x2b3 ./Drivers/STM32H7xx_HAL_Driver/stm32h7xx_ll_usb.o
 .debug_abbrev  0x00003904      0x2d2 ./Middlewares/ST/STM32_USB_Device_Library/usbd_cdc.o
 .debug_abbrev  0x00003bd6      0x27c ./Middlewares/ST/STM32_USB_Device_Library/usbd_core.o
 .debug_abbrev  0x00003e52      0x26f ./Middlewares/ST/STM32_USB_Device_Library/usbd_ctlreq.o
 .debug_abbrev  0x000040c1      0x19a ./Middlewares/ST/STM32_USB_Device_Library/usbd_ioreq.o
 .debug_abbrev  0x0000425b      0x1a8 ./USB_DEVICE/App/usb_device.o
 .debug_abbrev  0x00004403      0x29d ./USB_DEVICE/App/usbd_cdc_if.o
 .debug_abbrev  0x000046a0      0x1f3 ./USB_DEVICE/App/usbd_desc.o
 .debug_abbrev  0x00004893      0x34f ./USB_DEVICE/Target/usbd_conf.o

.debug_aranges  0x00000000     0x1a30
 .debug_aranges
                0x00000000       0x28 ./Common/Src/system_stm32h7xx_dualcore_boot_cm4_cm7.o
 .debug_aranges
                0x00000028       0x20 ./Core/Src/dma.o
 .debug_aranges
                0x00000048       0x78 ./Core/Src/dshot.o
 .debug_aranges
                0x000000c0       0x20 ./Core/Src/gpio.o
 .debug_aranges
                0x000000e0       0x40 ./Core/Src/main.o
 .debug_aranges
                0x00000120       0x20 ./Core/Src/stm32h7xx_hal_msp.o
 .debug_aranges
                0x00000140       0xa0 ./Core/Src/stm32h7xx_it.o
 .debug_aranges
                0x000001e0       0x70 ./Core/Src/tim.o
 .debug_aranges
                0x00000250       0x28 ./Core/Startup/startup_stm32h755zitx.o
 .debug_aranges
                0x00000278       0xb8 ./Drivers/BSP/STM32H7xx_Nucleo/stm32h7xx_nucleo.o
 .debug_aranges
                0x00000330      0x200 ./Drivers/STM32H7xx_HAL_Driver/stm32h7xx_hal.o
 .debug_aranges
                0x00000530      0x130 ./Drivers/STM32H7xx_HAL_Driver/stm32h7xx_hal_cortex.o
 .debug_aranges
                0x00000660       0xa0 ./Drivers/STM32H7xx_HAL_Driver/stm32h7xx_hal_dma.o
 .debug_aranges
                0x00000700       0x60 ./Drivers/STM32H7xx_HAL_Driver/stm32h7xx_hal_exti.o
 .debug_aranges
                0x00000760       0x58 ./Drivers/STM32H7xx_HAL_Driver/stm32h7xx_hal_gpio.o
 .debug_aranges
                0x000007b8       0x70 ./Drivers/STM32H7xx_HAL_Driver/stm32h7xx_hal_hsem.o
 .debug_aranges
                0x00000828      0x140 ./Drivers/STM32H7xx_HAL_Driver/stm32h7xx_hal_pcd.o
 .debug_aranges
                0x00000968       0x60 ./Drivers/STM32H7xx_HAL_Driver/stm32h7xx_hal_pcd_ex.o
 .debug_aranges
                0x000009c8      0x170 ./Drivers/STM32H7xx_HAL_Driver/stm32h7xx_hal_pwr_ex.o
 .debug_aranges
                0x00000b38       0x88 ./Drivers/STM32H7xx_HAL_Driver/stm32h7xx_hal_rcc.o
 .debug_aranges
                0x00000bc0      0x100 ./Drivers/STM32H7xx_HAL_Driver/stm32h7xx_hal_rcc_ex.o
 .debug_aranges
                0x00000cc0      0x3e0 ./Drivers/STM32H7xx_HAL_Driver/stm32h7xx_hal_tim.o
 .debug_aranges
                0x000010a0      0x188 ./Drivers/STM32H7xx_HAL_Driver/stm32h7xx_hal_tim_ex.o
 .debug_aranges
                0x00001228      0x248 ./Drivers/STM32H7xx_HAL_Driver/stm32h7xx_hal_uart.o
 .debug_aranges
                0x00001470      0x1a0 ./Drivers/STM32H7xx_HAL_Driver/stm32h7xx_ll_usb.o
 .debug_aranges
                0x00001610       0x90 ./Middlewares/ST/STM32_USB_Device_Library/usbd_cdc.o
 .debug_aranges
                0x000016a0       0xd8 ./Middlewares/ST/STM32_USB_Device_Library/usbd_core.o
 .debug_aranges
                0x00001778       0x90 ./Middlewares/ST/STM32_USB_Device_Library/usbd_ctlreq.o
 .debug_aranges
                0x00001808       0x50 ./Middlewares/ST/STM32_USB_Device_Library/usbd_ioreq.o
 .debug_aranges
                0x00001858       0x20 ./USB_DEVICE/App/usb_device.o
 .debug_aranges
                0x00001878       0x48 ./USB_DEVICE/App/usbd_cdc_if.o
 .debug_aranges
                0x000018c0       0x60 ./USB_DEVICE/App/usbd_desc.o
 .debug_aranges
                0x00001920      0x110 ./USB_DEVICE/Target/usbd_conf.o

.debug_rnglists
                0x00000000     0x1423
 .debug_rnglists
                0x00000000       0x1b ./Common/Src/system_stm32h7xx_dualcore_boot_cm4_cm7.o
 .debug_rnglists
                0x0000001b       0x13 ./Core/Src/dma.o
 .debug_rnglists
                0x0000002e       0x57 ./Core/Src/dshot.o
 .debug_rnglists
                0x00000085       0x14 ./Core/Src/gpio.o
 .debug_rnglists
                0x00000099       0x2d ./Core/Src/main.o
 .debug_rnglists
                0x000000c6       0x13 ./Core/Src/stm32h7xx_hal_msp.o
 .debug_rnglists
                0x000000d9       0x74 ./Core/Src/stm32h7xx_it.o
 .debug_rnglists
                0x0000014d       0x56 ./Core/Src/tim.o
 .debug_rnglists
                0x000001a3       0x19 ./Core/Startup/startup_stm32h755zitx.o
 .debug_rnglists
                0x000001bc       0x88 ./Drivers/BSP/STM32H7xx_Nucleo/stm32h7xx_nucleo.o
 .debug_rnglists
                0x00000244      0x180 ./Drivers/STM32H7xx_HAL_Driver/stm32h7xx_hal.o
 .debug_rnglists
                0x000003c4       0xe0 ./Drivers/STM32H7xx_HAL_Driver/stm32h7xx_hal_cortex.o
 .debug_rnglists
                0x000004a4       0x82 ./Drivers/STM32H7xx_HAL_Driver/stm32h7xx_hal_dma.o
 .debug_rnglists
                0x00000526       0x46 ./Drivers/STM32H7xx_HAL_Driver/stm32h7xx_hal_exti.o
 .debug_rnglists
                0x0000056c       0x3f ./Drivers/STM32H7xx_HAL_Driver/stm32h7xx_hal_gpio.o
 .debug_rnglists
                0x000005ab       0x4f ./Drivers/STM32H7xx_HAL_Driver/stm32h7xx_hal_hsem.o
 .debug_rnglists
                0x000005fa       0xf4 ./Drivers/STM32H7xx_HAL_Driver/stm32h7xx_hal_pcd.o
 .debug_rnglists
                0x000006ee       0x45 ./Drivers/STM32H7xx_HAL_Driver/stm32h7xx_hal_pcd_ex.o