Archive member included to satisfy reference by file (symbol)

C:/ST/STM32CubeIDE_1.14.0/STM32CubeIDE/plugins/com.st.stm32cube.ide.mcu.externaltools.gnu-tools-for-stm32.12.3.rel1.win32_1.0.100.202403111256/tools/bin/../lib/gcc/arm-none-eabi/12.3.1/../../../../arm-none-eabi/lib/thumb/v7e-m+dp/hard\libc_nano.a(libc_a-exit.o)
                              C:/ST/STM32CubeIDE_1.14.0/STM32CubeIDE/plugins/com.st.stm32cube.ide.mcu.externaltools.gnu-tools-for-stm32.12.3.rel1.win32_1.0.100.202403111256/tools/bin/../lib/gcc/arm-none-eabi/12.3.1/../../../../arm-none-eabi/lib/thumb/v7e-m+dp/hard/crt0.o (exit)
C:/ST/STM32CubeIDE_1.14.0/STM32CubeIDE/plugins/com.st.stm32cube.ide.mcu.externaltools.gnu-tools-for-stm32.12.3.rel1.win32_1.0.100.202403111256/tools/bin/../lib/gcc/arm-none-eabi/12.3.1/../../../../arm-none-eabi/lib/thumb/v7e-m+dp/hard\libc_nano.a(libc_a-nano-vfprintf_float.o)
                              (_printf_float)
C:/ST/STM32CubeIDE_1.14.0/STM32CubeIDE/plugins/com.st.stm32cube.ide.mcu.externaltools.gnu-tools-for-stm32.12.3.rel1.win32_1.0.100.202403111256/tools/bin/../lib/gcc/arm-none-eabi/12.3.1/../../../../arm-none-eabi/lib/thumb/v7e-m+dp/hard\libc_nano.a(libc_a-nano-vfprintf_i.o)
                              C:/ST/STM32CubeIDE_1.14.0/STM32CubeIDE/plugins/com.st.stm32cube.ide.mcu.externaltools.gnu-tools-for-stm32.12.3.rel1.win32_1.0.100.202403111256/tools/bin/../lib/gcc/arm-none-eabi/12.3.1/../../../../arm-none-eabi/lib/thumb/v7e-m+dp/hard\libc_nano.a(libc_a-nano-vfprintf_float.o) (_printf_common)
C:/ST/STM32CubeIDE_1.14.0/STM32CubeIDE/plugins/com.st.stm32cube.ide.mcu.externaltools.gnu-tools-for-stm32.12.3.rel1.win32_1.0.100.202403111256/tools/bin/../lib/gcc/arm-none-eabi/12.3.1/../../../../arm-none-eabi/lib/thumb/v7e-m+dp/hard\libc_nano.a(libc_a-findfp.o)
                              C:/ST/STM32CubeIDE_1.14.0/STM32CubeIDE/plugins/com.st.stm32cube.ide.mcu.externaltools.gnu-tools-for-stm32.12.3.rel1.win32_1.0.100.202403111256/tools/bin/../lib/gcc/arm-none-eabi/12.3.1/../../../../arm-none-eabi/lib/thumb/v7e-m+dp/hard\libc_nano.a(libc_a-exit.o) (__stdio_exit_handler)
C:/ST/STM32CubeIDE_1.14.0/STM32CubeIDE/plugins/com.st.stm32cube.ide.mcu.externaltools.gnu-tools-for-stm32.12.3.rel1.win32_1.0.100.202403111256/tools/bin/../lib/gcc/arm-none-eabi/12.3.1/../../../../arm-none-eabi/lib/thumb/v7e-m+dp/hard\libc_nano.a(libc_a-fwalk.o)
                              C:/ST/STM32CubeIDE_1.14.0/STM32CubeIDE/plugins/com.st.stm32cube.ide.mcu.externaltools.gnu-tools-for-stm32.12.3.rel1.win32_1.0.100.202403111256/tools/bin/../lib/gcc/arm-none-eabi/12.3.1/../../../../arm-none-eabi/lib/thumb/v7e-m+dp/hard\libc_nano.a(libc_a-findfp.o) (_fwalk_sglue)
C:/ST/STM32CubeIDE_1.14.0/STM32CubeIDE/plugins/com.st.stm32cube.ide.mcu.externaltools.gnu-tools-for-stm32.12.3.rel1.win32_1.0.100.202403111256/tools/bin/../lib/gcc/arm-none-eabi/12.3.1/../../../../arm-none-eabi/lib/thumb/v7e-m+dp/hard\libc_nano.a(libc_a-sprintf.o)
                              ./Core/Src/main.o (sprintf)
C:/ST/STM32CubeIDE_1.14.0/STM32CubeIDE/plugins/com.st.stm32cube.ide.mcu.externaltools.gnu-tools-for-stm32.12.3.rel1.win32_1.0.100.202403111256/tools/bin/../lib/gcc/arm-none-eabi/12.3.1/../../../../arm-none-eabi/lib/thumb/v7e-m+dp/hard\libc_nano.a(libc_a-stdio.o)
                              C:/ST/STM32CubeIDE_1.14.0/STM32CubeIDE/plugins/com.st.stm32cube.ide.mcu.externaltools.gnu-tools-for-stm32.12.3.rel1.win32_1.0.100.202403111256/tools/bin/../lib/gcc/arm-none-eabi/12.3.1/../../../../arm-none-eabi/lib/thumb/v7e-m+dp/hard\libc_nano.a(libc_a-findfp.o) (__sread)
C:/ST/STM32CubeIDE_1.14.0/STM32CubeIDE/plugins/com.st.stm32cube.ide.mcu.externaltools.gnu-tools-for-stm32.12.3.rel1.win32_1.0.100.202403111256/tools/bin/../lib/gcc/arm-none-eabi/12.3.1/../../../../arm-none-eabi/lib/thumb/v7e-m+dp/hard\libc_nano.a(libc_a-memset.o)
                              C:/ST/STM32CubeIDE_1.14.0/STM32CubeIDE/plugins/com.st.stm32cube.ide.mcu.externaltools.gnu-tools-for-stm32.12.3.rel1.win32_1.0.100.202403111256/tools/bin/../lib/gcc/arm-none-eabi/12.3.1/../../../../arm-none-eabi/lib/thumb/v7e-m+dp/hard/crt0.o (memset)
C:/ST/STM32CubeIDE_1.14.0/STM32CubeIDE/plugins/com.st.stm32cube.ide.mcu.externaltools.gnu-tools-for-stm32.12.3.rel1.win32_1.0.100.202403111256/tools/bin/../lib/gcc/arm-none-eabi/12.3.1/../../../../arm-none-eabi/lib/thumb/v7e-m+dp/hard\libc_nano.a(libc_a-localeconv.o)
                              C:/ST/STM32CubeIDE_1.14.0/STM32CubeIDE/plugins/com.st.stm32cube.ide.mcu.externaltools.gnu-tools-for-stm32.12.3.rel1.win32_1.0.100.202403111256/tools/bin/../lib/gcc/arm-none-eabi/12.3.1/../../../../arm-none-eabi/lib/thumb/v7e-m+dp/hard\libc_nano.a(libc_a-nano-vfprintf_float.o) (_localeconv_r)
C:/ST/STM32CubeIDE_1.14.0/STM32CubeIDE/plugins/com.st.stm32cube.ide.mcu.externaltools.gnu-tools-for-stm32.12.3.rel1.win32_1.0.100.202403111256/tools/bin/../lib/gcc/arm-none-eabi/12.3.1/../../../../arm-none-eabi/lib/thumb/v7e-m+dp/hard\libc_nano.a(libc_a-closer.o)
[...]
Memory Configuration

Name             Origin             Length             Attributes
RAM_D1           0x24000000         0x00080000         xrw
FLASH            0x08000000         0x00100000         xr
DTCMRAM          0x20000000         0x00020000         xrw
RAM_D2           0x30000000         0x00048000         xrw
RAM_D3           0x38000000         0x00010000         xrw
ITCMRAM          0x00000000         0x00010000         xrw
*default*        0x00000000         0xffffffff

Linker script and memory map

LOAD C:/ST/STM32CubeIDE_1.14.0/STM32CubeIDE/plugins/com.st.stm32cube.ide.mcu.externaltools.gnu-tools-for-stm32.12.3.rel1.win32_1.0.100.202403111256/tools/bin/../lib/gcc/arm-none-eabi/12.3.1/thumb/v7e-m+dp/hard/crti.o
LOAD C:/ST/STM32CubeIDE_1.14.0/STM32CubeIDE/plugins/com.st.stm32cube.ide.mcu.externaltools.gnu-tools-for-stm32.12.3.rel1.win32_1.0.100.202403111256/tools/bin/../lib/gcc/arm-none-eabi/12.3.1/thumb/v7e-m+dp/hard/crtbegin.o
LOAD C:/ST/STM32CubeIDE_1.14.0/STM32CubeIDE/plugins/com.st.stm32cube.ide.mcu.externaltools.gnu-tools-for-stm32.12.3.rel1.win32_1.0.100.202403111256/tools/bin/../lib/gcc/arm-none-eabi/12.3.1/../../../../arm-none-eabi/lib/thumb/v7e-m+dp/hard/crt0.o
LOAD ./Common/Src/system_stm32h7xx_dualcore_boot_cm4_cm7.o
LOAD ./Core/Src/adc.o
LOAD ./Core/Src/dma.o
LOAD ./Core/Src/dshot.o
LOAD ./Core/Src/gpio.o
LOAD ./Core/Src/main.o
LOAD ./Core/Src/stm32h7xx_hal_msp.o
LOAD ./Core/Src/stm32h7xx_it.o
LOAD ./Core/Src/syscalls.o
LOAD ./Core/Src/sysmem.o
LOAD ./Core/Src/tim.o
LOAD ./Core/Startup/startup_stm32h755zitx.o
LOAD ./Drivers/BSP/STM32H7xx_Nucleo/stm32h7xx_nucleo.o
LOAD ./Drivers/STM32H7xx_HAL_Driver/stm32h7xx_hal.o
LOAD ./Drivers/STM32H7xx_HAL_Driver/stm32h7xx_hal_adc.o
LOAD ./Drivers/STM32H7xx_HAL_Driver/stm32h7xx_hal_adc_ex.o
LOAD ./Drivers/STM32H7xx_HAL_Driver/stm32h7xx_hal_cortex.o
LOAD ./Drivers/STM32H7xx_HAL_Driver/stm32h7xx_hal_dma.o
LOAD ./Drivers/STM32H7xx_HAL_Driver/stm32h7xx_hal_dma_ex.o
LOAD ./Drivers/STM32H7xx_HAL_Driver/stm32h7xx_hal_exti.o
LOAD ./Drivers/STM32H7xx_HAL_Driver/stm32h7xx_hal_flash.o
LOAD ./Drivers/STM32H7xx_HAL_Driver/stm32h7xx_hal_flash_ex.o
LOAD ./Drivers/STM32H7xx_HAL_Driver/stm32h7xx_hal_gpio.o
LOAD ./Drivers/STM32H7xx_HAL_Driver/stm32h7xx_hal_hsem.o
LOAD ./Drivers/STM32H7xx_HAL_Driver/stm32h7xx_hal_i2c.o
LOAD ./Drivers/STM32H7xx_HAL_Driver/stm32h7xx_hal_i2c_ex.o
LOAD ./Drivers/STM32H7xx_HAL_Driver/stm32h7xx_hal_mdma.o
LOAD ./Drivers/STM32H7xx_HAL_Driver/stm32h7xx_hal_pcd.o
LOAD ./Drivers/STM32H7xx_HAL_Driver/stm32h7xx_hal_pcd_ex.o
LOAD ./Drivers/STM32H7xx_HAL_Driver/stm32h7xx_hal_pwr.o
LOAD ./Drivers/STM32H7xx_HAL_Driver/stm32h7xx_hal_pwr_ex.o
LOAD ./Drivers/STM32H7xx_HAL_Driver/stm32h7xx_hal_rcc.o
LOAD ./Drivers/STM32H7xx_HAL_Driver/stm32h7xx_hal_rcc_ex.o
LOAD ./Drivers/STM32H7xx_HAL_Driver/stm32h7xx_hal_tim.o
LOAD ./Drivers/STM32H7xx_HAL_Driver/stm32h7xx_hal_tim_ex.o
LOAD ./Drivers/STM32H7xx_HAL_Driver/stm32h7xx_hal_uart.o
LOAD ./Drivers/STM32H7xx_HAL_Driver/stm32h7xx_hal_uart_ex.o
LOAD ./Drivers/STM32H7xx_HAL_Driver/stm32h7xx_hal_usart.o
LOAD ./Drivers/STM32H7xx_HAL_Driver/stm32h7xx_hal_usart_ex.o
LOAD ./Drivers/STM32H7xx_HAL_Driver/stm32h7xx_ll_usb.o
LOAD ./Middlewares/ST/STM32_USB_Device_Library/usbd_cdc.o
LOAD ./Middlewares/ST/STM32_USB_Device_Library/usbd_core.o
LOAD ./Middlewares/ST/STM32_USB_Device_Library/usbd_ctlreq.o
LOAD ./Middlewares/ST/STM32_USB_Device_Library/usbd_ioreq.o
LOAD ./USB_DEVICE/App/usb_device.o
LOAD ./USB_DEVICE/App/usbd_cdc_if.o
LOAD ./USB_DEVICE/App/usbd_desc.o
LOAD ./USB_DEVICE/Target/usbd_conf.o
START GROUP
LOAD C:/ST/STM32CubeIDE_1.14.0/STM32CubeIDE/plugins/com.st.stm32cube.ide.mcu.externaltools.gnu-tools-for-stm32.12.3.rel1.win32_1.0.100.202403111256/tools/bin/../lib/gcc/arm-none-eabi/12.3.1/../../../../arm-none-eabi/lib/thumb/v7e-m+dp/hard\libc_nano.a
LOAD C:/ST/STM32CubeIDE_1.14.0/STM32CubeIDE/plugins/com.st.stm32cube.ide.mcu.externaltools.gnu-tools-for-stm32.12.3.rel1.win32_1.0.100.202403111256/tools/bin/../lib/gcc/arm-none-eabi/12.3.1/../../../../arm-none-eabi/lib/thumb/v7e-m+dp/hard\libm.a
END GROUP
START GROUP
LOAD C:/ST/STM32CubeIDE_1.14.0/STM32CubeIDE/plugins/com.st.stm32cube.ide.mcu.externaltools.gnu-tools-for-stm32.12.3.rel1.win32_1.0.100.202403111256/tools/bin/../lib/gcc/arm-none-eabi/12.3.1/thumb/v7e-m+dp/hard\libgcc.a
LOAD C:/ST/STM32CubeIDE_1.14.0/STM32CubeIDE/plugins/com.st.stm32cube.ide.mcu.externaltools.gnu-tools-for-stm32.12.3.rel1.win32_1.0.100.202403111256/tools/bin/../lib/gcc/arm-none-eabi/12.3.1/../../../../arm-none-eabi/lib/thumb/v7e-m+dp/hard\libc_nano.a
END GROUP
START GROUP
LOAD C:/ST/STM32CubeIDE_1.14.0/STM32CubeIDE/plugins/com.st.stm32cube.ide.mcu.externaltools.gnu-tools-for-stm32.12.3.rel1.win32_1.0.100.202403111256/tools/bin/../lib/gcc/arm-none-eabi/12.3.1/thumb/v7e-m+dp/hard\libgcc.a
LOAD C:/ST/STM32CubeIDE_1.14.0/STM32CubeIDE/plugins/com.st.stm32cube.ide.mcu.externaltools.gnu-tools-for-stm32.12.3.rel1.win32_1.0.100.202403111256/tools/bin/../lib/gcc/arm-none-eabi/12.3.1/../../../../arm-none-eabi/lib/thumb/v7e-m+dp/hard\libc_nano.a
LOAD C:/ST/STM32CubeIDE_1.14.0/STM32CubeIDE/plugins/com.st.stm32cube.ide.mcu.externaltools.gnu-tools-for-stm32.12.3.rel1.win32_1.0.100.202403111256/tools/bin/../lib/gcc/arm-none-eabi/12.3.1/../../../../arm-none-eabi/lib/thumb/v7e-m+dp/hard\libnosys.a
END GROUP
START GROUP
LOAD C:/ST/STM32CubeIDE_1.14.0/STM32CubeIDE/plugins/com.st.stm32cube.ide.mcu.externaltools.gnu-tools-for-stm32.12.3.rel1.win32_1.0.100.202403111256/tools/bin/../lib/gcc/arm-none-eabi/12.3.1/thumb/v7e-m+dp/hard\libgcc.a
LOAD C:/ST/STM32CubeIDE_1.14.0/STM32CubeIDE/plugins/com.st.stm32cube.ide.mcu.externaltools.gnu-tools-for-stm32.12.3.rel1.win32_1.0.100.202403111256/tools/bin/../lib/gcc/arm-none-eabi/12.3.1/../../../../arm-none-eabi/lib/thumb/v7e-m+dp/hard\libc_nano.a
LOAD C:/ST/STM32CubeIDE_1.14.0/STM32CubeIDE/plugins/com.st.stm32cube.ide.mcu.externaltools.gnu-tools-for-stm32.12.3.rel1.win32_1.0.100.202403111256/tools/bin/../lib/gcc/arm-none-eabi/12.3.1/../../../../arm-none-eabi/lib/thumb/v7e-m+dp/hard\libnosys.a
END GROUP
LOAD C:/ST/STM32CubeIDE_1.14.0/STM32CubeIDE/plugins/com.st.stm32cube.ide.mcu.externaltools.gnu-tools-for-stm32.12.3.rel1.win32_1.0.100.202403111256/tools/bin/../lib/gcc/arm-none-eabi/12.3.1/thumb/v7e-m+dp/hard/crtend.o
LOAD C:/ST/STM32CubeIDE_1.14.0/STM32CubeIDE/plugins/com.st.stm32cube.ide.mcu.externaltools.gnu-tools-for-stm32.12.3.rel1.win32_1.0.100.202403111256/tools/bin/../lib/gcc/arm-none-eabi/12.3.1/thumb/v7e-m+dp/hard/crtn.o
                0x24080000                        _estack = (ORIGIN (RAM_D1) + LENGTH (RAM_D1))
                0x00000200                        _Min_Heap_Size = 0x200
                0x00000400                        _Min_Stack_Size = 0x400

.isr_vector     0x08000000      0x298
                0x08000000                        . = ALIGN (0x4)
 *(.isr_vector)
 .isr_vector    0x08000000      0x298 ./Core/Startup/startup_stm32h755zitx.o
                0x08000000                g_pfnVectors
                0x08000298                        . = ALIGN (0x4)

.text           0x080002a0    0x14704
                0x080002a0                        . = ALIGN (0x4)
 *(.text)
 .text          0x080002a0       0x40 C:/ST/STM32CubeIDE_1.14.0/STM32CubeIDE/plugins/com.st.stm32cube.ide.mcu.externaltools.gnu-tools-for-stm32.12.3.rel1.win32_1.0.100.202403111256/tools/bin/../lib/gcc/arm-none-eabi/12.3.1/thumb/v7e-m+dp/hard/crtbegin.o
 .text          0x080002e0       0xa0 C:/ST/STM32CubeIDE_1.14.0/STM32CubeIDE/plugins/com.st.stm32cube.ide.mcu.externaltools.gnu-tools-for-stm32.12.3.rel1.win32_1.0.100.202403111256/tools/bin/../lib/gcc/arm-none-eabi/12.3.1/../../../../arm-none-eabi/lib/thumb/v7e-m+dp/hard\libc_nano.a(libc_a-memchr.o)
                0x080002e0                memchr
 .text          0x08000380       0x10 C:/ST/STM32CubeIDE_1.14.0/STM32CubeIDE/plugins/com.st.stm32cube.ide.mcu.externaltools.gnu-tools-for-stm32.12.3.rel1.win32_1.0.100.202403111256/tools/bin/../lib/gcc/arm-none-eabi/12.3.1/../../../../arm-none-eabi/lib/thumb/v7e-m+dp/hard\libc_nano.a(libc_a-strlen.o)
                0x08000380                strlen
 .text          0x08000390       0x30 C:/ST/STM32CubeIDE_1.14.0/STM32CubeIDE/plugins/com.st.stm32cube.ide.mcu.externaltools.gnu-tools-for-stm32.12.3.rel1.win32_1.0.100.202403111256/tools/bin/../lib/gcc/arm-none-eabi/12.3.1/thumb/v7e-m+dp/hard\libgcc.a(_aeabi_uldivmod.o)
                0x08000390                __aeabi_uldivmod
 .text          0x080003c0      0x2bc C:/ST/STM32CubeIDE_1.14.0/STM32CubeIDE/plugins/com.st.stm32cube.ide.mcu.externaltools.gnu-tools-for-stm32.12.3.rel1.win32_1.0.100.202403111256/tools/bin/../lib/gcc/arm-none-eabi/12.3.1/thumb/v7e-m+dp/hard\libgcc.a(_udivmoddi4.o)
                0x080003c0                __udivmoddi4
 .text          0x0800067c        0x4 C:/ST/STM32CubeIDE_1.14.0/STM32CubeIDE/plugins/com.st.stm32cube.ide.mcu.externaltools.gnu-tools-for-stm32.12.3.rel1.win32_1.0.100.202403111256/tools/bin/../lib/gcc/arm-none-eabi/12.3.1/thumb/v7e-m+dp/hard\libgcc.a(_dvmd_tls.o)
                0x0800067c                __aeabi_idiv0
                0x0800067c                __aeabi_ldiv0
 *(.text*)
 .text.SystemInit
                0x08000680      0x12c ./Common/Src/system_stm32h7xx_dualcore_boot_cm4_cm7.o
                0x08000680                SystemInit
 .text.MX_ADC1_Init
                0x080007ac       0xf4 ./Core/Src/adc.o
                0x080007ac                MX_ADC1_Init
 .text.HAL_ADC_MspInit
                0x080008a0       0x8c ./Core/Src/adc.o
                0x080008a0                HAL_ADC_MspInit
 .text.MX_DMA_Init
                0x0800092c       0x70 ./Core/Src/dma.o
                0x0800092c                MX_DMA_Init
 .text.dshot_init
                0x0800099c       0x22 ./Core/Src/dshot.o
                0x0800099c                dshot_init
 .text.dshot_write
                0x080009be       0x1e ./Core/Src/dshot.o
                0x080009be                dshot_write
 .text.dshot_choose_type
                0x080009dc       0x38 ./Core/Src/dshot.o
 .text.dshot_set_timer
                0x08000a14       0xbc ./Core/Src/dshot.o
 .text.dshot_dma_tc_callback
                0x08000ad0       0x88 ./Core/Src/dshot.o
 .text.dshot_put_tc_callback_function
                0x08000b58       0x3c ./Core/Src/dshot.o
 .text.dshot_start_pwm
                0x08000b94       0x30 ./Core/Src/dshot.o
 .text.dshot_prepare_packet
                0x08000bc4       0x6a ./Core/Src/dshot.o
 .text.dshot_prepare_dmabuffer
                0x08000c2e       0x60 ./Core/Src/dshot.o
 *fill*         0x08000c8e        0x2 
 .text.dshot_prepare_dmabuffer_all
                0x08000c90       0x58 ./Core/Src/dshot.o
 .text.dshot_dma_start
                0x08000ce8       0x70 ./Core/Src/dshot.o
 .text.dshot_enable_dma_request
                0x08000d58       0x58 ./Core/Src/dshot.o
 .text.MX_GPIO_Init
                0x08000db0       0xac ./Core/Src/gpio.o
                0x08000db0                MX_GPIO_Init
 .text.get_M4   0x08000e5c       0x64 ./Core/Src/main.o
                0x08000e5c                get_M4
 .text.HAL_TIM_IC_CaptureCallback
                0x08000ec0       0x28 ./Core/Src/main.o
                0x08000ec0                HAL_TIM_IC_CaptureCallback
 .text.main     0x08000ee8      0x2a8 ./Core/Src/main.o
                0x08000ee8                main
 .text.SystemClock_Config
                0x08001190      0x100 ./Core/Src/main.o
                0x08001190                SystemClock_Config
 .text.PeriphCommonClock_Config
                0x08001290       0x66 ./Core/Src/main.o
                0x08001290                PeriphCommonClock_Config
 .text.Error_Handler
                0x080012f6        0xc ./Core/Src/main.o
                0x080012f6                Error_Handler
 *fill*         0x08001302        0x2 
 .text.HAL_MspInit
                0x08001304       0x34 ./Core/Src/stm32h7xx_hal_msp.o
                0x08001304                HAL_MspInit
 .text.map      0x08001338       0x6c ./Core/Src/stm32h7xx_it.o
                0x08001338                map
 .text.Controle
                0x080013a4      0x2e4 ./Core/Src/stm32h7xx_it.o
                0x080013a4                Controle
 .text.NMI_Handler
                0x08001688        0x8 ./Core/Src/stm32h7xx_it.o
                0x08001688                NMI_Handler
 .text.HardFault_Handler
                0x08001690        0x8 ./Core/Src/stm32h7xx_it.o
                0x08001690                HardFault_Handler
 .text.MemManage_Handler
                0x08001698        0x8 ./Core/Src/stm32h7xx_it.o
                0x08001698                MemManage_Handler
 .text.BusFault_Handler
                0x080016a0        0x8 ./Core/Src/stm32h7xx_it.o
                0x080016a0                BusFault_Handler
 .text.UsageFault_Handler
                0x080016a8        0x8 ./Core/Src/stm32h7xx_it.o
                0x080016a8                UsageFault_Handler
 .text.SVC_Handler
                0x080016b0        0xe ./Core/Src/stm32h7xx_it.o
                0x080016b0                SVC_Handler
 .text.DebugMon_Handler
                0x080016be        0xe ./Core/Src/stm32h7xx_it.o
                0x080016be                DebugMon_Handler
 .text.PendSV_Handler
                0x080016cc        0xe ./Core/Src/stm32h7xx_it.o
                0x080016cc                PendSV_Handler
 .text.SysTick_Handler
                0x080016da        0xc ./Core/Src/stm32h7xx_it.o
                0x080016da                SysTick_Handler
 *fill*         0x080016e6        0x2 
 .text.DMA1_Stream1_IRQHandler
                0x080016e8       0x14 ./Core/Src/stm32h7xx_it.o
                0x080016e8                DMA1_Stream1_IRQHandler
 .text.DMA1_Stream3_IRQHandler
                0x080016fc       0x14 ./Core/Src/stm32h7xx_it.o
                0x080016fc                DMA1_Stream3_IRQHandler
 .text.DMA1_Stream4_IRQHandler
                0x08001710       0x14 ./Core/Src/stm32h7xx_it.o
                0x08001710                DMA1_Stream4_IRQHandler
 .text.DMA1_Stream5_IRQHandler
                0x08001724       0x14 ./Core/Src/stm32h7xx_it.o
                0x08001724                DMA1_Stream5_IRQHandler
 .text.TIM4_IRQHandler
                0x08001738       0x14 ./Core/Src/stm32h7xx_it.o
                0x08001738                TIM4_IRQHandler
 .text.EXTI15_10_IRQHandler
                0x0800174c        0xe ./Core/Src/stm32h7xx_it.o
                0x0800174c                EXTI15_10_IRQHandler
 *fill*         0x0800175a        0x2 
 .text.OTG_FS_IRQHandler
                0x0800175c       0x14 ./Core/Src/stm32h7xx_it.o
                0x0800175c                OTG_FS_IRQHandler
 .text.TIM15_IRQHandler
                0x08001770      0x120 ./Core/Src/stm32h7xx_it.o
                0x08001770                TIM15_IRQHandler
 .text._getpid  0x08001890       0x10 ./Core/Src/syscalls.o
                0x08001890                _getpid
 .text._kill    0x080018a0       0x20 ./Core/Src/syscalls.o
                0x080018a0                _kill
 .text._exit    0x080018c0       0x16 ./Core/Src/syscalls.o
                0x080018c0                _exit
 .text._read    0x080018d6       0x3a ./Core/Src/syscalls.o
                0x080018d6                _read
 .text._write   0x08001910       0x38 ./Core/Src/syscalls.o
                0x08001910                _write
 .text._close   0x08001948       0x18 ./Core/Src/syscalls.o
                0x08001948                _close
 .text._fstat   0x08001960       0x20 ./Core/Src/syscalls.o
                0x08001960                _fstat
 .text._isatty  0x08001980       0x16 ./Core/Src/syscalls.o
                0x08001980                _isatty
 .text._lseek   0x08001996       0x1a ./Core/Src/syscalls.o
                0x08001996                _lseek
 .text._sbrk    0x080019b0       0x6c ./Core/Src/sysmem.o
                0x080019b0                _sbrk
 .text.MX_TIM1_Init
                0x08001a1c       0xb4 ./Core/Src/tim.o
                0x08001a1c                MX_TIM1_Init
 .text.MX_TIM2_Init
                0x08001ad0       0xc8 ./Core/Src/tim.o
                0x08001ad0                MX_TIM2_Init
 .text.MX_TIM3_Init
                0x08001b98       0xac ./Core/Src/tim.o
                0x08001b98                MX_TIM3_Init
 .text.MX_TIM4_Init
                0x08001c44       0xac ./Core/Src/tim.o
                0x08001c44                MX_TIM4_Init
 .text.MX_TIM5_Init
                0x08001cf0       0xc8 ./Core/Src/tim.o
                0x08001cf0                MX_TIM5_Init
 .text.MX_TIM8_Init
                0x08001db8       0xb4 ./Core/Src/tim.o
                0x08001db8                MX_TIM8_Init
 .text.MX_TIM15_Init
                0x08001e6c       0xa4 ./Core/Src/tim.o
                0x08001e6c                MX_TIM15_Init
 .text.HAL_TIM_Encoder_MspInit
                0x08001f10      0x1f8 ./Core/Src/tim.o
                0x08001f10                HAL_TIM_Encoder_MspInit
 .text.HAL_TIM_PWM_MspInit
                0x08002108      0x258 ./Core/Src/tim.o
                0x08002108                HAL_TIM_PWM_MspInit
 .text.HAL_TIM_Base_MspInit
                0x08002360       0x50 ./Core/Src/tim.o
                0x08002360                HAL_TIM_Base_MspInit
 .text.HAL_TIM_MspPostInit
                0x080023b0       0xc0 ./Core/Src/tim.o
                0x080023b0                HAL_TIM_MspPostInit
 .text.Reset_Handler
                0x08002470       0x50 ./Core/Startup/startup_stm32h755zitx.o
                0x08002470                Reset_Handler
 .text.Default_Handler
                0x080024c0        0x2 ./Core/Startup/startup_stm32h755zitx.o
                0x080024c0                RTC_Alarm_IRQHandler
                0x080024c0                HASH_RNG_IRQHandler
                0x080024c0                EXTI2_IRQHandler
                0x080024c0                TIM8_CC_IRQHandler
                0x080024c0                HRTIM1_Master_IRQHandler
                0x080024c0                UART8_IRQHandler
                0x080024c0                SPI4_IRQHandler
                0x080024c0                TIM1_CC_IRQHandler
                0x080024c0                BDMA_Channel6_IRQHandler
                0x080024c0                DMA2_Stream5_IRQHandler
                0x080024c0                HRTIM1_FLT_IRQHandler
                0x080024c0                JPEG_IRQHandler
                0x080024c0                BDMA_Channel1_IRQHandler
                0x080024c0                HRTIM1_TIMD_IRQHandler
                0x080024c0                TAMP_STAMP_IRQHandler
                0x080024c0                EXTI3_IRQHandler
                0x080024c0                LPTIM4_IRQHandler
                0x080024c0                TIM8_TRG_COM_TIM14_IRQHandler
                0x080024c0                LPTIM2_IRQHandler
                0x080024c0                DFSDM1_FLT1_IRQHandler
                0x080024c0                DMAMUX2_OVR_IRQHandler
                0x080024c0                TIM8_UP_TIM13_IRQHandler
                0x080024c0                I2C3_ER_IRQHandler
                0x080024c0                DFSDM1_FLT2_IRQHandler
                0x080024c0                MDMA_IRQHandler
                0x080024c0                LPTIM3_IRQHandler
                0x080024c0                HSEM1_IRQHandler
                0x080024c0                EXTI0_IRQHandler
                0x080024c0                I2C2_EV_IRQHandler
                0x080024c0                DMA1_Stream2_IRQHandler
                0x080024c0                FPU_IRQHandler
                0x080024c0                OTG_HS_WKUP_IRQHandler
                0x080024c0                FDCAN1_IT1_IRQHandler
                0x080024c0                LTDC_ER_IRQHandler
                0x080024c0                DMA2_Stream2_IRQHandler
                0x080024c0                HRTIM1_TIME_IRQHandler
                0x080024c0                SPI1_IRQHandler
                0x080024c0                TIM6_DAC_IRQHandler
                0x080024c0                DCMI_IRQHandler
                0x080024c0                HRTIM1_TIMC_IRQHandler
                0x080024c0                DMA2_Stream3_IRQHandler
                0x080024c0                SAI2_IRQHandler
                0x080024c0                DFSDM1_FLT3_IRQHandler
                0x080024c0                USART6_IRQHandler
                0x080024c0                TIM17_IRQHandler
                0x080024c0                USART3_IRQHandler
                0x080024c0                BDMA_Channel7_IRQHandler
                0x080024c0                CRYP_IRQHandler
                0x080024c0                LPTIM5_IRQHandler
                0x080024c0                UART5_IRQHandler
                0x080024c0                ADC3_IRQHandler
                0x080024c0                DMA2_Stream0_IRQHandler
                0x080024c0                BDMA_Channel2_IRQHandler
                0x080024c0                QUADSPI_IRQHandler
                0x080024c0                I2C1_EV_IRQHandler
                0x080024c0                DMA1_Stream6_IRQHandler
                0x080024c0                DMAMUX1_OVR_IRQHandler
                0x080024c0                TIM16_IRQHandler
                0x080024c0                UART4_IRQHandler
                0x080024c0                BDMA_Channel5_IRQHandler
                0x080024c0                TIM3_IRQHandler
                0x080024c0                RCC_IRQHandler
                0x080024c0                TIM8_BRK_TIM12_IRQHandler
                0x080024c0                TIM1_TRG_COM_IRQHandler
                0x080024c0                Default_Handler
                0x080024c0                ECC_IRQHandler
                0x080024c0                CEC_IRQHandler
                0x080024c0                BDMA_Channel0_IRQHandler
                0x080024c0                ADC_IRQHandler
                0x080024c0                DMA1_Stream7_IRQHandler
                0x080024c0                HRTIM1_TIMA_IRQHandler
                0x080024c0                SPI5_IRQHandler
                0x080024c0                TIM7_IRQHandler
                0x080024c0                SDMMC1_IRQHandler
                0x080024c0                TIM5_IRQHandler
                0x080024c0                DMA2_Stream7_IRQHandler
                0x080024c0                PVD_AVD_IRQHandler
                0x080024c0                I2C3_EV_IRQHandler
                0x080024c0                EXTI9_5_IRQHandler
                0x080024c0                RTC_WKUP_IRQHandler
                0x080024c0                LTDC_IRQHandler
                0x080024c0                SAI3_IRQHandler
                0x080024c0                ETH_WKUP_IRQHandler
                0x080024c0                SPDIF_RX_IRQHandler
                0x080024c0                SPI2_IRQHandler
                0x080024c0                OTG_HS_EP1_IN_IRQHandler
                0x080024c0                DMA1_Stream0_IRQHandler
                0x080024c0                CRS_IRQHandler
                0x080024c0                CM7_SEV_IRQHandler
                0x080024c0                EXTI4_IRQHandler
                0x080024c0                CM4_SEV_IRQHandler
                0x080024c0                HRTIM1_TIMB_IRQHandler
                0x080024c0                FDCAN2_IT1_IRQHandler
                0x080024c0                ETH_IRQHandler
                0x080024c0                TIM1_UP_IRQHandler
                0x080024c0                WWDG_RST_IRQHandler
                0x080024c0                BDMA_Channel4_IRQHandler
                0x080024c0                OTG_HS_EP1_OUT_IRQHandler
                0x080024c0                WWDG_IRQHandler
                0x080024c0                SPI6_IRQHandler
                0x080024c0                MDIOS_IRQHandler
                0x080024c0                I2C4_EV_IRQHandler
                0x080024c0                FDCAN2_IT0_IRQHandler
                0x080024c0                LPUART1_IRQHandler
                0x080024c0                FDCAN1_IT0_IRQHandler
                0x080024c0                TIM2_IRQHandler
                0x080024c0                OTG_FS_WKUP_IRQHandler
                0x080024c0                OTG_HS_IRQHandler
                0x080024c0                HSEM2_IRQHandler
                0x080024c0                DMA2D_IRQHandler
                0x080024c0                TIM1_BRK_IRQHandler
                0x080024c0                EXTI1_IRQHandler
                0x080024c0                SDMMC2_IRQHandler
                0x080024c0                OTG_FS_EP1_OUT_IRQHandler
                0x080024c0                BDMA_Channel3_IRQHandler
                0x080024c0                HOLD_CORE_IRQHandler
                0x080024c0                UART7_IRQHandler
                0x080024c0                MDIOS_WKUP_IRQHandler
                0x080024c0                USART2_IRQHandler
                0x080024c0                DFSDM1_FLT0_IRQHandler
                0x080024c0                SAI4_IRQHandler
                0x080024c0                I2C2_ER_IRQHandler
                0x080024c0                DMA2_Stream1_IRQHandler
                0x080024c0                FLASH_IRQHandler
                0x080024c0                DMA2_Stream4_IRQHandler
                0x080024c0                USART1_IRQHandler
                0x080024c0                SPI3_IRQHandler
                0x080024c0                WAKEUP_PIN_IRQHandler
                0x080024c0                OTG_FS_EP1_IN_IRQHandler
                0x080024c0                I2C1_ER_IRQHandler
                0x080024c0                FMC_IRQHandler
                0x080024c0                FDCAN_CAL_IRQHandler
                0x080024c0                SWPMI1_IRQHandler
                0x080024c0                COMP1_IRQHandler
                0x080024c0                LPTIM1_IRQHandler
                0x080024c0                I2C4_ER_IRQHandler
                0x080024c0                DMA2_Stream6_IRQHandler
                0x080024c0                SAI1_IRQHandler
 *fill*         0x080024c2        0x2 
 .text.BSP_LED_Init
                0x080024c4       0xec ./Drivers/BSP/STM32H7xx_Nucleo/stm32h7xx_nucleo.o
                0x080024c4                BSP_LED_Init
 .text.BSP_PB_Init
                0x080025b0       0xe4 ./Drivers/BSP/STM32H7xx_Nucleo/stm32h7xx_nucleo.o
                0x080025b0                BSP_PB_Init
 .text.BSP_PB_IRQHandler
                0x08002694       0x24 ./Drivers/BSP/STM32H7xx_Nucleo/stm32h7xx_nucleo.o
                0x08002694                BSP_PB_IRQHandler
 .text.BSP_PB_Callback
                0x080026b8       0x16 ./Drivers/BSP/STM32H7xx_Nucleo/stm32h7xx_nucleo.o
                0x080026b8                BSP_PB_Callback
 *fill*         0x080026ce        0x2 
 .text.BSP_COM_Init
                0x080026d0       0x60 ./Drivers/BSP/STM32H7xx_Nucleo/stm32h7xx_nucleo.o
                0x080026d0                BSP_COM_Init
 .text.MX_USART3_Init
                0x08002730       0x64 ./Drivers/BSP/STM32H7xx_Nucleo/stm32h7xx_nucleo.o
                0x08002730                MX_USART3_Init
 .text.__io_putchar
                0x08002794       0x38 ./Drivers/BSP/STM32H7xx_Nucleo/stm32h7xx_nucleo.o
                0x08002794                __io_putchar
 .text.BUTTON_USER_EXTI_Callback
                0x080027cc        0xe ./Drivers/BSP/STM32H7xx_Nucleo/stm32h7xx_nucleo.o
 *fill*         0x080027da        0x2 
 .text.COM1_MspInit
                0x080027dc       0xb0 ./Drivers/BSP/STM32H7xx_Nucleo/stm32h7xx_nucleo.o
 .text.HAL_Init
                0x0800288c       0x78 ./Drivers/STM32H7xx_HAL_Driver/stm32h7xx_hal.o
                0x0800288c                HAL_Init
 .text.HAL_InitTick
                0x08002904       0x6c ./Drivers/STM32H7xx_HAL_Driver/stm32h7xx_hal.o
                0x08002904                HAL_InitTick
 .text.HAL_IncTick
                0x08002970       0x28 ./Drivers/STM32H7xx_HAL_Driver/stm32h7xx_hal.o
                0x08002970                HAL_IncTick
 .text.HAL_GetTick
                0x08002998       0x18 ./Drivers/STM32H7xx_HAL_Driver/stm32h7xx_hal.o
                0x08002998                HAL_GetTick
 .text.HAL_Delay
                0x080029b0       0x48 ./Drivers/STM32H7xx_HAL_Driver/stm32h7xx_hal.o
                0x080029b0                HAL_Delay
 .text.HAL_GetREVID
                0x080029f8       0x18 ./Drivers/STM32H7xx_HAL_Driver/stm32h7xx_hal.o
                0x080029f8                HAL_GetREVID
 .text.LL_ADC_SetCommonClock
                0x08002a10       0x26 ./Drivers/STM32H7xx_HAL_Driver/stm32h7xx_hal_adc.o
 .text.LL_ADC_SetCommonPathInternalCh
                0x08002a36       0x26 ./Drivers/STM32H7xx_HAL_Driver/stm32h7xx_hal_adc.o
 .text.LL_ADC_GetCommonPathInternalCh
                0x08002a5c       0x1c ./Drivers/STM32H7xx_HAL_Driver/stm32h7xx_hal_adc.o
 .text.LL_ADC_SetOffset
                0x08002a78       0x40 ./Drivers/STM32H7xx_HAL_Driver/stm32h7xx_hal_adc.o
 .text.LL_ADC_SetDataRightShift
                0x08002ab8       0x32 ./Drivers/STM32H7xx_HAL_Driver/stm32h7xx_hal_adc.o
 .text.LL_ADC_SetOffsetSignedSaturation
                0x08002aea       0x36 ./Drivers/STM32H7xx_HAL_Driver/stm32h7xx_hal_adc.o
 .text.LL_ADC_REG_SetSequencerRanks
                0x08002b20       0x58 ./Drivers/STM32H7xx_HAL_Driver/stm32h7xx_hal_adc.o
 .text.LL_ADC_SetChannelSamplingTime
                0x08002b78       0x56 ./Drivers/STM32H7xx_HAL_Driver/stm32h7xx_hal_adc.o
 *fill*         0x08002bce        0x2 
 .text.LL_ADC_SetChannelSingleDiff
                0x08002bd0       0x48 ./Drivers/STM32H7xx_HAL_Driver/stm32h7xx_hal_adc.o
 .text.LL_ADC_DisableDeepPowerDown
                0x08002c18       0x24 ./Drivers/STM32H7xx_HAL_Driver/stm32h7xx_hal_adc.o
 .text.LL_ADC_IsDeepPowerDownEnabled
                0x08002c3c       0x28 ./Drivers/STM32H7xx_HAL_Driver/stm32h7xx_hal_adc.o
 .text.LL_ADC_EnableInternalRegulator
                0x08002c64       0x28 ./Drivers/STM32H7xx_HAL_Driver/stm32h7xx_hal_adc.o
 .text.LL_ADC_IsInternalRegulatorEnabled
                0x08002c8c       0x28 ./Drivers/STM32H7xx_HAL_Driver/stm32h7xx_hal_adc.o
 .text.LL_ADC_IsEnabled
                0x08002cb4       0x26 ./Drivers/STM32H7xx_HAL_Driver/stm32h7xx_hal_adc.o
 .text.LL_ADC_REG_IsConversionOngoing
                0x08002cda       0x26 ./Drivers/STM32H7xx_HAL_Driver/stm32h7xx_hal_adc.o
 .text.LL_ADC_INJ_IsConversionOngoing
                0x08002d00       0x26 ./Drivers/STM32H7xx_HAL_Driver/stm32h7xx_hal_adc.o
 *fill*         0x08002d26        0x2 
 .text.HAL_ADC_Init
                0x08002d28      0x344 ./Drivers/STM32H7xx_HAL_Driver/stm32h7xx_hal_adc.o
                0x08002d28                HAL_ADC_Init
 .text.HAL_ADC_ConfigChannel
                0x0800306c      0x6b8 ./Drivers/STM32H7xx_HAL_Driver/stm32h7xx_hal_adc.o
                0x0800306c                HAL_ADC_ConfigChannel
 .text.ADC_ConfigureBoostMode
                0x08003724      0x218 ./Drivers/STM32H7xx_HAL_Driver/stm32h7xx_hal_adc.o
                0x08003724                ADC_ConfigureBoostMode
 .text.LL_ADC_IsEnabled
                0x0800393c       0x26 ./Drivers/STM32H7xx_HAL_Driver/stm32h7xx_hal_adc_ex.o
 .text.LL_ADC_REG_IsConversionOngoing
                0x08003962       0x26 ./Drivers/STM32H7xx_HAL_Driver/stm32h7xx_hal_adc_ex.o
 .text.HAL_ADCEx_MultiModeConfigChannel
                0x08003988      0x1bc ./Drivers/STM32H7xx_HAL_Driver/stm32h7xx_hal_adc_ex.o
                0x08003988                HAL_ADCEx_MultiModeConfigChannel
 .text.__NVIC_SetPriorityGrouping
                0x08003b44       0x48 ./Drivers/STM32H7xx_HAL_Driver/stm32h7xx_hal_cortex.o
 .text.__NVIC_GetPriorityGrouping
                0x08003b8c       0x1c ./Drivers/STM32H7xx_HAL_Driver/stm32h7xx_hal_cortex.o
 .text.__NVIC_EnableIRQ
                0x08003ba8       0x3c ./Drivers/STM32H7xx_HAL_Driver/stm32h7xx_hal_cortex.o
 .text.__NVIC_SetPriority
                0x08003be4       0x54 ./Drivers/STM32H7xx_HAL_Driver/stm32h7xx_hal_cortex.o
 .text.NVIC_EncodePriority
                0x08003c38       0x66 ./Drivers/STM32H7xx_HAL_Driver/stm32h7xx_hal_cortex.o
 *fill*         0x08003c9e        0x2 
 .text.SysTick_Config
                0x08003ca0       0x44 ./Drivers/STM32H7xx_HAL_Driver/stm32h7xx_hal_cortex.o
 .text.HAL_NVIC_SetPriorityGrouping
                0x08003ce4       0x16 ./Drivers/STM32H7xx_HAL_Driver/stm32h7xx_hal_cortex.o
                0x08003ce4                HAL_NVIC_SetPriorityGrouping
 .text.HAL_NVIC_SetPriority
                0x08003cfa       0x34 ./Drivers/STM32H7xx_HAL_Driver/stm32h7xx_hal_cortex.o
                0x08003cfa                HAL_NVIC_SetPriority
 .text.HAL_NVIC_EnableIRQ
                0x08003d2e       0x1c ./Drivers/STM32H7xx_HAL_Driver/stm32h7xx_hal_cortex.o
                0x08003d2e                HAL_NVIC_EnableIRQ
 .text.HAL_SYSTICK_Config
                0x08003d4a       0x18 ./Drivers/STM32H7xx_HAL_Driver/stm32h7xx_hal_cortex.o
                0x08003d4a                HAL_SYSTICK_Config
 *fill*         0x08003d62        0x2 
 .text.HAL_GetCurrentCPUID
                0x08003d64       0x28 ./Drivers/STM32H7xx_HAL_Driver/stm32h7xx_hal_cortex.o
                0x08003d64                HAL_GetCurrentCPUID
 .text.HAL_DMA_Init
                0x08003d8c      0x6b8 ./Drivers/STM32H7xx_HAL_Driver/stm32h7xx_hal_dma.o
                0x08003d8c                HAL_DMA_Init
 .text.HAL_DMA_Start_IT
                0x08004444      0x4d4 ./Drivers/STM32H7xx_HAL_Driver/stm32h7xx_hal_dma.o
                0x08004444                HAL_DMA_Start_IT
 .text.HAL_DMA_IRQHandler
                0x08004918      0xe54 ./Drivers/STM32H7xx_HAL_Driver/stm32h7xx_hal_dma.o
                0x08004918                HAL_DMA_IRQHandler
 .text.DMA_SetConfig
                0x0800576c      0x358 ./Drivers/STM32H7xx_HAL_Driver/stm32h7xx_hal_dma.o
 .text.DMA_CalcBaseAndBitshift
                0x08005ac4      0x164 ./Drivers/STM32H7xx_HAL_Driver/stm32h7xx_hal_dma.o
 .text.DMA_CheckFifoParam
                0x08005c28       0xf8 ./Drivers/STM32H7xx_HAL_Driver/stm32h7xx_hal_dma.o
 .text.DMA_CalcDMAMUXChannelBaseAndMask
                0x08005d20      0x134 ./Drivers/STM32H7xx_HAL_Driver/stm32h7xx_hal_dma.o
 .text.DMA_CalcDMAMUXRequestGenBaseAndMask
                0x08005e54       0xe8 ./Drivers/STM32H7xx_HAL_Driver/stm32h7xx_hal_dma.o
 .text.HAL_EXTI_RegisterCallback
                0x08005f3c       0x3e ./Drivers/STM32H7xx_HAL_Driver/stm32h7xx_hal_exti.o
                0x08005f3c                HAL_EXTI_RegisterCallback
 .text.HAL_EXTI_GetHandle
                0x08005f7a       0x28 ./Drivers/STM32H7xx_HAL_Driver/stm32h7xx_hal_exti.o
                0x08005f7a                HAL_EXTI_GetHandle
 *fill*         0x08005fa2        0x2 
 .text.HAL_EXTI_IRQHandler
                0x08005fa4       0x78 ./Drivers/STM32H7xx_HAL_Driver/stm32h7xx_hal_exti.o
                0x08005fa4                HAL_EXTI_IRQHandler
 .text.HAL_GPIO_Init
                0x0800601c      0x360 ./Drivers/STM32H7xx_HAL_Driver/stm32h7xx_hal_gpio.o
                0x0800601c                HAL_GPIO_Init
 .text.HAL_GPIO_WritePin
                0x0800637c       0x32 ./Drivers/STM32H7xx_HAL_Driver/stm32h7xx_hal_gpio.o
                0x0800637c                HAL_GPIO_WritePin
 .text.HAL_GPIO_TogglePin
                0x080063ae       0x34 ./Drivers/STM32H7xx_HAL_Driver/stm32h7xx_hal_gpio.o
                0x080063ae                HAL_GPIO_TogglePin
 *fill*         0x080063e2        0x2 
 .text.HAL_HSEM_FastTake
                0x080063e4       0x34 ./Drivers/STM32H7xx_HAL_Driver/stm32h7xx_hal_hsem.o
                0x080063e4                HAL_HSEM_FastTake
 .text.HAL_HSEM_Release
                0x08006418       0x28 ./Drivers/STM32H7xx_HAL_Driver/stm32h7xx_hal_hsem.o
                0x08006418                HAL_HSEM_Release
 .text.HAL_PCD_Init
                0x08006440      0x218 ./Drivers/STM32H7xx_HAL_Driver/stm32h7xx_hal_pcd.o
                0x08006440                HAL_PCD_Init
 .text.HAL_PCD_Start
                0x08006658       0x6a ./Drivers/STM32H7xx_HAL_Driver/stm32h7xx_hal_pcd.o
                0x08006658                HAL_PCD_Start
 .text.HAL_PCD_IRQHandler
                0x080066c2      0x99c ./Drivers/STM32H7xx_HAL_Driver/stm32h7xx_hal_pcd.o
                0x080066c2                HAL_PCD_IRQHandler
 .text.HAL_PCD_SetAddress
                0x0800705e       0x48 ./Drivers/STM32H7xx_HAL_Driver/stm32h7xx_hal_pcd.o
                0x0800705e                HAL_PCD_SetAddress
 .text.HAL_PCD_EP_Open
                0x080070a6       0xd0 ./Drivers/STM32H7xx_HAL_Driver/stm32h7xx_hal_pcd.o
                0x080070a6                HAL_PCD_EP_Open
 .text.HAL_PCD_EP_Close
                0x08007176       0x94 ./Drivers/STM32H7xx_HAL_Driver/stm32h7xx_hal_pcd.o
                0x08007176                HAL_PCD_EP_Close
 .text.HAL_PCD_EP_Receive
                0x0800720a       0x76 ./Drivers/STM32H7xx_HAL_Driver/stm32h7xx_hal_pcd.o
                0x0800720a                HAL_PCD_EP_Receive
 .text.HAL_PCD_EP_GetRxCount
                0x08007280       0x30 ./Drivers/STM32H7xx_HAL_Driver/stm32h7xx_hal_pcd.o
                0x08007280                HAL_PCD_EP_GetRxCount
 .text.HAL_PCD_EP_Transmit
                0x080072b0       0x74 ./Drivers/STM32H7xx_HAL_Driver/stm32h7xx_hal_pcd.o
                0x080072b0                HAL_PCD_EP_Transmit
 .text.HAL_PCD_EP_SetStall
                0x08007324       0xc6 ./Drivers/STM32H7xx_HAL_Driver/stm32h7xx_hal_pcd.o
                0x08007324                HAL_PCD_EP_SetStall
 .text.HAL_PCD_EP_ClrStall
                0x080073ea       0xac ./Drivers/STM32H7xx_HAL_Driver/stm32h7xx_hal_pcd.o
                0x080073ea                HAL_PCD_EP_ClrStall
 .text.HAL_PCD_EP_Abort
                0x08007496       0x62 ./Drivers/STM32H7xx_HAL_Driver/stm32h7xx_hal_pcd.o
                0x08007496                HAL_PCD_EP_Abort
 .text.PCD_WriteEmptyTxFifo
                0x080074f8      0x118 ./Drivers/STM32H7xx_HAL_Driver/stm32h7xx_hal_pcd.o
 .text.PCD_EP_OutXfrComplete_int
                0x08007610      0x1d0 ./Drivers/STM32H7xx_HAL_Driver/stm32h7xx_hal_pcd.o
 .text.PCD_EP_OutSetupPacket_int
                0x080077e0       0x8c ./Drivers/STM32H7xx_HAL_Driver/stm32h7xx_hal_pcd.o
 .text.HAL_PCDEx_SetTxFiFo
                0x0800786c       0x8e ./Drivers/STM32H7xx_HAL_Driver/stm32h7xx_hal_pcd_ex.o
                0x0800786c                HAL_PCDEx_SetTxFiFo
 .text.HAL_PCDEx_SetRxFiFo
                0x080078fa       0x22 ./Drivers/STM32H7xx_HAL_Driver/stm32h7xx_hal_pcd_ex.o
                0x080078fa                HAL_PCDEx_SetRxFiFo
 .text.HAL_PCDEx_ActivateLPM
                0x0800791c       0x48 ./Drivers/STM32H7xx_HAL_Driver/stm32h7xx_hal_pcd_ex.o
                0x0800791c                HAL_PCDEx_ActivateLPM
 .text.HAL_PCDEx_LPM_Callback
                0x08007964       0x18 ./Drivers/STM32H7xx_HAL_Driver/stm32h7xx_hal_pcd_ex.o
                0x08007964                HAL_PCDEx_LPM_Callback
 .text.HAL_PWREx_ConfigSupply
                0x0800797c       0xb4 ./Drivers/STM32H7xx_HAL_Driver/stm32h7xx_hal_pwr_ex.o
                0x0800797c                HAL_PWREx_ConfigSupply
 .text.HAL_PWREx_EnableUSBVoltageDetector
                0x08007a30       0x20 ./Drivers/STM32H7xx_HAL_Driver/stm32h7xx_hal_pwr_ex.o
                0x08007a30                HAL_PWREx_EnableUSBVoltageDetector
 .text.HAL_RCC_OscConfig
                0x08007a50      0x8b4 ./Drivers/STM32H7xx_HAL_Driver/stm32h7xx_hal_rcc.o
                0x08007a50                HAL_RCC_OscConfig
 .text.HAL_RCC_ClockConfig
                0x08008304      0x36c ./Drivers/STM32H7xx_HAL_Driver/stm32h7xx_hal_rcc.o
                0x08008304                HAL_RCC_ClockConfig
 .text.HAL_RCC_GetSysClockFreq
                0x08008670      0x2f4 ./Drivers/STM32H7xx_HAL_Driver/stm32h7xx_hal_rcc.o
                0x08008670                HAL_RCC_GetSysClockFreq
 .text.HAL_RCC_GetHCLKFreq
                0x08008964       0x60 ./Drivers/STM32H7xx_HAL_Driver/stm32h7xx_hal_rcc.o
                0x08008964                HAL_RCC_GetHCLKFreq
 .text.HAL_RCC_GetPCLK1Freq
                0x080089c4       0x2c ./Drivers/STM32H7xx_HAL_Driver/stm32h7xx_hal_rcc.o
                0x080089c4                HAL_RCC_GetPCLK1Freq
 .text.HAL_RCC_GetPCLK2Freq
                0x080089f0       0x2c ./Drivers/STM32H7xx_HAL_Driver/stm32h7xx_hal_rcc.o
                0x080089f0                HAL_RCC_GetPCLK2Freq
 .text.HAL_RCCEx_PeriphCLKConfig
                0x08008a1c     0x1414 ./Drivers/STM32H7xx_HAL_Driver/stm32h7xx_hal_rcc_ex.o
                0x08008a1c                HAL_RCCEx_PeriphCLKConfig
 .text.HAL_RCCEx_GetPeriphCLKFreq
                0x08009e30      0xb00 ./Drivers/STM32H7xx_HAL_Driver/stm32h7xx_hal_rcc_ex.o
                0x08009e30                HAL_RCCEx_GetPeriphCLKFreq
 .text.HAL_RCCEx_GetD3PCLK1Freq
                0x0800a930       0x2c ./Drivers/STM32H7xx_HAL_Driver/stm32h7xx_hal_rcc_ex.o
                0x0800a930                HAL_RCCEx_GetD3PCLK1Freq
 .text.HAL_RCCEx_GetPLL2ClockFreq
                0x0800a95c      0x2a8 ./Drivers/STM32H7xx_HAL_Driver/stm32h7xx_hal_rcc_ex.o
                0x0800a95c                HAL_RCCEx_GetPLL2ClockFreq
 .text.HAL_RCCEx_GetPLL3ClockFreq
                0x0800ac04      0x2a8 ./Drivers/STM32H7xx_HAL_Driver/stm32h7xx_hal_rcc_ex.o
                0x0800ac04                HAL_RCCEx_GetPLL3ClockFreq
 .text.HAL_RCCEx_GetPLL1ClockFreq
                0x0800aeac      0x2a4 ./Drivers/STM32H7xx_HAL_Driver/stm32h7xx_hal_rcc_ex.o
                0x0800aeac                HAL_RCCEx_GetPLL1ClockFreq
 .text.RCCEx_PLL2_Config
                0x0800b150      0x164 ./Drivers/STM32H7xx_HAL_Driver/stm32h7xx_hal_rcc_ex.o
 .text.RCCEx_PLL3_Config
                0x0800b2b4      0x164 ./Drivers/STM32H7xx_HAL_Driver/stm32h7xx_hal_rcc_ex.o
 .text.HAL_TIM_Base_Init
                0x0800b418       0xae ./Drivers/STM32H7xx_HAL_Driver/stm32h7xx_hal_tim.o
                0x0800b418                HAL_TIM_Base_Init
 *fill*         0x0800b4c6        0x2 
 .text.HAL_TIM_Base_Start_IT
                0x0800b4c8       0xf0 ./Drivers/STM32H7xx_HAL_Driver/stm32h7xx_hal_tim.o
                0x0800b4c8                HAL_TIM_Base_Start_IT
 .text.HAL_TIM_PWM_Init
                0x0800b5b8       0xae ./Drivers/STM32H7xx_HAL_Driver/stm32h7xx_hal_tim.o
                0x0800b5b8                HAL_TIM_PWM_Init
 *fill*         0x0800b666        0x2 
 .text.HAL_TIM_PWM_Start
                0x0800b668      0x21c ./Drivers/STM32H7xx_HAL_Driver/stm32h7xx_hal_tim.o
                0x0800b668                HAL_TIM_PWM_Start
 .text.HAL_TIM_Encoder_Init
                0x0800b884      0x14c ./Drivers/STM32H7xx_HAL_Driver/stm32h7xx_hal_tim.o
                0x0800b884                HAL_TIM_Encoder_Init
 .text.HAL_TIM_Encoder_Start_IT
                0x0800b9d0      0x15c ./Drivers/STM32H7xx_HAL_Driver/stm32h7xx_hal_tim.o
                0x0800b9d0                HAL_TIM_Encoder_Start_IT
 .text.HAL_TIM_IRQHandler
                0x0800bb2c      0x20e ./Drivers/STM32H7xx_HAL_Driver/stm32h7xx_hal_tim.o
                0x0800bb2c                HAL_TIM_IRQHandler
 *fill*         0x0800bd3a        0x2 
 .text.HAL_TIM_PWM_ConfigChannel
                0x0800bd3c      0x228 ./Drivers/STM32H7xx_HAL_Driver/stm32h7xx_hal_tim.o
                0x0800bd3c                HAL_TIM_PWM_ConfigChannel
 .text.HAL_TIM_ConfigClockSource
                0x0800bf64      0x1f0 ./Drivers/STM32H7xx_HAL_Driver/stm32h7xx_hal_tim.o
                0x0800bf64                HAL_TIM_ConfigClockSource
 .text.HAL_TIM_PeriodElapsedCallback
                0x0800c154       0x14 ./Drivers/STM32H7xx_HAL_Driver/stm32h7xx_hal_tim.o
                0x0800c154                HAL_TIM_PeriodElapsedCallback
 .text.HAL_TIM_OC_DelayElapsedCallback
                0x0800c168       0x14 ./Drivers/STM32H7xx_HAL_Driver/stm32h7xx_hal_tim.o
                0x0800c168                HAL_TIM_OC_DelayElapsedCallback
 .text.HAL_TIM_PWM_PulseFinishedCallback
                0x0800c17c       0x14 ./Drivers/STM32H7xx_HAL_Driver/stm32h7xx_hal_tim.o
                0x0800c17c                HAL_TIM_PWM_PulseFinishedCallback
 .text.HAL_TIM_TriggerCallback
                0x0800c190       0x14 ./Drivers/STM32H7xx_HAL_Driver/stm32h7xx_hal_tim.o
                0x0800c190                HAL_TIM_TriggerCallback
 .text.TIM_Base_SetConfig
                0x0800c1a4      0x14c ./Drivers/STM32H7xx_HAL_Driver/stm32h7xx_hal_tim.o
                0x0800c1a4                TIM_Base_SetConfig
 .text.TIM_OC1_SetConfig
                0x0800c2f0      0x120 ./Drivers/STM32H7xx_HAL_Driver/stm32h7xx_hal_tim.o
 .text.TIM_OC2_SetConfig
                0x0800c410      0x114 ./Drivers/STM32H7xx_HAL_Driver/stm32h7xx_hal_tim.o
                0x0800c410                TIM_OC2_SetConfig
 .text.TIM_OC3_SetConfig
                0x0800c524      0x110 ./Drivers/STM32H7xx_HAL_Driver/stm32h7xx_hal_tim.o
 .text.TIM_OC4_SetConfig
                0x0800c634       0xd4 ./Drivers/STM32H7xx_HAL_Driver/stm32h7xx_hal_tim.o
 .text.TIM_OC5_SetConfig
                0x0800c708       0xc8 ./Drivers/STM32H7xx_HAL_Driver/stm32h7xx_hal_tim.o
 .text.TIM_OC6_SetConfig
                0x0800c7d0       0xcc ./Drivers/STM32H7xx_HAL_Driver/stm32h7xx_hal_tim.o
 .text.TIM_TI1_ConfigInputStage
                0x0800c89c       0x5e ./Drivers/STM32H7xx_HAL_Driver/stm32h7xx_hal_tim.o
 .text.TIM_TI2_ConfigInputStage
                0x0800c8fa       0x60 ./Drivers/STM32H7xx_HAL_Driver/stm32h7xx_hal_tim.o
 *fill*         0x0800c95a        0x2 
 .text.TIM_ITRx_SetConfig
                0x0800c95c       0x3c ./Drivers/STM32H7xx_HAL_Driver/stm32h7xx_hal_tim.o
 .text.TIM_ETR_SetConfig
                0x0800c998       0x40 ./Drivers/STM32H7xx_HAL_Driver/stm32h7xx_hal_tim.o
                0x0800c998                TIM_ETR_SetConfig
 .text.TIM_CCxChannelCmd
                0x0800c9d8       0x4a ./Drivers/STM32H7xx_HAL_Driver/stm32h7xx_hal_tim.o
                0x0800c9d8                TIM_CCxChannelCmd
 *fill*         0x0800ca22        0x2 
 .text.HAL_TIMEx_MasterConfigSynchronization
                0x0800ca24      0x11c ./Drivers/STM32H7xx_HAL_Driver/stm32h7xx_hal_tim_ex.o
                0x0800ca24                HAL_TIMEx_MasterConfigSynchronization
 .text.HAL_TIMEx_CommutCallback
                0x0800cb40       0x14 ./Drivers/STM32H7xx_HAL_Driver/stm32h7xx_hal_tim_ex.o
                0x0800cb40                HAL_TIMEx_CommutCallback
 .text.HAL_TIMEx_BreakCallback
                0x0800cb54       0x14 ./Drivers/STM32H7xx_HAL_Driver/stm32h7xx_hal_tim_ex.o
                0x0800cb54                HAL_TIMEx_BreakCallback
 .text.HAL_TIMEx_Break2Callback
                0x0800cb68       0x14 ./Drivers/STM32H7xx_HAL_Driver/stm32h7xx_hal_tim_ex.o
                0x0800cb68                HAL_TIMEx_Break2Callback
 .text.HAL_UART_Init
                0x0800cb7c       0xa0 ./Drivers/STM32H7xx_HAL_Driver/stm32h7xx_hal_uart.o
                0x0800cb7c                HAL_UART_Init
 .text.HAL_UART_MspInit
                0x0800cc1c       0x14 ./Drivers/STM32H7xx_HAL_Driver/stm32h7xx_hal_uart.o
                0x0800cc1c                HAL_UART_MspInit
 .text.HAL_UART_Transmit
                0x0800cc30      0x11c ./Drivers/STM32H7xx_HAL_Driver/stm32h7xx_hal_uart.o
                0x0800cc30                HAL_UART_Transmit
 .text.UART_SetConfig
                0x0800cd4c      0xad0 ./Drivers/STM32H7xx_HAL_Driver/stm32h7xx_hal_uart.o
                0x0800cd4c                UART_SetConfig
 .text.UART_AdvFeatureConfig
                0x0800d81c      0x144 ./Drivers/STM32H7xx_HAL_Driver/stm32h7xx_hal_uart.o
                0x0800d81c                UART_AdvFeatureConfig
 .text.UART_CheckIdleState
                0x0800d960      0x154 ./Drivers/STM32H7xx_HAL_Driver/stm32h7xx_hal_uart.o
                0x0800d960                UART_CheckIdleState
 .text.UART_WaitOnFlagUntilTimeout
                0x0800dab4       0xda ./Drivers/STM32H7xx_HAL_Driver/stm32h7xx_hal_uart.o
                0x0800dab4                UART_WaitOnFlagUntilTimeout
 *fill*         0x0800db8e        0x2 
 .text.UART_EndRxTransfer
                0x0800db90       0xcc ./Drivers/STM32H7xx_HAL_Driver/stm32h7xx_hal_uart.o
 .text.USB_CoreInit
                0x0800dc5c       0xe4 ./Drivers/STM32H7xx_HAL_Driver/stm32h7xx_ll_usb.o
                0x0800dc5c                USB_CoreInit
 .text.USB_SetTurnaroundTime
                0x0800dd40      0x144 ./Drivers/STM32H7xx_HAL_Driver/stm32h7xx_ll_usb.o
                0x0800dd40                USB_SetTurnaroundTime
 .text.USB_EnableGlobalInt
                0x0800de84       0x22 ./Drivers/STM32H7xx_HAL_Driver/stm32h7xx_ll_usb.o
                0x0800de84                USB_EnableGlobalInt
 .text.USB_DisableGlobalInt
                0x0800dea6       0x22 ./Drivers/STM32H7xx_HAL_Driver/stm32h7xx_ll_usb.o
                0x0800dea6                USB_DisableGlobalInt
 .text.USB_SetCurrentMode
                0x0800dec8       0x98 ./Drivers/STM32H7xx_HAL_Driver/stm32h7xx_ll_usb.o
                0x0800dec8                USB_SetCurrentMode
 .text.USB_DevInit
                0x0800df60      0x2bc ./Drivers/STM32H7xx_HAL_Driver/stm32h7xx_ll_usb.o
                0x0800df60                USB_DevInit
 .text.USB_FlushTxFifo
                0x0800e21c       0x64 ./Drivers/STM32H7xx_HAL_Driver/stm32h7xx_ll_usb.o
                0x0800e21c                USB_FlushTxFifo
 .text.USB_FlushRxFifo
                0x0800e280       0x5c ./Drivers/STM32H7xx_HAL_Driver/stm32h7xx_ll_usb.o
                0x0800e280                USB_FlushRxFifo
 .text.USB_SetDevSpeed
                0x0800e2dc       0x32 ./Drivers/STM32H7xx_HAL_Driver/stm32h7xx_ll_usb.o
                0x0800e2dc                USB_SetDevSpeed
 .text.USB_GetDevSpeed
                0x0800e30e       0x4a ./Drivers/STM32H7xx_HAL_Driver/stm32h7xx_ll_usb.o
                0x0800e30e                USB_GetDevSpeed
 .text.USB_ActivateEndpoint
                0x0800e358      0x110 ./Drivers/STM32H7xx_HAL_Driver/stm32h7xx_ll_usb.o
                0x0800e358                USB_ActivateEndpoint
 .text.USB_DeactivateEndpoint
                0x0800e468      0x1b8 ./Drivers/STM32H7xx_HAL_Driver/stm32h7xx_ll_usb.o
                0x0800e468                USB_DeactivateEndpoint
 .text.USB_EPStartXfer
                0x0800e620      0x540 ./Drivers/STM32H7xx_HAL_Driver/stm32h7xx_ll_usb.o
                0x0800e620                USB_EPStartXfer
 .text.USB_EPStopXfer
                0x0800eb60      0x154 ./Drivers/STM32H7xx_HAL_Driver/stm32h7xx_ll_usb.o
                0x0800eb60                USB_EPStopXfer
 .text.USB_WritePacket
                0x0800ecb4       0x7c ./Drivers/STM32H7xx_HAL_Driver/stm32h7xx_ll_usb.o
                0x0800ecb4                USB_WritePacket
 .text.USB_ReadPacket
                0x0800ed30       0xb0 ./Drivers/STM32H7xx_HAL_Driver/stm32h7xx_ll_usb.o
                0x0800ed30                USB_ReadPacket
 .text.USB_EPSetStall
                0x0800ede0       0xdc ./Drivers/STM32H7xx_HAL_Driver/stm32h7xx_ll_usb.o
                0x0800ede0                USB_EPSetStall
 .text.USB_EPClearStall
                0x0800eebc       0xcc ./Drivers/STM32H7xx_HAL_Driver/stm32h7xx_ll_usb.o
                0x0800eebc                USB_EPClearStall
 .text.USB_SetDevAddress
                0x0800ef88       0x4c ./Drivers/STM32H7xx_HAL_Driver/stm32h7xx_ll_usb.o
                0x0800ef88                USB_SetDevAddress
 .text.USB_DevConnect
                0x0800efd4       0x42 ./Drivers/STM32H7xx_HAL_Driver/stm32h7xx_ll_usb.o
                0x0800efd4                USB_DevConnect
 .text.USB_DevDisconnect
                0x0800f016       0x42 ./Drivers/STM32H7xx_HAL_Driver/stm32h7xx_ll_usb.o
                0x0800f016                USB_DevDisconnect
 .text.USB_ReadInterrupts
                0x0800f058       0x26 ./Drivers/STM32H7xx_HAL_Driver/stm32h7xx_ll_usb.o
                0x0800f058                USB_ReadInterrupts
 .text.USB_ReadDevAllOutEpInterrupt
                0x0800f07e       0x34 ./Drivers/STM32H7xx_HAL_Driver/stm32h7xx_ll_usb.o
                0x0800f07e                USB_ReadDevAllOutEpInterrupt
 .text.USB_ReadDevAllInEpInterrupt
                0x0800f0b2       0x34 ./Drivers/STM32H7xx_HAL_Driver/stm32h7xx_ll_usb.o
                0x0800f0b2                USB_ReadDevAllInEpInterrupt
 .text.USB_ReadDevOutEPInterrupt
                0x0800f0e6       0x3c ./Drivers/STM32H7xx_HAL_Driver/stm32h7xx_ll_usb.o
                0x0800f0e6                USB_ReadDevOutEPInterrupt
 .text.USB_ReadDevInEPInterrupt
                0x0800f122       0x5c ./Drivers/STM32H7xx_HAL_Driver/stm32h7xx_ll_usb.o
                0x0800f122                USB_ReadDevInEPInterrupt
 .text.USB_GetMode
                0x0800f17e       0x1c ./Drivers/STM32H7xx_HAL_Driver/stm32h7xx_ll_usb.o
                0x0800f17e                USB_GetMode
 *fill*         0x0800f19a        0x2 
 .text.USB_ActivateSetup
                0x0800f19c       0x48 ./Drivers/STM32H7xx_HAL_Driver/stm32h7xx_ll_usb.o
                0x0800f19c                USB_ActivateSetup
 .text.USB_EP0_OutStart
                0x0800f1e4       0xbc ./Drivers/STM32H7xx_HAL_Driver/stm32h7xx_ll_usb.o
                0x0800f1e4                USB_EP0_OutStart
 .text.USB_CoreReset
                0x0800f2a0       0x62 ./Drivers/STM32H7xx_HAL_Driver/stm32h7xx_ll_usb.o
 *fill*         0x0800f302        0x2 
 .text.USBD_CDC_Init
                0x0800f304      0x1f0 ./Middlewares/ST/STM32_USB_Device_Library/usbd_cdc.o
 .text.USBD_CDC_DeInit
                0x0800f4f4      0x104 ./Middlewares/ST/STM32_USB_Device_Library/usbd_cdc.o
 .text.USBD_CDC_Setup
                0x0800f5f8      0x1b8 ./Middlewares/ST/STM32_USB_Device_Library/usbd_cdc.o
 .text.USBD_CDC_DataIn
                0x0800f7b0       0xfe ./Middlewares/ST/STM32_USB_Device_Library/usbd_cdc.o
 .text.USBD_CDC_DataOut
                0x0800f8ae       0x70 ./Middlewares/ST/STM32_USB_Device_Library/usbd_cdc.o
 .text.USBD_CDC_EP0_RxReady
                0x0800f91e       0x74 ./Middlewares/ST/STM32_USB_Device_Library/usbd_cdc.o
 *fill*         0x0800f992        0x2 
 .text.USBD_CDC_GetFSCfgDesc
                0x0800f994       0x70 ./Middlewares/ST/STM32_USB_Device_Library/usbd_cdc.o
 .text.USBD_CDC_GetHSCfgDesc
                0x0800fa04       0x70 ./Middlewares/ST/STM32_USB_Device_Library/usbd_cdc.o
 .text.USBD_CDC_GetOtherSpeedCfgDesc
                0x0800fa74       0x70 ./Middlewares/ST/STM32_USB_Device_Library/usbd_cdc.o
 .text.USBD_CDC_GetDeviceQualifierDescriptor
                0x0800fae4       0x20 ./Middlewares/ST/STM32_USB_Device_Library/usbd_cdc.o
                0x0800fae4                USBD_CDC_GetDeviceQualifierDescriptor
 .text.USBD_CDC_RegisterInterface
                0x0800fb04       0x34 ./Middlewares/ST/STM32_USB_Device_Library/usbd_cdc.o
                0x0800fb04                USBD_CDC_RegisterInterface
 .text.USBD_CDC_SetTxBuffer
                0x0800fb38       0x44 ./Middlewares/ST/STM32_USB_Device_Library/usbd_cdc.o
                0x0800fb38                USBD_CDC_SetTxBuffer
 .text.USBD_CDC_SetRxBuffer
                0x0800fb7c       0x3a ./Middlewares/ST/STM32_USB_Device_Library/usbd_cdc.o
                0x0800fb7c                USBD_CDC_SetRxBuffer
 *fill*         0x0800fbb6        0x2 
 .text.USBD_CDC_TransmitPacket
                0x0800fbb8       0x80 ./Middlewares/ST/STM32_USB_Device_Library/usbd_cdc.o
                0x0800fbb8                USBD_CDC_TransmitPacket
 .text.USBD_CDC_ReceivePacket
                0x0800fc38       0x6c ./Middlewares/ST/STM32_USB_Device_Library/usbd_cdc.o
                0x0800fc38                USBD_CDC_ReceivePacket
 .text.USBD_Init
                0x0800fca4       0x60 ./Middlewares/ST/STM32_USB_Device_Library/usbd_core.o
                0x0800fca4                USBD_Init
 .text.USBD_RegisterClass
                0x0800fd04       0x6c ./Middlewares/ST/STM32_USB_Device_Library/usbd_core.o
                0x0800fd04                USBD_RegisterClass
 .text.USBD_Start
                0x0800fd70       0x18 ./Middlewares/ST/STM32_USB_Device_Library/usbd_core.o
                0x0800fd70                USBD_Start
 .text.USBD_RunTestMode
                0x0800fd88       0x16 ./Middlewares/ST/STM32_USB_Device_Library/usbd_core.o
                0x0800fd88                USBD_RunTestMode
 .text.USBD_SetClassConfig
                0x0800fd9e       0x38 ./Middlewares/ST/STM32_USB_Device_Library/usbd_core.o
                0x0800fd9e                USBD_SetClassConfig
 .text.USBD_ClrClassConfig
                0x0800fdd6       0x34 ./Middlewares/ST/STM32_USB_Device_Library/usbd_core.o
                0x0800fdd6                USBD_ClrClassConfig
 .text.USBD_LL_SetupStage
                0x0800fe0a       0xaa ./Middlewares/ST/STM32_USB_Device_Library/usbd_core.o
                0x0800fe0a                USBD_LL_SetupStage
 .text.USBD_LL_DataOutStage
                0x0800feb4      0x166 ./Middlewares/ST/STM32_USB_Device_Library/usbd_core.o
                0x0800feb4                USBD_LL_DataOutStage
 .text.USBD_LL_DataInStage
                0x0801001a      0x164 ./Middlewares/ST/STM32_USB_Device_Library/usbd_core.o
                0x0801001a                USBD_LL_DataInStage
 .text.USBD_LL_Reset
                0x0801017e       0xa4 ./Middlewares/ST/STM32_USB_Device_Library/usbd_core.o
                0x0801017e                USBD_LL_Reset
 .text.USBD_LL_SetSpeed
                0x08010222       0x20 ./Middlewares/ST/STM32_USB_Device_Library/usbd_core.o
                0x08010222                USBD_LL_SetSpeed
 .text.USBD_LL_Suspend
                0x08010242       0x38 ./Middlewares/ST/STM32_USB_Device_Library/usbd_core.o
                0x08010242                USBD_LL_Suspend
 .text.USBD_LL_Resume
                0x0801027a       0x30 ./Middlewares/ST/STM32_USB_Device_Library/usbd_core.o
                0x0801027a                USBD_LL_Resume
 .text.USBD_LL_SOF
                0x080102aa       0x40 ./Middlewares/ST/STM32_USB_Device_Library/usbd_core.o
                0x080102aa                USBD_LL_SOF
 .text.USBD_LL_IsoINIncomplete
                0x080102ea       0x64 ./Middlewares/ST/STM32_USB_Device_Library/usbd_core.o
                0x080102ea                USBD_LL_IsoINIncomplete
 .text.USBD_LL_IsoOUTIncomplete
                0x0801034e       0x64 ./Middlewares/ST/STM32_USB_Device_Library/usbd_core.o
                0x0801034e                USBD_LL_IsoOUTIncomplete
 .text.USBD_LL_DevConnected
                0x080103b2       0x16 ./Middlewares/ST/STM32_USB_Device_Library/usbd_core.o
                0x080103b2                USBD_LL_DevConnected
 .text.USBD_LL_DevDisconnected
                0x080103c8       0x46 ./Middlewares/ST/STM32_USB_Device_Library/usbd_core.o
                0x080103c8                USBD_LL_DevDisconnected
 .text.USBD_CoreFindIF
                0x0801040e       0x1a ./Middlewares/ST/STM32_USB_Device_Library/usbd_core.o
                0x0801040e                USBD_CoreFindIF
 .text.USBD_CoreFindEP
                0x08010428       0x1a ./Middlewares/ST/STM32_USB_Device_Library/usbd_core.o
                0x08010428                USBD_CoreFindEP
 .text.USBD_GetEpDesc
                0x08010442       0x70 ./Middlewares/ST/STM32_USB_Device_Library/usbd_core.o
                0x08010442                USBD_GetEpDesc
 .text.USBD_GetNextDesc
                0x080104b2       0x38 ./Middlewares/ST/STM32_USB_Device_Library/usbd_core.o
                0x080104b2                USBD_GetNextDesc
 .text.SWAPBYTE
                0x080104ea       0x3c ./Middlewares/ST/STM32_USB_Device_Library/usbd_ctlreq.o
 *fill*         0x08010526        0x2 
 .text.USBD_StdDevReq
                0x08010528       0xe4 ./Middlewares/ST/STM32_USB_Device_Library/usbd_ctlreq.o
                0x08010528                USBD_StdDevReq
 .text.USBD_StdItfReq
                0x0801060c       0xd8 ./Middlewares/ST/STM32_USB_Device_Library/usbd_ctlreq.o
                0x0801060c                USBD_StdItfReq
 .text.USBD_StdEPReq
                0x080106e4      0x33a ./Middlewares/ST/STM32_USB_Device_Library/usbd_ctlreq.o
                0x080106e4                USBD_StdEPReq
 *fill*         0x08010a1e        0x2 
 .text.USBD_GetDescriptor
                0x08010a20      0x328 ./Middlewares/ST/STM32_USB_Device_Library/usbd_ctlreq.o
 .text.USBD_SetAddress
                0x08010d48       0x88 ./Middlewares/ST/STM32_USB_Device_Library/usbd_ctlreq.o
 .text.USBD_SetConfig
                0x08010dd0      0x154 ./Middlewares/ST/STM32_USB_Device_Library/usbd_ctlreq.o
 .text.USBD_GetConfig
                0x08010f24       0x6c ./Middlewares/ST/STM32_USB_Device_Library/usbd_ctlreq.o
 .text.USBD_GetStatus
                0x08010f90       0x68 ./Middlewares/ST/STM32_USB_Device_Library/usbd_ctlreq.o
 .text.USBD_SetFeature
                0x08010ff8       0x52 ./Middlewares/ST/STM32_USB_Device_Library/usbd_ctlreq.o
 .text.USBD_ClrFeature
                0x0801104a       0x44 ./Middlewares/ST/STM32_USB_Device_Library/usbd_ctlreq.o
 .text.USBD_ParseSetupRequest
                0x0801108e       0x74 ./Middlewares/ST/STM32_USB_Device_Library/usbd_ctlreq.o
                0x0801108e                USBD_ParseSetupRequest
 .text.USBD_CtlError
                0x08011102       0x22 ./Middlewares/ST/STM32_USB_Device_Library/usbd_ctlreq.o
                0x08011102                USBD_CtlError
 .text.USBD_GetString
                0x08011124       0xa4 ./Middlewares/ST/STM32_USB_Device_Library/usbd_ctlreq.o
                0x08011124                USBD_GetString
 .text.USBD_GetLen
                0x080111c8       0x34 ./Middlewares/ST/STM32_USB_Device_Library/usbd_ctlreq.o
 .text.USBD_CtlSendData
                0x080111fc       0x36 ./Middlewares/ST/STM32_USB_Device_Library/usbd_ioreq.o
                0x080111fc                USBD_CtlSendData
 .text.USBD_CtlContinueSendData
                0x08011232       0x22 ./Middlewares/ST/STM32_USB_Device_Library/usbd_ioreq.o
                0x08011232                USBD_CtlContinueSendData
 .text.USBD_CtlPrepareRx
                0x08011254       0x3a ./Middlewares/ST/STM32_USB_Device_Library/usbd_ioreq.o
                0x08011254                USBD_CtlPrepareRx
 .text.USBD_CtlContinueRx
                0x0801128e       0x22 ./Middlewares/ST/STM32_USB_Device_Library/usbd_ioreq.o
                0x0801128e                USBD_CtlContinueRx
 .text.USBD_CtlSendStatus
                0x080112b0       0x26 ./Middlewares/ST/STM32_USB_Device_Library/usbd_ioreq.o
                0x080112b0                USBD_CtlSendStatus
 .text.USBD_CtlReceiveStatus
                0x080112d6       0x26 ./Middlewares/ST/STM32_USB_Device_Library/usbd_ioreq.o
                0x080112d6                USBD_CtlReceiveStatus
 .text.MX_USB_DEVICE_Init
                0x080112fc       0x64 ./USB_DEVICE/App/usb_device.o
                0x080112fc                MX_USB_DEVICE_Init
 .text.CDC_Init_FS
                0x08011360       0x28 ./USB_DEVICE/App/usbd_cdc_if.o
 .text.CDC_DeInit_FS
                0x08011388       0x10 ./USB_DEVICE/App/usbd_cdc_if.o
 .text.CDC_Control_FS
                0x08011398       0xbc ./USB_DEVICE/App/usbd_cdc_if.o
 .text.CDC_Receive_FS
                0x08011454       0x28 ./USB_DEVICE/App/usbd_cdc_if.o
 .text.CDC_Transmit_FS
                0x0801147c       0x4c ./USB_DEVICE/App/usbd_cdc_if.o
                0x0801147c                CDC_Transmit_FS
 .text.CDC_TransmitCplt_FS
                0x080114c8       0x22 ./USB_DEVICE/App/usbd_cdc_if.o
 *fill*         0x080114ea        0x2 
 .text.USBD_FS_DeviceDescriptor
                0x080114ec       0x24 ./USB_DEVICE/App/usbd_desc.o
                0x080114ec                USBD_FS_DeviceDescriptor
 .text.USBD_FS_LangIDStrDescriptor
                0x08011510       0x24 ./USB_DEVICE/App/usbd_desc.o
                0x08011510                USBD_FS_LangIDStrDescriptor
 .text.USBD_FS_ProductStrDescriptor
                0x08011534       0x3c ./USB_DEVICE/App/usbd_desc.o
                0x08011534                USBD_FS_ProductStrDescriptor
 .text.USBD_FS_ManufacturerStrDescriptor
                0x08011570       0x28 ./USB_DEVICE/App/usbd_desc.o
                0x08011570                USBD_FS_ManufacturerStrDescriptor
 .text.USBD_FS_SerialStrDescriptor
                0x08011598       0x24 ./USB_DEVICE/App/usbd_desc.o
                0x08011598                USBD_FS_SerialStrDescriptor
 .text.USBD_FS_ConfigStrDescriptor
                0x080115bc       0x3c ./USB_DEVICE/App/usbd_desc.o
                0x080115bc                USBD_FS_ConfigStrDescriptor
 .text.USBD_FS_InterfaceStrDescriptor
                0x080115f8       0x3c ./USB_DEVICE/App/usbd_desc.o
                0x080115f8                USBD_FS_InterfaceStrDescriptor
 .text.Get_SerialNum
                0x08011634       0x58 ./USB_DEVICE/App/usbd_desc.o
 .text.IntToUnicode
                0x0801168c       0x7e ./USB_DEVICE/App/usbd_desc.o
 *fill*         0x0801170a        0x2 
 .text.HAL_PCD_MspInit
                0x0801170c      0x108 ./USB_DEVICE/Target/usbd_conf.o
                0x0801170c                HAL_PCD_MspInit
 .text.HAL_PCD_SetupStageCallback
                0x08011814       0x24 ./USB_DEVICE/Target/usbd_conf.o
                0x08011814                HAL_PCD_SetupStageCallback
 .text.HAL_PCD_DataOutStageCallback
                0x08011838       0x36 ./USB_DEVICE/Target/usbd_conf.o
                0x08011838                HAL_PCD_DataOutStageCallback
 .text.HAL_PCD_DataInStageCallback
                0x0801186e       0x34 ./USB_DEVICE/Target/usbd_conf.o
                0x0801186e                HAL_PCD_DataInStageCallback
 .text.HAL_PCD_SOFCallback
                0x080118a2       0x1c ./USB_DEVICE/Target/usbd_conf.o
                0x080118a2                HAL_PCD_SOFCallback
 .text.HAL_PCD_ResetCallback
                0x080118be       0x50 ./USB_DEVICE/Target/usbd_conf.o
                0x080118be                HAL_PCD_ResetCallback
 *fill*         0x0801190e        0x2 
 .text.HAL_PCD_SuspendCallback
                0x08011910       0x4c ./USB_DEVICE/Target/usbd_conf.o
                0x08011910                HAL_PCD_SuspendCallback
 .text.HAL_PCD_ResumeCallback
                0x0801195c       0x1c ./USB_DEVICE/Target/usbd_conf.o
                0x0801195c                HAL_PCD_ResumeCallback
 .text.HAL_PCD_ISOOUTIncompleteCallback
                0x08011978       0x24 ./USB_DEVICE/Target/usbd_conf.o
                0x08011978                HAL_PCD_ISOOUTIncompleteCallback
 .text.HAL_PCD_ISOINIncompleteCallback
                0x0801199c       0x24 ./USB_DEVICE/Target/usbd_conf.o
                0x0801199c                HAL_PCD_ISOINIncompleteCallback
 .text.HAL_PCD_ConnectCallback
                0x080119c0       0x1c ./USB_DEVICE/Target/usbd_conf.o
                0x080119c0                HAL_PCD_ConnectCallback
 .text.HAL_PCD_DisconnectCallback
                0x080119dc       0x1c ./USB_DEVICE/Target/usbd_conf.o
                0x080119dc                HAL_PCD_DisconnectCallback
 .text.USBD_LL_Init
                0x080119f8       0xa0 ./USB_DEVICE/Target/usbd_conf.o
                0x080119f8                USBD_LL_Init
 .text.USBD_LL_Start
                0x08011a98       0x36 ./USB_DEVICE/Target/usbd_conf.o
                0x08011a98                USBD_LL_Start
 .text.USBD_LL_OpenEP
                0x08011ace       0x4c ./USB_DEVICE/Target/usbd_conf.o
                0x08011ace                USBD_LL_OpenEP
 .text.USBD_LL_CloseEP
                0x08011b1a       0x3e ./USB_DEVICE/Target/usbd_conf.o
                0x08011b1a                USBD_LL_CloseEP
 .text.USBD_LL_StallEP
                0x08011b58       0x3e ./USB_DEVICE/Target/usbd_conf.o
                0x08011b58                USBD_LL_StallEP
 .text.USBD_LL_ClearStallEP
                0x08011b96       0x3e ./USB_DEVICE/Target/usbd_conf.o
                0x08011b96                USBD_LL_ClearStallEP
 .text.USBD_LL_IsStallEP
                0x08011bd4       0x58 ./USB_DEVICE/Target/usbd_conf.o
                0x08011bd4                USBD_LL_IsStallEP
 .text.USBD_LL_SetUSBAddress
                0x08011c2c       0x3e ./USB_DEVICE/Target/usbd_conf.o
                0x08011c2c                USBD_LL_SetUSBAddress
 .text.USBD_LL_Transmit
                0x08011c6a       0x42 ./USB_DEVICE/Target/usbd_conf.o
                0x08011c6a                USBD_LL_Transmit
 .text.USBD_LL_PrepareReceive
                0x08011cac       0x42 ./USB_DEVICE/Target/usbd_conf.o
                0x08011cac                USBD_LL_PrepareReceive
 .text.USBD_LL_GetRxDataSize
                0x08011cee       0x26 ./USB_DEVICE/Target/usbd_conf.o
                0x08011cee                USBD_LL_GetRxDataSize
 .text.USBD_static_malloc
                0x08011d14       0x1c ./USB_DEVICE/Target/usbd_conf.o
                0x08011d14                USBD_static_malloc
 .text.USBD_static_free
                0x08011d30       0x14 ./USB_DEVICE/Target/usbd_conf.o
                0x08011d30                USBD_static_free
 .text.USBD_Get_USB_Status
                0x08011d44       0x58 ./USB_DEVICE/Target/usbd_conf.o
                0x08011d44                USBD_Get_USB_Status
 .text.__cvt    0x08011d9c       0xa8 C:/ST/STM32CubeIDE_1.14.0/STM32CubeIDE/plugins/com.st.stm32cube.ide.mcu.externaltools.gnu-tools-for-stm32.12.3.rel1.win32_1.0.100.202403111256/tools/bin/../lib/gcc/arm-none-eabi/12.3.1/../../../../arm-none-eabi/lib/thumb/v7e-m+dp/hard\libc_nano.a(libc_a-nano-vfprintf_float.o)
                0x08011d9c                __cvt
 .text.__exponent
                0x08011e44       0x74 C:/ST/STM32CubeIDE_1.14.0/STM32CubeIDE/plugins/com.st.stm32cube.ide.mcu.externaltools.gnu-tools-for-stm32.12.3.rel1.win32_1.0.100.202403111256/tools/bin/../lib/gcc/arm-none-eabi/12.3.1/../../../../arm-none-eabi/lib/thumb/v7e-m+dp/hard\libc_nano.a(libc_a-nano-vfprintf_float.o)
                0x08011e44                __exponent
 .text._printf_float
                0x08011eb8      0x434 C:/ST/STM32CubeIDE_1.14.0/STM32CubeIDE/plugins/com.st.stm32cube.ide.mcu.externaltools.gnu-tools-for-stm32.12.3.rel1.win32_1.0.100.202403111256/tools/bin/../lib/gcc/arm-none-eabi/12.3.1/../../../../arm-none-eabi/lib/thumb/v7e-m+dp/hard\libc_nano.a(libc_a-nano-vfprintf_float.o)
                0x08011eb8                _printf_float
 .text._printf_common
                0x080122ec       0xda C:/ST/STM32CubeIDE_1.14.0/STM32CubeIDE/plugins/com.st.stm32cube.ide.mcu.externaltools.gnu-tools-for-stm32.12.3.rel1.win32_1.0.100.202403111256/tools/bin/../lib/gcc/arm-none-eabi/12.3.1/../../../../arm-none-eabi/lib/thumb/v7e-m+dp/hard\libc_nano.a(libc_a-nano-vfprintf_i.o)
                0x080122ec                _printf_common
 *fill*         0x080123c6        0x2 
 .text._printf_i
                0x080123c8      0x240 C:/ST/STM32CubeIDE_1.14.0/STM32CubeIDE/plugins/com.st.stm32cube.ide.mcu.externaltools.gnu-tools-for-stm32.12.3.rel1.win32_1.0.100.202403111256/tools/bin/../lib/gcc/arm-none-eabi/12.3.1/../../../../arm-none-eabi/lib/thumb/v7e-m+dp/hard\libc_nano.a(libc_a-nano-vfprintf_i.o)
                0x080123c8                _printf_i
 .text.std      0x08012608       0x6c C:/ST/STM32CubeIDE_1.14.0/STM32CubeIDE/plugins/com.st.stm32cube.ide.mcu.externaltools.gnu-tools-for-stm32.12.3.rel1.win32_1.0.100.202403111256/tools/bin/../lib/gcc/arm-none-eabi/12.3.1/../../../../arm-none-eabi/lib/thumb/v7e-m+dp/hard\libc_nano.a(libc_a-findfp.o)
 .text.stdio_exit_handler
                0x08012674       0x18 C:/ST/STM32CubeIDE_1.14.0/STM32CubeIDE/plugins/com.st.stm32cube.ide.mcu.externaltools.gnu-tools-for-stm32.12.3.rel1.win32_1.0.100.202403111256/tools/bin/../lib/gcc/arm-none-eabi/12.3.1/../../../../arm-none-eabi/lib/thumb/v7e-m+dp/hard\libc_nano.a(libc_a-findfp.o)
 .text.cleanup_stdio
                0x0801268c       0x40 C:/ST/STM32CubeIDE_1.14.0/STM32CubeIDE/plugins/com.st.stm32cube.ide.mcu.externaltools.gnu-tools-for-stm32.12.3.rel1.win32_1.0.100.202403111256/tools/bin/../lib/gcc/arm-none-eabi/12.3.1/../../../../arm-none-eabi/lib/thumb/v7e-m+dp/hard\libc_nano.a(libc_a-findfp.o)
 .text.global_stdio_init.part.0
                0x080126cc       0x3c C:/ST/STM32CubeIDE_1.14.0/STM32CubeIDE/plugins/com.st.stm32cube.ide.mcu.externaltools.gnu-tools-for-stm32.12.3.rel1.win32_1.0.100.202403111256/tools/bin/../lib/gcc/arm-none-eabi/12.3.1/../../../../arm-none-eabi/lib/thumb/v7e-m+dp/hard\libc_nano.a(libc_a-findfp.o)
 .text.__sfp_lock_acquire
                0x08012708        0xc C:/ST/STM32CubeIDE_1.14.0/STM32CubeIDE/plugins/com.st.stm32cube.ide.mcu.externaltools.gnu-tools-for-stm32.12.3.rel1.win32_1.0.100.202403111256/tools/bin/../lib/gcc/arm-none-eabi/12.3.1/../../../../arm-none-eabi/lib/thumb/v7e-m+dp/hard\libc_nano.a(libc_a-findfp.o)
                0x08012708                __sfp_lock_acquire
 .text.__sfp_lock_release
                0x08012714        0xc C:/ST/STM32CubeIDE_1.14.0/STM32CubeIDE/plugins/com.st.stm32cube.ide.mcu.externaltools.gnu-tools-for-stm32.12.3.rel1.win32_1.0.100.202403111256/tools/bin/../lib/gcc/arm-none-eabi/12.3.1/../../../../arm-none-eabi/lib/thumb/v7e-m+dp/hard\libc_nano.a(libc_a-findfp.o)
                0x08012714                __sfp_lock_release
 .text.__sinit  0x08012720       0x30 C:/ST/STM32CubeIDE_1.14.0/STM32CubeIDE/plugins/com.st.stm32cube.ide.mcu.externaltools.gnu-tools-for-stm32.12.3.rel1.win32_1.0.100.202403111256/tools/bin/../lib/gcc/arm-none-eabi/12.3.1/../../../../arm-none-eabi/lib/thumb/v7e-m+dp/hard\libc_nano.a(libc_a-findfp.o)
                0x08012720                __sinit
 .text._fwalk_sglue
                0x08012750       0x3c C:/ST/STM32CubeIDE_1.14.0/STM32CubeIDE/plugins/com.st.stm32cube.ide.mcu.externaltools.gnu-tools-for-stm32.12.3.rel1.win32_1.0.100.202403111256/tools/bin/../lib/gcc/arm-none-eabi/12.3.1/../../../../arm-none-eabi/lib/thumb/v7e-m+dp/hard\libc_nano.a(libc_a-fwalk.o)
                0x08012750                _fwalk_sglue
 .text.sprintf  0x0801278c       0x40 C:/ST/STM32CubeIDE_1.14.0/STM32CubeIDE/plugins/com.st.stm32cube.ide.mcu.externaltools.gnu-tools-for-stm32.12.3.rel1.win32_1.0.100.202403111256/tools/bin/../lib/gcc/arm-none-eabi/12.3.1/../../../../arm-none-eabi/lib/thumb/v7e-m+dp/hard\libc_nano.a(libc_a-sprintf.o)
                0x0801278c                siprintf
                0x0801278c                sprintf
 .text.__sread  0x080127cc       0x22 C:/ST/STM32CubeIDE_1.14.0/STM32CubeIDE/plugins/com.st.stm32cube.ide.mcu.externaltools.gnu-tools-for-stm32.12.3.rel1.win32_1.0.100.202403111256/tools/bin/../lib/gcc/arm-none-eabi/12.3.1/../../../../arm-none-eabi/lib/thumb/v7e-m+dp/hard\libc_nano.a(libc_a-stdio.o)
                0x080127cc                __sread
 .text.__swrite
                0x080127ee       0x38 C:/ST/STM32CubeIDE_1.14.0/STM32CubeIDE/plugins/com.st.stm32cube.ide.mcu.externaltools.gnu-tools-for-stm32.12.3.rel1.win32_1.0.100.202403111256/tools/bin/../lib/gcc/arm-none-eabi/12.3.1/../../../../arm-none-eabi/lib/thumb/v7e-m+dp/hard\libc_nano.a(libc_a-stdio.o)
                0x080127ee                __swrite
 .text.__sseek  0x08012826       0x24 C:/ST/STM32CubeIDE_1.14.0/STM32CubeIDE/plugins/com.st.stm32cube.ide.mcu.externaltools.gnu-tools-for-stm32.12.3.rel1.win32_1.0.100.202403111256/tools/bin/../lib/gcc/arm-none-eabi/12.3.1/../../../../arm-none-eabi/lib/thumb/v7e-m+dp/hard\libc_nano.a(libc_a-stdio.o)
                0x08012826                __sseek
 .text.__sclose
                0x0801284a        0x8 C:/ST/STM32CubeIDE_1.14.0/STM32CubeIDE/plugins/com.st.stm32cube.ide.mcu.externaltools.gnu-tools-for-stm32.12.3.rel1.win32_1.0.100.202403111256/tools/bin/../lib/gcc/arm-none-eabi/12.3.1/../../../../arm-none-eabi/lib/thumb/v7e-m+dp/hard\libc_nano.a(libc_a-stdio.o)
                0x0801284a                __sclose
 .text.memset   0x08012852       0x10 C:/ST/STM32CubeIDE_1.14.0/STM32CubeIDE/plugins/com.st.stm32cube.ide.mcu.externaltools.gnu-tools-for-stm32.12.3.rel1.win32_1.0.100.202403111256/tools/bin/../lib/gcc/arm-none-eabi/12.3.1/../../../../arm-none-eabi/lib/thumb/v7e-m+dp/hard\libc_nano.a(libc_a-memset.o)
                0x08012852                memset
 *fill*         0x08012862        0x2 
 .text._localeconv_r
                0x08012864        0x8 C:/ST/STM32CubeIDE_1.14.0/STM32CubeIDE/plugins/com.st.stm32cube.ide.mcu.externaltools.gnu-tools-for-stm32.12.3.rel1.win32_1.0.100.202403111256/tools/bin/../lib/gcc/arm-none-eabi/12.3.1/../../../../arm-none-eabi/lib/thumb/v7e-m+dp/hard\libc_nano.a(libc_a-localeconv.o)
                0x08012864                _localeconv_r
 .text._close_r
                0x0801286c       0x20 C:/ST/STM32CubeIDE_1.14.0/STM32CubeIDE/plugins/com.st.stm32cube.ide.mcu.externaltools.gnu-tools-for-stm32.12.3.rel1.win32_1.0.100.202403111256/tools/bin/../lib/gcc/arm-none-eabi/12.3.1/../../../../arm-none-eabi/lib/thumb/v7e-m+dp/hard\libc_nano.a(libc_a-closer.o)
                0x0801286c                _close_r
 .text._lseek_r
                0x0801288c       0x24 C:/ST/STM32CubeIDE_1.14.0/STM32CubeIDE/plugins/com.st.stm32cube.ide.mcu.externaltools.gnu-tools-for-stm32.12.3.rel1.win32_1.0.100.202403111256/tools/bin/../lib/gcc/arm-none-eabi/12.3.1/../../../../arm-none-eabi/lib/thumb/v7e-m+dp/hard\libc_nano.a(libc_a-lseekr.o)
                0x0801288c                _lseek_r
 .text._read_r  0x080128b0       0x24 C:/ST/STM32CubeIDE_1.14.0/STM32CubeIDE/plugins/com.st.stm32cube.ide.mcu.externaltools.gnu-tools-for-stm32.12.3.rel1.win32_1.0.100.202403111256/tools/bin/../lib/gcc/arm-none-eabi/12.3.1/../../../../arm-none-eabi/lib/thumb/v7e-m+dp/hard\libc_nano.a(libc_a-readr.o)
                0x080128b0                _read_r
 .text._write_r
                0x080128d4       0x24 C:/ST/STM32CubeIDE_1.14.0/STM32CubeIDE/plugins/com.st.stm32cube.ide.mcu.externaltools.gnu-tools-for-stm32.12.3.rel1.win32_1.0.100.202403111256/tools/bin/../lib/gcc/arm-none-eabi/12.3.1/../../../../arm-none-eabi/lib/thumb/v7e-m+dp/hard\libc_nano.a(libc_a-writer.o)
                0x080128d4                _write_r
 .text.__errno  0x080128f8        0xc C:/ST/STM32CubeIDE_1.14.0/STM32CubeIDE/plugins/com.st.stm32cube.ide.mcu.externaltools.gnu-tools-for-stm32.12.3.rel1.win32_1.0.100.202403111256/tools/bin/../lib/gcc/arm-none-eabi/12.3.1/../../../../arm-none-eabi/lib/thumb/v7e-m+dp/hard\libc_nano.a(libc_a-errno.o)
                0x080128f8                __errno
 .text.__libc_init_array
                0x08012904       0x48 C:/ST/STM32CubeIDE_1.14.0/STM32CubeIDE/plugins/com.st.stm32cube.ide.mcu.externaltools.gnu-tools-for-stm32.12.3.rel1.win32_1.0.100.202403111256/tools/bin/../lib/gcc/arm-none-eabi/12.3.1/../../../../arm-none-eabi/lib/thumb/v7e-m+dp/hard\libc_nano.a(libc_a-init.o)
                0x08012904                __libc_init_array
 .text.__retarget_lock_init_recursive
                0x0801294c        0x2 C:/ST/STM32CubeIDE_1.14.0/STM32CubeIDE/plugins/com.st.stm32cube.ide.mcu.externaltools.gnu-tools-for-stm32.12.3.rel1.win32_1.0.100.202403111256/tools/bin/../lib/gcc/arm-none-eabi/12.3.1/../../../../arm-none-eabi/lib/thumb/v7e-m+dp/hard\libc_nano.a(libc_a-lock.o)
                0x0801294c                __retarget_lock_init_recursive
 .text.__retarget_lock_acquire_recursive
                0x0801294e        0x2 C:/ST/STM32CubeIDE_1.14.0/STM32CubeIDE/plugins/com.st.stm32cube.ide.mcu.externaltools.gnu-tools-for-stm32.12.3.rel1.win32_1.0.100.202403111256/tools/bin/../lib/gcc/arm-none-eabi/12.3.1/../../../../arm-none-eabi/lib/thumb/v7e-m+dp/hard\libc_nano.a(libc_a-lock.o)
                0x0801294e                __retarget_lock_acquire_recursive
 .text.__retarget_lock_release_recursive
                0x08012950        0x2 C:/ST/STM32CubeIDE_1.14.0/STM32CubeIDE/plugins/com.st.stm32cube.ide.mcu.externaltools.gnu-tools-for-stm32.12.3.rel1.win32_1.0.100.202403111256/tools/bin/../lib/gcc/arm-none-eabi/12.3.1/../../../../arm-none-eabi/lib/thumb/v7e-m+dp/hard\libc_nano.a(libc_a-lock.o)
                0x08012950                __retarget_lock_release_recursive
 .text.quorem   0x08012952      0x110 C:/ST/STM32CubeIDE_1.14.0/STM32CubeIDE/plugins/com.st.stm32cube.ide.mcu.externaltools.gnu-tools-for-stm32.12.3.rel1.win32_1.0.100.202403111256/tools/bin/../lib/gcc/arm-none-eabi/12.3.1/../../../../arm-none-eabi/lib/thumb/v7e-m+dp/hard\libc_nano.a(libc_a-dtoa.o)
 *fill*         0x08012a62        0x6 
 .text._dtoa_r  0x08012a68      0xaac C:/ST/STM32CubeIDE_1.14.0/STM32CubeIDE/plugins/com.st.stm32cube.ide.mcu.externaltools.gnu-tools-for-stm32.12.3.rel1.win32_1.0.100.202403111256/tools/bin/../lib/gcc/arm-none-eabi/12.3.1/../../../../arm-none-eabi/lib/thumb/v7e-m+dp/hard\libc_nano.a(libc_a-dtoa.o)
                0x08012a68                _dtoa_r
 .text._free_r  0x08013514       0x94 C:/ST/STM32CubeIDE_1.14.0/STM32CubeIDE/plugins/com.st.stm32cube.ide.mcu.externaltools.gnu-tools-for-stm32.12.3.rel1.win32_1.0.100.202403111256/tools/bin/../lib/gcc/arm-none-eabi/12.3.1/../../../../arm-none-eabi/lib/thumb/v7e-m+dp/hard\libc_nano.a(libc_a-freer.o)
                0x08013514                _free_r
 .text.malloc   0x080135a8       0x10 C:/ST/STM32CubeIDE_1.14.0/STM32CubeIDE/plugins/com.st.stm32cube.ide.mcu.externaltools.gnu-tools-for-stm32.12.3.rel1.win32_1.0.100.202403111256/tools/bin/../lib/gcc/arm-none-eabi/12.3.1/../../../../arm-none-eabi/lib/thumb/v7e-m+dp/hard\libc_nano.a(libc_a-malloc.o)
                0x080135a8                malloc
 .text.sbrk_aligned
                0x080135b8       0x44 C:/ST/STM32CubeIDE_1.14.0/STM32CubeIDE/plugins/com.st.stm32cube.ide.mcu.externaltools.gnu-tools-for-stm32.12.3.rel1.win32_1.0.100.202403111256/tools/bin/../lib/gcc/arm-none-eabi/12.3.1/../../../../arm-none-eabi/lib/thumb/v7e-m+dp/hard\libc_nano.a(libc_a-mallocr.o)
 .text._malloc_r
                0x080135fc      0x100 C:/ST/STM32CubeIDE_1.14.0/STM32CubeIDE/plugins/com.st.stm32cube.ide.mcu.externaltools.gnu-tools-for-stm32.12.3.rel1.win32_1.0.100.202403111256/tools/bin/../lib/gcc/arm-none-eabi/12.3.1/../../../../arm-none-eabi/lib/thumb/v7e-m+dp/hard\libc_nano.a(libc_a-mallocr.o)
                0x080135fc                _malloc_r
 .text.__malloc_lock
                0x080136fc        0xc C:/ST/STM32CubeIDE_1.14.0/STM32CubeIDE/plugins/com.st.stm32cube.ide.mcu.externaltools.gnu-tools-for-stm32.12.3.rel1.win32_1.0.100.202403111256/tools/bin/../lib/gcc/arm-none-eabi/12.3.1/../../../../arm-none-eabi/lib/thumb/v7e-m+dp/hard\libc_nano.a(libc_a-mlock.o)
                0x080136fc                __malloc_lock
 .text.__malloc_unlock
                0x08013708        0xc C:/ST/STM32CubeIDE_1.14.0/STM32CubeIDE/plugins/com.st.stm32cube.ide.mcu.externaltools.gnu-tools-for-stm32.12.3.rel1.win32_1.0.100.202403111256/tools/bin/../lib/gcc/arm-none-eabi/12.3.1/../../../../arm-none-eabi/lib/thumb/v7e-m+dp/hard\libc_nano.a(libc_a-mlock.o)
                0x08013708                __malloc_unlock
 .text._Balloc  0x08013714       0x80 C:/ST/STM32CubeIDE_1.14.0/STM32CubeIDE/plugins/com.st.stm32cube.ide.mcu.externaltools.gnu-tools-for-stm32.12.3.rel1.win32_1.0.100.202403111256/tools/bin/../lib/gcc/arm-none-eabi/12.3.1/../../../../arm-none-eabi/lib/thumb/v7e-m+dp/hard\libc_nano.a(libc_a-mprec.o)
                0x08013714                _Balloc
 .text._Bfree   0x08013794       0x44 C:/ST/STM32CubeIDE_1.14.0/STM32CubeIDE/plugins/com.st.stm32cube.ide.mcu.externaltools.gnu-tools-for-stm32.12.3.rel1.win32_1.0.100.202403111256/tools/bin/../lib/gcc/arm-none-eabi/12.3.1/../../../../arm-none-eabi/lib/thumb/v7e-m+dp/hard\libc_nano.a(libc_a-mprec.o)
                0x08013794                _Bfree
 .text.__multadd
                0x080137d8       0x8c C:/ST/STM32CubeIDE_1.14.0/STM32CubeIDE/plugins/com.st.stm32cube.ide.mcu.externaltools.gnu-tools-for-stm32.12.3.rel1.win32_1.0.100.202403111256/tools/bin/../lib/gcc/arm-none-eabi/12.3.1/../../../../arm-none-eabi/lib/thumb/v7e-m+dp/hard\libc_nano.a(libc_a-mprec.o)
                0x080137d8                __multadd
 .text.__hi0bits
                0x08013864       0x3e C:/ST/STM32CubeIDE_1.14.0/STM32CubeIDE/plugins/com.st.stm32cube.ide.mcu.externaltools.gnu-tools-for-stm32.12.3.rel1.win32_1.0.100.202403111256/tools/bin/../lib/gcc/arm-none-eabi/12.3.1/../../../../arm-none-eabi/lib/thumb/v7e-m+dp/hard\libc_nano.a(libc_a-mprec.o)
                0x08013864                __hi0bits
 .text.__lo0bits
                0x080138a2       0x5a C:/ST/STM32CubeIDE_1.14.0/STM32CubeIDE/plugins/com.st.stm32cube.ide.mcu.externaltools.gnu-tools-for-stm32.12.3.rel1.win32_1.0.100.202403111256/tools/bin/../lib/gcc/arm-none-eabi/12.3.1/../../../../arm-none-eabi/lib/thumb/v7e-m+dp/hard\libc_nano.a(libc_a-mprec.o)
                0x080138a2                __lo0bits
 .text.__i2b    0x080138fc       0x2c C:/ST/STM32CubeIDE_1.14.0/STM32CubeIDE/plugins/com.st.stm32cube.ide.mcu.externaltools.gnu-tools-for-stm32.12.3.rel1.win32_1.0.100.202403111256/tools/bin/../lib/gcc/arm-none-eabi/12.3.1/../../../../arm-none-eabi/lib/thumb/v7e-m+dp/hard\libc_nano.a(libc_a-mprec.o)
                0x080138fc                __i2b
 .text.__multiply
                0x08013928      0x154 C:/ST/STM32CubeIDE_1.14.0/STM32CubeIDE/plugins/com.st.stm32cube.ide.mcu.externaltools.gnu-tools-for-stm32.12.3.rel1.win32_1.0.100.202403111256/tools/bin/../lib/gcc/arm-none-eabi/12.3.1/../../../../arm-none-eabi/lib/thumb/v7e-m+dp/hard\libc_nano.a(libc_a-mprec.o)
                0x08013928                __multiply
 .text.__pow5mult
                0x08013a7c       0xb4 C:/ST/STM32CubeIDE_1.14.0/STM32CubeIDE/plugins/com.st.stm32cube.ide.mcu.externaltools.gnu-tools-for-stm32.12.3.rel1.win32_1.0.100.202403111256/tools/bin/../lib/gcc/arm-none-eabi/12.3.1/../../../../arm-none-eabi/lib/thumb/v7e-m+dp/hard\libc_nano.a(libc_a-mprec.o)
                0x08013a7c                __pow5mult
 .text.__lshift
                0x08013b30       0xd8 C:/ST/STM32CubeIDE_1.14.0/STM32CubeIDE/plugins/com.st.stm32cube.ide.mcu.externaltools.gnu-tools-for-stm32.12.3.rel1.win32_1.0.100.202403111256/tools/bin/../lib/gcc/arm-none-eabi/12.3.1/../../../../arm-none-eabi/lib/thumb/v7e-m+dp/hard\libc_nano.a(libc_a-mprec.o)
                0x08013b30                __lshift
 .text.__mcmp   0x08013c08       0x36 C:/ST/STM32CubeIDE_1.14.0/STM32CubeIDE/plugins/com.st.stm32cube.ide.mcu.externaltools.gnu-tools-for-stm32.12.3.rel1.win32_1.0.100.202403111256/tools/bin/../lib/gcc/arm-none-eabi/12.3.1/../../../../arm-none-eabi/lib/thumb/v7e-m+dp/hard\libc_nano.a(libc_a-mprec.o)
                0x08013c08                __mcmp
 *fill*         0x08013c3e        0x2 
 .text.__mdiff  0x08013c40      0x128 C:/ST/STM32CubeIDE_1.14.0/STM32CubeIDE/plugins/com.st.stm32cube.ide.mcu.externaltools.gnu-tools-for-stm32.12.3.rel1.win32_1.0.100.202403111256/tools/bin/../lib/gcc/arm-none-eabi/12.3.1/../../../../arm-none-eabi/lib/thumb/v7e-m+dp/hard\libc_nano.a(libc_a-mprec.o)
                0x08013c40                __mdiff
 .text.__d2b    0x08013d68       0xb0 C:/ST/STM32CubeIDE_1.14.0/STM32CubeIDE/plugins/com.st.stm32cube.ide.mcu.externaltools.gnu-tools-for-stm32.12.3.rel1.win32_1.0.100.202403111256/tools/bin/../lib/gcc/arm-none-eabi/12.3.1/../../../../arm-none-eabi/lib/thumb/v7e-m+dp/hard\libc_nano.a(libc_a-mprec.o)
                0x08013d68                __d2b
 .text.__ssputs_r
                0x08013e18       0xb6 C:/ST/STM32CubeIDE_1.14.0/STM32CubeIDE/plugins/com.st.stm32cube.ide.mcu.externaltools.gnu-tools-for-stm32.12.3.rel1.win32_1.0.100.202403111256/tools/bin/../lib/gcc/arm-none-eabi/12.3.1/../../../../arm-none-eabi/lib/thumb/v7e-m+dp/hard\libc_nano.a(libc_a-nano-svfprintf.o)
                0x08013e18                __ssputs_r
 *fill*         0x08013ece        0x2 
 .text._svfprintf_r
                0x08013ed0      0x1f8 C:/ST/STM32CubeIDE_1.14.0/STM32CubeIDE/plugins/com.st.stm32cube.ide.mcu.externaltools.gnu-tools-for-stm32.12.3.rel1.win32_1.0.100.202403111256/tools/bin/../lib/gcc/arm-none-eabi/12.3.1/../../../../arm-none-eabi/lib/thumb/v7e-m+dp/hard\libc_nano.a(libc_a-nano-svfprintf.o)
                0x08013ed0                _svfiprintf_r
                0x08013ed0                _svfprintf_r
 .text.__sflush_r
                0x080140c8      0x108 C:/ST/STM32CubeIDE_1.14.0/STM32CubeIDE/plugins/com.st.stm32cube.ide.mcu.externaltools.gnu-tools-for-stm32.12.3.rel1.win32_1.0.100.202403111256/tools/bin/../lib/gcc/arm-none-eabi/12.3.1/../../../../arm-none-eabi/lib/thumb/v7e-m+dp/hard\libc_nano.a(libc_a-fflush.o)
                0x080140c8                __sflush_r
 .text._fflush_r
                0x080141d0       0x50 C:/ST/STM32CubeIDE_1.14.0/STM32CubeIDE/plugins/com.st.stm32cube.ide.mcu.externaltools.gnu-tools-for-stm32.12.3.rel1.win32_1.0.100.202403111256/tools/bin/../lib/gcc/arm-none-eabi/12.3.1/../../../../arm-none-eabi/lib/thumb/v7e-m+dp/hard\libc_nano.a(libc_a-fflush.o)
                0x080141d0                _fflush_r
 .text.memmove  0x08014220       0x34 C:/ST/STM32CubeIDE_1.14.0/STM32CubeIDE/plugins/com.st.stm32cube.ide.mcu.externaltools.gnu-tools-for-stm32.12.3.rel1.win32_1.0.100.202403111256/tools/bin/../lib/gcc/arm-none-eabi/12.3.1/../../../../arm-none-eabi/lib/thumb/v7e-m+dp/hard\libc_nano.a(libc_a-memmove.o)
                0x08014220                memmove
 .text._sbrk_r  0x08014254       0x20 C:/ST/STM32CubeIDE_1.14.0/STM32CubeIDE/plugins/com.st.stm32cube.ide.mcu.externaltools.gnu-tools-for-stm32.12.3.rel1.win32_1.0.100.202403111256/tools/bin/../lib/gcc/arm-none-eabi/12.3.1/../../../../arm-none-eabi/lib/thumb/v7e-m+dp/hard\libc_nano.a(libc_a-sbrkr.o)
                0x08014254                _sbrk_r
 .text.memcpy   0x08014274       0x1c C:/ST/STM32CubeIDE_1.14.0/STM32CubeIDE/plugins/com.st.stm32cube.ide.mcu.externaltools.gnu-tools-for-stm32.12.3.rel1.win32_1.0.100.202403111256/tools/bin/../lib/gcc/arm-none-eabi/12.3.1/../../../../arm-none-eabi/lib/thumb/v7e-m+dp/hard\libc_nano.a(libc_a-memcpy-stub.o)
                0x08014274                memcpy
 .text.__assert_func
                0x08014290       0x3c C:/ST/STM32CubeIDE_1.14.0/STM32CubeIDE/plugins/com.st.stm32cube.ide.mcu.externaltools.gnu-tools-for-stm32.12.3.rel1.win32_1.0.100.202403111256/tools/bin/../lib/gcc/arm-none-eabi/12.3.1/../../../../arm-none-eabi/lib/thumb/v7e-m+dp/hard\libc_nano.a(libc_a-assert.o)
                0x08014290                __assert_func
 .text._calloc_r
                0x080142cc       0x28 C:/ST/STM32CubeIDE_1.14.0/STM32CubeIDE/plugins/com.st.stm32cube.ide.mcu.externaltools.gnu-tools-for-stm32.12.3.rel1.win32_1.0.100.202403111256/tools/bin/../lib/gcc/arm-none-eabi/12.3.1/../../../../arm-none-eabi/lib/thumb/v7e-m+dp/hard\libc_nano.a(libc_a-callocr.o)
                0x080142cc                _calloc_r
 .text.__ascii_mbtowc
                0x080142f4       0x24 C:/ST/STM32CubeIDE_1.14.0/STM32CubeIDE/plugins/com.st.stm32cube.ide.mcu.externaltools.gnu-tools-for-stm32.12.3.rel1.win32_1.0.100.202403111256/tools/bin/../lib/gcc/arm-none-eabi/12.3.1/../../../../arm-none-eabi/lib/thumb/v7e-m+dp/hard\libc_nano.a(libc_a-mbtowc_r.o)
                0x080142f4                __ascii_mbtowc
 .text._realloc_r
                0x08014318       0x5c C:/ST/STM32CubeIDE_1.14.0/STM32CubeIDE/plugins/com.st.stm32cube.ide.mcu.externaltools.gnu-tools-for-stm32.12.3.rel1.win32_1.0.100.202403111256/tools/bin/../lib/gcc/arm-none-eabi/12.3.1/../../../../arm-none-eabi/lib/thumb/v7e-m+dp/hard\libc_nano.a(libc_a-reallocr.o)
                0x08014318                _realloc_r
 .text.__ascii_wctomb
                0x08014374       0x1a C:/ST/STM32CubeIDE_1.14.0/STM32CubeIDE/plugins/com.st.stm32cube.ide.mcu.externaltools.gnu-tools-for-stm32.12.3.rel1.win32_1.0.100.202403111256/tools/bin/../lib/gcc/arm-none-eabi/12.3.1/../../../../arm-none-eabi/lib/thumb/v7e-m+dp/hard\libc_nano.a(libc_a-wctomb_r.o)
                0x08014374                __ascii_wctomb
 *fill*         0x0801438e        0x2 
 .text.fprintf  0x08014390       0x24 C:/ST/STM32CubeIDE_1.14.0/STM32CubeIDE/plugins/com.st.stm32cube.ide.mcu.externaltools.gnu-tools-for-stm32.12.3.rel1.win32_1.0.100.202403111256/tools/bin/../lib/gcc/arm-none-eabi/12.3.1/../../../../arm-none-eabi/lib/thumb/v7e-m+dp/hard\libc_nano.a(libc_a-fprintf.o)
                0x08014390                fiprintf
                0x08014390                fprintf
 .text.abort    0x080143b4        0xe C:/ST/STM32CubeIDE_1.14.0/STM32CubeIDE/plugins/com.st.stm32cube.ide.mcu.externaltools.gnu-tools-for-stm32.12.3.rel1.win32_1.0.100.202403111256/tools/bin/../lib/gcc/arm-none-eabi/12.3.1/../../../../arm-none-eabi/lib/thumb/v7e-m+dp/hard\libc_nano.a(libc_a-abort.o)
                0x080143b4                abort
 .text._malloc_usable_size_r
                0x080143c2       0x10 C:/ST/STM32CubeIDE_1.14.0/STM32CubeIDE/plugins/com.st.stm32cube.ide.mcu.externaltools.gnu-tools-for-stm32.12.3.rel1.win32_1.0.100.202403111256/tools/bin/../lib/gcc/arm-none-eabi/12.3.1/../../../../arm-none-eabi/lib/thumb/v7e-m+dp/hard\libc_nano.a(libc_a-msizer.o)
                0x080143c2                _malloc_usable_size_r
 .text.__sfputc_r
                0x080143d2       0x2e C:/ST/STM32CubeIDE_1.14.0/STM32CubeIDE/plugins/com.st.stm32cube.ide.mcu.externaltools.gnu-tools-for-stm32.12.3.rel1.win32_1.0.100.202403111256/tools/bin/../lib/gcc/arm-none-eabi/12.3.1/../../../../arm-none-eabi/lib/thumb/v7e-m+dp/hard\libc_nano.a(libc_a-nano-vfprintf.o)
 .text.__sfputs_r
                0x08014400       0x24 C:/ST/STM32CubeIDE_1.14.0/STM32CubeIDE/plugins/com.st.stm32cube.ide.mcu.externaltools.gnu-tools-for-stm32.12.3.rel1.win32_1.0.100.202403111256/tools/bin/../lib/gcc/arm-none-eabi/12.3.1/../../../../arm-none-eabi/lib/thumb/v7e-m+dp/hard\libc_nano.a(libc_a-nano-vfprintf.o)
                0x08014400                __sfputs_r
 .text._vfprintf_r
                0x08014424      0x230 C:/ST/STM32CubeIDE_1.14.0/STM32CubeIDE/plugins/com.st.stm32cube.ide.mcu.externaltools.gnu-tools-for-stm32.12.3.rel1.win32_1.0.100.202403111256/tools/bin/../lib/gcc/arm-none-eabi/12.3.1/../../../../arm-none-eabi/lib/thumb/v7e-m+dp/hard\libc_nano.a(libc_a-nano-vfprintf.o)
                0x08014424                _vfprintf_r
                0x08014424                _vfiprintf_r
 .text.__swbuf_r
                0x08014654       0x7c C:/ST/STM32CubeIDE_1.14.0/STM32CubeIDE/plugins/com.st.stm32cube.ide.mcu.externaltools.gnu-tools-for-stm32.12.3.rel1.win32_1.0.100.202403111256/tools/bin/../lib/gcc/arm-none-eabi/12.3.1/../../../../arm-none-eabi/lib/thumb/v7e-m+dp/hard\libc_nano.a(libc_a-wbuf.o)
                0x08014654                __swbuf_r
 .text.__swsetup_r