Archive member included to satisfy reference by file (symbol)

C:/ST/STM32CubeIDE_1.14.0/STM32CubeIDE/plugins/com.st.stm32cube.ide.mcu.externaltools.gnu-tools-for-stm32.12.3.rel1.win32_1.0.100.202403111256/tools/bin/../lib/gcc/arm-none-eabi/12.3.1/../../../../arm-none-eabi/lib/thumb/v7e-m+dp/hard\libc_nano.a(libc_a-exit.o)
                              C:/ST/STM32CubeIDE_1.14.0/STM32CubeIDE/plugins/com.st.stm32cube.ide.mcu.externaltools.gnu-tools-for-stm32.12.3.rel1.win32_1.0.100.202403111256/tools/bin/../lib/gcc/arm-none-eabi/12.3.1/../../../../arm-none-eabi/lib/thumb/v7e-m+dp/hard/crt0.o (exit)
C:/ST/STM32CubeIDE_1.14.0/STM32CubeIDE/plugins/com.st.stm32cube.ide.mcu.externaltools.gnu-tools-for-stm32.12.3.rel1.win32_1.0.100.202403111256/tools/bin/../lib/gcc/arm-none-eabi/12.3.1/../../../../arm-none-eabi/lib/thumb/v7e-m+dp/hard\libc_nano.a(libc_a-nano-vfprintf_float.o)
                              (_printf_float)
C:/ST/STM32CubeIDE_1.14.0/STM32CubeIDE/plugins/com.st.stm32cube.ide.mcu.externaltools.gnu-tools-for-stm32.12.3.rel1.win32_1.0.100.202403111256/tools/bin/../lib/gcc/arm-none-eabi/12.3.1/../../../../arm-none-eabi/lib/thumb/v7e-m+dp/hard\libc_nano.a(libc_a-nano-vfprintf_i.o)
                              C:/ST/STM32CubeIDE_1.14.0/STM32CubeIDE/plugins/com.st.stm32cube.ide.mcu.externaltools.gnu-tools-for-stm32.12.3.rel1.win32_1.0.100.202403111256/tools/bin/../lib/gcc/arm-none-eabi/12.3.1/../../../../arm-none-eabi/lib/thumb/v7e-m+dp/hard\libc_nano.a(libc_a-nano-vfprintf_float.o) (_printf_common)
C:/ST/STM32CubeIDE_1.14.0/STM32CubeIDE/plugins/com.st.stm32cube.ide.mcu.externaltools.gnu-tools-for-stm32.12.3.rel1.win32_1.0.100.202403111256/tools/bin/../lib/gcc/arm-none-eabi/12.3.1/../../../../arm-none-eabi/lib/thumb/v7e-m+dp/hard\libc_nano.a(libc_a-findfp.o)
                              C:/ST/STM32CubeIDE_1.14.0/STM32CubeIDE/plugins/com.st.stm32cube.ide.mcu.externaltools.gnu-tools-for-stm32.12.3.rel1.win32_1.0.100.202403111256/tools/bin/../lib/gcc/arm-none-eabi/12.3.1/../../../../arm-none-eabi/lib/thumb/v7e-m+dp/hard\libc_nano.a(libc_a-exit.o) (__stdio_exit_handler)
C:/ST/STM32CubeIDE_1.14.0/STM32CubeIDE/plugins/com.st.stm32cube.ide.mcu.externaltools.gnu-tools-for-stm32.12.3.rel1.win32_1.0.100.202403111256/tools/bin/../lib/gcc/arm-none-eabi/12.3.1/../../../../arm-none-eabi/lib/thumb/v7e-m+dp/hard\libc_nano.a(libc_a-fwalk.o)
                              C:/ST/STM32CubeIDE_1.14.0/STM32CubeIDE/plugins/com.st.stm32cube.ide.mcu.externaltools.gnu-tools-for-stm32.12.3.rel1.win32_1.0.100.202403111256/tools/bin/../lib/gcc/arm-none-eabi/12.3.1/../../../../arm-none-eabi/lib/thumb/v7e-m+dp/hard\libc_nano.a(libc_a-findfp.o) (_fwalk_sglue)
C:/ST/STM32CubeIDE_1.14.0/STM32CubeIDE/plugins/com.st.stm32cube.ide.mcu.externaltools.gnu-tools-for-stm32.12.3.rel1.win32_1.0.100.202403111256/tools/bin/../lib/gcc/arm-none-eabi/12.3.1/../../../../arm-none-eabi/lib/thumb/v7e-m+dp/hard\libc_nano.a(libc_a-sprintf.o)
                              ./Core/Src/main.o (sprintf)
C:/ST/STM32CubeIDE_1.14.0/STM32CubeIDE/plugins/com.st.stm32cube.ide.mcu.externaltools.gnu-tools-for-stm32.12.3.rel1.win32_1.0.100.202403111256/tools/bin/../lib/gcc/arm-none-eabi/12.3.1/../../../../arm-none-eabi/lib/thumb/v7e-m+dp/hard\libc_nano.a(libc_a-stdio.o)
                              C:/ST/STM32CubeIDE_1.14.0/STM32CubeIDE/plugins/com.st.stm32cube.ide.mcu.externaltools.gnu-tools-for-stm32.12.3.rel1.win32_1.0.100.202403111256/tools/bin/../lib/gcc/arm-none-eabi/12.3.1/../../../../arm-none-eabi/lib/thumb/v7e-m+dp/hard\libc_nano.a(libc_a-findfp.o) (__sread)
C:/ST/STM32CubeIDE_1.14.0/STM32CubeIDE/plugins/com.st.stm32cube.ide.mcu.externaltools.gnu-tools-for-stm32.12.3.rel1.win32_1.0.100.202403111256/tools/bin/../lib/gcc/arm-none-eabi/12.3.1/../../../../arm-none-eabi/lib/thumb/v7e-m+dp/hard\libc_nano.a(libc_a-memset.o)
                              C:/ST/STM32CubeIDE_1.14.0/STM32CubeIDE/plugins/com.st.stm32cube.ide.mcu.externaltools.gnu-tools-for-stm32.12.3.rel1.win32_1.0.100.202403111256/tools/bin/../lib/gcc/arm-none-eabi/12.3.1/../../../../arm-none-eabi/lib/thumb/v7e-m+dp/hard/crt0.o (memset)
C:/ST/STM32CubeIDE_1.14.0/STM32CubeIDE/plugins/com.st.stm32cube.ide.mcu.externaltools.gnu-tools-for-stm32.12.3.rel1.win32_1.0.100.202403111256/tools/bin/../lib/gcc/arm-none-eabi/12.3.1/../../../../arm-none-eabi/lib/thumb/v7e-m+dp/hard\libc_nano.a(libc_a-localeconv.o)
                              C:/ST/STM32CubeIDE_1.14.0/STM32CubeIDE/plugins/com.st.stm32cube.ide.mcu.externaltools.gnu-tools-for-stm32.12.3.rel1.win32_1.0.100.202403111256/tools/bin/../lib/gcc/arm-none-eabi/12.3.1/../../../../arm-none-eabi/lib/thumb/v7e-m+dp/hard\libc_nano.a(libc_a-nano-vfprintf_float.o) (_localeconv_r)
C:/ST/STM32CubeIDE_1.14.0/STM32CubeIDE/plugins/com.st.stm32cube.ide.mcu.externaltools.gnu-tools-for-stm32.12.3.rel1.win32_1.0.100.202403111256/tools/bin/../lib/gcc/arm-none-eabi/12.3.1/../../../../arm-none-eabi/lib/thumb/v7e-m+dp/hard\libc_nano.a(libc_a-closer.o)
[...]
Memory Configuration

Name             Origin             Length             Attributes
RAM_D1           0x24000000         0x00080000         xrw
FLASH            0x08000000         0x00100000         xr
DTCMRAM          0x20000000         0x00020000         xrw
RAM_D2           0x30000000         0x00048000         xrw
RAM_D3           0x38000000         0x00010000         xrw
ITCMRAM          0x00000000         0x00010000         xrw
*default*        0x00000000         0xffffffff

Linker script and memory map

LOAD C:/ST/STM32CubeIDE_1.14.0/STM32CubeIDE/plugins/com.st.stm32cube.ide.mcu.externaltools.gnu-tools-for-stm32.12.3.rel1.win32_1.0.100.202403111256/tools/bin/../lib/gcc/arm-none-eabi/12.3.1/thumb/v7e-m+dp/hard/crti.o
LOAD C:/ST/STM32CubeIDE_1.14.0/STM32CubeIDE/plugins/com.st.stm32cube.ide.mcu.externaltools.gnu-tools-for-stm32.12.3.rel1.win32_1.0.100.202403111256/tools/bin/../lib/gcc/arm-none-eabi/12.3.1/thumb/v7e-m+dp/hard/crtbegin.o
LOAD C:/ST/STM32CubeIDE_1.14.0/STM32CubeIDE/plugins/com.st.stm32cube.ide.mcu.externaltools.gnu-tools-for-stm32.12.3.rel1.win32_1.0.100.202403111256/tools/bin/../lib/gcc/arm-none-eabi/12.3.1/../../../../arm-none-eabi/lib/thumb/v7e-m+dp/hard/crt0.o
LOAD ./Common/Src/system_stm32h7xx_dualcore_boot_cm4_cm7.o
LOAD ./Core/Src/adc.o
LOAD ./Core/Src/dma.o
LOAD ./Core/Src/dshot.o
LOAD ./Core/Src/gpio.o
LOAD ./Core/Src/main.o
LOAD ./Core/Src/stm32h7xx_hal_msp.o
LOAD ./Core/Src/stm32h7xx_it.o
LOAD ./Core/Src/syscalls.o
LOAD ./Core/Src/sysmem.o
LOAD ./Core/Src/tim.o
LOAD ./Core/Startup/startup_stm32h755zitx.o
LOAD ./Drivers/BSP/STM32H7xx_Nucleo/stm32h7xx_nucleo.o
LOAD ./Drivers/STM32H7xx_HAL_Driver/stm32h7xx_hal.o
LOAD ./Drivers/STM32H7xx_HAL_Driver/stm32h7xx_hal_adc.o
LOAD ./Drivers/STM32H7xx_HAL_Driver/stm32h7xx_hal_adc_ex.o
LOAD ./Drivers/STM32H7xx_HAL_Driver/stm32h7xx_hal_cortex.o
LOAD ./Drivers/STM32H7xx_HAL_Driver/stm32h7xx_hal_dma.o
LOAD ./Drivers/STM32H7xx_HAL_Driver/stm32h7xx_hal_dma_ex.o
LOAD ./Drivers/STM32H7xx_HAL_Driver/stm32h7xx_hal_exti.o
LOAD ./Drivers/STM32H7xx_HAL_Driver/stm32h7xx_hal_flash.o
LOAD ./Drivers/STM32H7xx_HAL_Driver/stm32h7xx_hal_flash_ex.o
LOAD ./Drivers/STM32H7xx_HAL_Driver/stm32h7xx_hal_gpio.o
LOAD ./Drivers/STM32H7xx_HAL_Driver/stm32h7xx_hal_hsem.o
LOAD ./Drivers/STM32H7xx_HAL_Driver/stm32h7xx_hal_i2c.o
LOAD ./Drivers/STM32H7xx_HAL_Driver/stm32h7xx_hal_i2c_ex.o
LOAD ./Drivers/STM32H7xx_HAL_Driver/stm32h7xx_hal_mdma.o
LOAD ./Drivers/STM32H7xx_HAL_Driver/stm32h7xx_hal_pcd.o
LOAD ./Drivers/STM32H7xx_HAL_Driver/stm32h7xx_hal_pcd_ex.o
LOAD ./Drivers/STM32H7xx_HAL_Driver/stm32h7xx_hal_pwr.o
LOAD ./Drivers/STM32H7xx_HAL_Driver/stm32h7xx_hal_pwr_ex.o
LOAD ./Drivers/STM32H7xx_HAL_Driver/stm32h7xx_hal_rcc.o
LOAD ./Drivers/STM32H7xx_HAL_Driver/stm32h7xx_hal_rcc_ex.o
LOAD ./Drivers/STM32H7xx_HAL_Driver/stm32h7xx_hal_tim.o
LOAD ./Drivers/STM32H7xx_HAL_Driver/stm32h7xx_hal_tim_ex.o
LOAD ./Drivers/STM32H7xx_HAL_Driver/stm32h7xx_hal_uart.o
LOAD ./Drivers/STM32H7xx_HAL_Driver/stm32h7xx_hal_uart_ex.o
LOAD ./Drivers/STM32H7xx_HAL_Driver/stm32h7xx_hal_usart.o
LOAD ./Drivers/STM32H7xx_HAL_Driver/stm32h7xx_hal_usart_ex.o
LOAD ./Drivers/STM32H7xx_HAL_Driver/stm32h7xx_ll_usb.o
LOAD ./Middlewares/ST/STM32_USB_Device_Library/usbd_cdc.o
LOAD ./Middlewares/ST/STM32_USB_Device_Library/usbd_core.o
LOAD ./Middlewares/ST/STM32_USB_Device_Library/usbd_ctlreq.o
LOAD ./Middlewares/ST/STM32_USB_Device_Library/usbd_ioreq.o
LOAD ./USB_DEVICE/App/usb_device.o
LOAD ./USB_DEVICE/App/usbd_cdc_if.o
LOAD ./USB_DEVICE/App/usbd_desc.o
LOAD ./USB_DEVICE/Target/usbd_conf.o
START GROUP
LOAD C:/ST/STM32CubeIDE_1.14.0/STM32CubeIDE/plugins/com.st.stm32cube.ide.mcu.externaltools.gnu-tools-for-stm32.12.3.rel1.win32_1.0.100.202403111256/tools/bin/../lib/gcc/arm-none-eabi/12.3.1/../../../../arm-none-eabi/lib/thumb/v7e-m+dp/hard\libc_nano.a
LOAD C:/ST/STM32CubeIDE_1.14.0/STM32CubeIDE/plugins/com.st.stm32cube.ide.mcu.externaltools.gnu-tools-for-stm32.12.3.rel1.win32_1.0.100.202403111256/tools/bin/../lib/gcc/arm-none-eabi/12.3.1/../../../../arm-none-eabi/lib/thumb/v7e-m+dp/hard\libm.a
END GROUP
START GROUP
LOAD C:/ST/STM32CubeIDE_1.14.0/STM32CubeIDE/plugins/com.st.stm32cube.ide.mcu.externaltools.gnu-tools-for-stm32.12.3.rel1.win32_1.0.100.202403111256/tools/bin/../lib/gcc/arm-none-eabi/12.3.1/thumb/v7e-m+dp/hard\libgcc.a
LOAD C:/ST/STM32CubeIDE_1.14.0/STM32CubeIDE/plugins/com.st.stm32cube.ide.mcu.externaltools.gnu-tools-for-stm32.12.3.rel1.win32_1.0.100.202403111256/tools/bin/../lib/gcc/arm-none-eabi/12.3.1/../../../../arm-none-eabi/lib/thumb/v7e-m+dp/hard\libc_nano.a
END GROUP
START GROUP
LOAD C:/ST/STM32CubeIDE_1.14.0/STM32CubeIDE/plugins/com.st.stm32cube.ide.mcu.externaltools.gnu-tools-for-stm32.12.3.rel1.win32_1.0.100.202403111256/tools/bin/../lib/gcc/arm-none-eabi/12.3.1/thumb/v7e-m+dp/hard\libgcc.a
LOAD C:/ST/STM32CubeIDE_1.14.0/STM32CubeIDE/plugins/com.st.stm32cube.ide.mcu.externaltools.gnu-tools-for-stm32.12.3.rel1.win32_1.0.100.202403111256/tools/bin/../lib/gcc/arm-none-eabi/12.3.1/../../../../arm-none-eabi/lib/thumb/v7e-m+dp/hard\libc_nano.a
LOAD C:/ST/STM32CubeIDE_1.14.0/STM32CubeIDE/plugins/com.st.stm32cube.ide.mcu.externaltools.gnu-tools-for-stm32.12.3.rel1.win32_1.0.100.202403111256/tools/bin/../lib/gcc/arm-none-eabi/12.3.1/../../../../arm-none-eabi/lib/thumb/v7e-m+dp/hard\libnosys.a
END GROUP
START GROUP
LOAD C:/ST/STM32CubeIDE_1.14.0/STM32CubeIDE/plugins/com.st.stm32cube.ide.mcu.externaltools.gnu-tools-for-stm32.12.3.rel1.win32_1.0.100.202403111256/tools/bin/../lib/gcc/arm-none-eabi/12.3.1/thumb/v7e-m+dp/hard\libgcc.a
LOAD C:/ST/STM32CubeIDE_1.14.0/STM32CubeIDE/plugins/com.st.stm32cube.ide.mcu.externaltools.gnu-tools-for-stm32.12.3.rel1.win32_1.0.100.202403111256/tools/bin/../lib/gcc/arm-none-eabi/12.3.1/../../../../arm-none-eabi/lib/thumb/v7e-m+dp/hard\libc_nano.a
LOAD C:/ST/STM32CubeIDE_1.14.0/STM32CubeIDE/plugins/com.st.stm32cube.ide.mcu.externaltools.gnu-tools-for-stm32.12.3.rel1.win32_1.0.100.202403111256/tools/bin/../lib/gcc/arm-none-eabi/12.3.1/../../../../arm-none-eabi/lib/thumb/v7e-m+dp/hard\libnosys.a
END GROUP
LOAD C:/ST/STM32CubeIDE_1.14.0/STM32CubeIDE/plugins/com.st.stm32cube.ide.mcu.externaltools.gnu-tools-for-stm32.12.3.rel1.win32_1.0.100.202403111256/tools/bin/../lib/gcc/arm-none-eabi/12.3.1/thumb/v7e-m+dp/hard/crtend.o
LOAD C:/ST/STM32CubeIDE_1.14.0/STM32CubeIDE/plugins/com.st.stm32cube.ide.mcu.externaltools.gnu-tools-for-stm32.12.3.rel1.win32_1.0.100.202403111256/tools/bin/../lib/gcc/arm-none-eabi/12.3.1/thumb/v7e-m+dp/hard/crtn.o
                0x24080000                        _estack = (ORIGIN (RAM_D1) + LENGTH (RAM_D1))
                0x00000200                        _Min_Heap_Size = 0x200
                0x00000400                        _Min_Stack_Size = 0x400

.isr_vector     0x08000000      0x298
                0x08000000                        . = ALIGN (0x4)
 *(.isr_vector)
 .isr_vector    0x08000000      0x298 ./Core/Startup/startup_stm32h755zitx.o
                0x08000000                g_pfnVectors
                0x08000298                        . = ALIGN (0x4)

.text           0x080002a0    0x14d8c
                0x080002a0                        . = ALIGN (0x4)
 *(.text)
 .text          0x080002a0       0x40 C:/ST/STM32CubeIDE_1.14.0/STM32CubeIDE/plugins/com.st.stm32cube.ide.mcu.externaltools.gnu-tools-for-stm32.12.3.rel1.win32_1.0.100.202403111256/tools/bin/../lib/gcc/arm-none-eabi/12.3.1/thumb/v7e-m+dp/hard/crtbegin.o
 .text          0x080002e0       0xa0 C:/ST/STM32CubeIDE_1.14.0/STM32CubeIDE/plugins/com.st.stm32cube.ide.mcu.externaltools.gnu-tools-for-stm32.12.3.rel1.win32_1.0.100.202403111256/tools/bin/../lib/gcc/arm-none-eabi/12.3.1/../../../../arm-none-eabi/lib/thumb/v7e-m+dp/hard\libc_nano.a(libc_a-memchr.o)
                0x080002e0                memchr
 .text          0x08000380       0x10 C:/ST/STM32CubeIDE_1.14.0/STM32CubeIDE/plugins/com.st.stm32cube.ide.mcu.externaltools.gnu-tools-for-stm32.12.3.rel1.win32_1.0.100.202403111256/tools/bin/../lib/gcc/arm-none-eabi/12.3.1/../../../../arm-none-eabi/lib/thumb/v7e-m+dp/hard\libc_nano.a(libc_a-strlen.o)
                0x08000380                strlen
 .text          0x08000390       0x30 C:/ST/STM32CubeIDE_1.14.0/STM32CubeIDE/plugins/com.st.stm32cube.ide.mcu.externaltools.gnu-tools-for-stm32.12.3.rel1.win32_1.0.100.202403111256/tools/bin/../lib/gcc/arm-none-eabi/12.3.1/thumb/v7e-m+dp/hard\libgcc.a(_aeabi_uldivmod.o)
                0x08000390                __aeabi_uldivmod
 .text          0x080003c0      0x2bc C:/ST/STM32CubeIDE_1.14.0/STM32CubeIDE/plugins/com.st.stm32cube.ide.mcu.externaltools.gnu-tools-for-stm32.12.3.rel1.win32_1.0.100.202403111256/tools/bin/../lib/gcc/arm-none-eabi/12.3.1/thumb/v7e-m+dp/hard\libgcc.a(_udivmoddi4.o)
                0x080003c0                __udivmoddi4
 .text          0x0800067c        0x4 C:/ST/STM32CubeIDE_1.14.0/STM32CubeIDE/plugins/com.st.stm32cube.ide.mcu.externaltools.gnu-tools-for-stm32.12.3.rel1.win32_1.0.100.202403111256/tools/bin/../lib/gcc/arm-none-eabi/12.3.1/thumb/v7e-m+dp/hard\libgcc.a(_dvmd_tls.o)
                0x0800067c                __aeabi_idiv0
                0x0800067c                __aeabi_ldiv0
 *(.text*)
 .text.SystemInit
                0x08000680      0x12c ./Common/Src/system_stm32h7xx_dualcore_boot_cm4_cm7.o
                0x08000680                SystemInit
 .text.MX_ADC1_Init
                0x080007ac       0xf4 ./Core/Src/adc.o
                0x080007ac                MX_ADC1_Init
 .text.HAL_ADC_MspInit
                0x080008a0       0x8c ./Core/Src/adc.o
                0x080008a0                HAL_ADC_MspInit
 .text.MX_DMA_Init
                0x0800092c       0x70 ./Core/Src/dma.o
                0x0800092c                MX_DMA_Init
 .text.dshot_init
                0x0800099c       0x22 ./Core/Src/dshot.o
                0x0800099c                dshot_init
 .text.dshot_write
                0x080009be       0x1e ./Core/Src/dshot.o
                0x080009be                dshot_write
 .text.dshot_choose_type
                0x080009dc       0x38 ./Core/Src/dshot.o
 .text.dshot_set_timer
                0x08000a14       0xbc ./Core/Src/dshot.o
 .text.dshot_dma_tc_callback
                0x08000ad0       0x88 ./Core/Src/dshot.o
 .text.dshot_put_tc_callback_function
                0x08000b58       0x3c ./Core/Src/dshot.o
 .text.dshot_start_pwm
                0x08000b94       0x30 ./Core/Src/dshot.o
 .text.dshot_prepare_packet
                0x08000bc4       0x6a ./Core/Src/dshot.o
 .text.dshot_prepare_dmabuffer
                0x08000c2e       0x60 ./Core/Src/dshot.o
 *fill*         0x08000c8e        0x2 
 .text.dshot_prepare_dmabuffer_all
                0x08000c90       0x58 ./Core/Src/dshot.o
 .text.dshot_dma_start
                0x08000ce8       0x70 ./Core/Src/dshot.o
 .text.dshot_enable_dma_request
                0x08000d58       0x58 ./Core/Src/dshot.o
 .text.MX_GPIO_Init
                0x08000db0       0xac ./Core/Src/gpio.o
                0x08000db0                MX_GPIO_Init
 .text.get_M4   0x08000e5c       0x60 ./Core/Src/main.o
                0x08000e5c                get_M4
 .text.HAL_TIM_IC_CaptureCallback
                0x08000ebc       0x28 ./Core/Src/main.o
                0x08000ebc                HAL_TIM_IC_CaptureCallback
 *fill*         0x08000ee4        0x4 
 .text.main     0x08000ee8      0x2d0 ./Core/Src/main.o
                0x08000ee8                main
 .text.SystemClock_Config
                0x080011b8      0x100 ./Core/Src/main.o
                0x080011b8                SystemClock_Config
 .text.PeriphCommonClock_Config
                0x080012b8       0x66 ./Core/Src/main.o
                0x080012b8                PeriphCommonClock_Config
 .text.Error_Handler
                0x0800131e        0xc ./Core/Src/main.o
                0x0800131e                Error_Handler
 *fill*         0x0800132a        0x2 
 .text.HAL_MspInit
                0x0800132c       0x34 ./Core/Src/stm32h7xx_hal_msp.o
                0x0800132c                HAL_MspInit
 .text.map      0x08001360       0x6c ./Core/Src/stm32h7xx_it.o
                0x08001360                map
 *fill*         0x080013cc        0x4 
 .text.Controle
                0x080013d0      0x3a0 ./Core/Src/stm32h7xx_it.o
                0x080013d0                Controle
 .text.NMI_Handler
                0x08001770        0x8 ./Core/Src/stm32h7xx_it.o
                0x08001770                NMI_Handler
 .text.HardFault_Handler
                0x08001778        0x8 ./Core/Src/stm32h7xx_it.o
                0x08001778                HardFault_Handler
 .text.MemManage_Handler
                0x08001780        0x8 ./Core/Src/stm32h7xx_it.o
                0x08001780                MemManage_Handler
 .text.BusFault_Handler
                0x08001788        0x8 ./Core/Src/stm32h7xx_it.o
                0x08001788                BusFault_Handler
 .text.UsageFault_Handler
                0x08001790        0x8 ./Core/Src/stm32h7xx_it.o
                0x08001790                UsageFault_Handler
 .text.SVC_Handler
                0x08001798        0xe ./Core/Src/stm32h7xx_it.o
                0x08001798                SVC_Handler
 .text.DebugMon_Handler
                0x080017a6        0xe ./Core/Src/stm32h7xx_it.o
                0x080017a6                DebugMon_Handler
 .text.PendSV_Handler
                0x080017b4        0xe ./Core/Src/stm32h7xx_it.o
                0x080017b4                PendSV_Handler
 .text.SysTick_Handler
                0x080017c2        0xc ./Core/Src/stm32h7xx_it.o
                0x080017c2                SysTick_Handler
 *fill*         0x080017ce        0x2 
 .text.DMA1_Stream1_IRQHandler
                0x080017d0       0x14 ./Core/Src/stm32h7xx_it.o
                0x080017d0                DMA1_Stream1_IRQHandler
 .text.DMA1_Stream3_IRQHandler
                0x080017e4       0x14 ./Core/Src/stm32h7xx_it.o
                0x080017e4                DMA1_Stream3_IRQHandler
 .text.DMA1_Stream4_IRQHandler
                0x080017f8       0x14 ./Core/Src/stm32h7xx_it.o
                0x080017f8                DMA1_Stream4_IRQHandler
 .text.DMA1_Stream5_IRQHandler
                0x0800180c       0x14 ./Core/Src/stm32h7xx_it.o
                0x0800180c                DMA1_Stream5_IRQHandler
 .text.TIM4_IRQHandler
                0x08001820       0x14 ./Core/Src/stm32h7xx_it.o
                0x08001820                TIM4_IRQHandler
 .text.EXTI15_10_IRQHandler
                0x08001834        0xe ./Core/Src/stm32h7xx_it.o
                0x08001834                EXTI15_10_IRQHandler
 *fill*         0x08001842        0x2 
 .text.OTG_FS_IRQHandler
                0x08001844       0x14 ./Core/Src/stm32h7xx_it.o
                0x08001844                OTG_FS_IRQHandler
 .text.TIM15_IRQHandler
                0x08001858      0x168 ./Core/Src/stm32h7xx_it.o
                0x08001858                TIM15_IRQHandler
 .text._getpid  0x080019c0       0x10 ./Core/Src/syscalls.o
                0x080019c0                _getpid
 .text._kill    0x080019d0       0x20 ./Core/Src/syscalls.o
                0x080019d0                _kill
 .text._exit    0x080019f0       0x16 ./Core/Src/syscalls.o
                0x080019f0                _exit
 .text._read    0x08001a06       0x3a ./Core/Src/syscalls.o
                0x08001a06                _read
 .text._write   0x08001a40       0x38 ./Core/Src/syscalls.o
                0x08001a40                _write
 .text._close   0x08001a78       0x18 ./Core/Src/syscalls.o
                0x08001a78                _close
 .text._fstat   0x08001a90       0x20 ./Core/Src/syscalls.o
                0x08001a90                _fstat
 .text._isatty  0x08001ab0       0x16 ./Core/Src/syscalls.o
                0x08001ab0                _isatty
 .text._lseek   0x08001ac6       0x1a ./Core/Src/syscalls.o
                0x08001ac6                _lseek
 .text._sbrk    0x08001ae0       0x6c ./Core/Src/sysmem.o
                0x08001ae0                _sbrk
 .text.MX_TIM1_Init
                0x08001b4c       0xb4 ./Core/Src/tim.o
                0x08001b4c                MX_TIM1_Init
 .text.MX_TIM2_Init
                0x08001c00       0xc8 ./Core/Src/tim.o
                0x08001c00                MX_TIM2_Init
 .text.MX_TIM3_Init
                0x08001cc8       0xac ./Core/Src/tim.o
                0x08001cc8                MX_TIM3_Init
 .text.MX_TIM4_Init
                0x08001d74       0xac ./Core/Src/tim.o
                0x08001d74                MX_TIM4_Init
 .text.MX_TIM5_Init
                0x08001e20       0xc8 ./Core/Src/tim.o
                0x08001e20                MX_TIM5_Init
 .text.MX_TIM8_Init
                0x08001ee8       0xb4 ./Core/Src/tim.o
                0x08001ee8                MX_TIM8_Init
 .text.MX_TIM15_Init
                0x08001f9c       0xa4 ./Core/Src/tim.o
                0x08001f9c                MX_TIM15_Init
 .text.HAL_TIM_Encoder_MspInit
                0x08002040      0x1f8 ./Core/Src/tim.o
                0x08002040                HAL_TIM_Encoder_MspInit
 .text.HAL_TIM_PWM_MspInit
                0x08002238      0x258 ./Core/Src/tim.o
                0x08002238                HAL_TIM_PWM_MspInit
 .text.HAL_TIM_Base_MspInit
                0x08002490       0x50 ./Core/Src/tim.o
                0x08002490                HAL_TIM_Base_MspInit
 .text.HAL_TIM_MspPostInit
                0x080024e0       0xc0 ./Core/Src/tim.o
                0x080024e0                HAL_TIM_MspPostInit
 .text.Reset_Handler
                0x080025a0       0x50 ./Core/Startup/startup_stm32h755zitx.o
                0x080025a0                Reset_Handler
 .text.Default_Handler
                0x080025f0        0x2 ./Core/Startup/startup_stm32h755zitx.o
                0x080025f0                RTC_Alarm_IRQHandler
                0x080025f0                HASH_RNG_IRQHandler
                0x080025f0                EXTI2_IRQHandler
                0x080025f0                TIM8_CC_IRQHandler
                0x080025f0                HRTIM1_Master_IRQHandler
                0x080025f0                UART8_IRQHandler
                0x080025f0                SPI4_IRQHandler
                0x080025f0                TIM1_CC_IRQHandler
                0x080025f0                BDMA_Channel6_IRQHandler
                0x080025f0                DMA2_Stream5_IRQHandler
                0x080025f0                HRTIM1_FLT_IRQHandler
                0x080025f0                JPEG_IRQHandler
                0x080025f0                BDMA_Channel1_IRQHandler
                0x080025f0                HRTIM1_TIMD_IRQHandler
                0x080025f0                TAMP_STAMP_IRQHandler
                0x080025f0                EXTI3_IRQHandler
                0x080025f0                LPTIM4_IRQHandler
                0x080025f0                TIM8_TRG_COM_TIM14_IRQHandler
                0x080025f0                LPTIM2_IRQHandler
                0x080025f0                DFSDM1_FLT1_IRQHandler
                0x080025f0                DMAMUX2_OVR_IRQHandler
                0x080025f0                TIM8_UP_TIM13_IRQHandler
                0x080025f0                I2C3_ER_IRQHandler
                0x080025f0                DFSDM1_FLT2_IRQHandler
                0x080025f0                MDMA_IRQHandler
                0x080025f0                LPTIM3_IRQHandler
                0x080025f0                HSEM1_IRQHandler
                0x080025f0                EXTI0_IRQHandler
                0x080025f0                I2C2_EV_IRQHandler
                0x080025f0                DMA1_Stream2_IRQHandler
                0x080025f0                FPU_IRQHandler
                0x080025f0                OTG_HS_WKUP_IRQHandler
                0x080025f0                FDCAN1_IT1_IRQHandler
                0x080025f0                LTDC_ER_IRQHandler
                0x080025f0                DMA2_Stream2_IRQHandler
                0x080025f0                HRTIM1_TIME_IRQHandler
                0x080025f0                SPI1_IRQHandler
                0x080025f0                TIM6_DAC_IRQHandler
                0x080025f0                DCMI_IRQHandler
                0x080025f0                HRTIM1_TIMC_IRQHandler
                0x080025f0                DMA2_Stream3_IRQHandler
                0x080025f0                SAI2_IRQHandler
                0x080025f0                DFSDM1_FLT3_IRQHandler
                0x080025f0                USART6_IRQHandler
                0x080025f0                TIM17_IRQHandler
                0x080025f0                USART3_IRQHandler
                0x080025f0                BDMA_Channel7_IRQHandler
                0x080025f0                CRYP_IRQHandler
                0x080025f0                LPTIM5_IRQHandler
                0x080025f0                UART5_IRQHandler
                0x080025f0                ADC3_IRQHandler
                0x080025f0                DMA2_Stream0_IRQHandler
                0x080025f0                BDMA_Channel2_IRQHandler
                0x080025f0                QUADSPI_IRQHandler
                0x080025f0                I2C1_EV_IRQHandler
                0x080025f0                DMA1_Stream6_IRQHandler
                0x080025f0                DMAMUX1_OVR_IRQHandler
                0x080025f0                TIM16_IRQHandler
                0x080025f0                UART4_IRQHandler
                0x080025f0                BDMA_Channel5_IRQHandler
                0x080025f0                TIM3_IRQHandler
                0x080025f0                RCC_IRQHandler
                0x080025f0                TIM8_BRK_TIM12_IRQHandler
                0x080025f0                TIM1_TRG_COM_IRQHandler
                0x080025f0                Default_Handler
                0x080025f0                ECC_IRQHandler
                0x080025f0                CEC_IRQHandler
                0x080025f0                BDMA_Channel0_IRQHandler
                0x080025f0                ADC_IRQHandler
                0x080025f0                DMA1_Stream7_IRQHandler
                0x080025f0                HRTIM1_TIMA_IRQHandler
                0x080025f0                SPI5_IRQHandler
                0x080025f0                TIM7_IRQHandler
                0x080025f0                SDMMC1_IRQHandler
                0x080025f0                TIM5_IRQHandler
                0x080025f0                DMA2_Stream7_IRQHandler
                0x080025f0                PVD_AVD_IRQHandler
                0x080025f0                I2C3_EV_IRQHandler
                0x080025f0                EXTI9_5_IRQHandler
                0x080025f0                RTC_WKUP_IRQHandler
                0x080025f0                LTDC_IRQHandler
                0x080025f0                SAI3_IRQHandler
                0x080025f0                ETH_WKUP_IRQHandler
                0x080025f0                SPDIF_RX_IRQHandler
                0x080025f0                SPI2_IRQHandler
                0x080025f0                OTG_HS_EP1_IN_IRQHandler
                0x080025f0                DMA1_Stream0_IRQHandler
                0x080025f0                CRS_IRQHandler
                0x080025f0                CM7_SEV_IRQHandler
                0x080025f0                EXTI4_IRQHandler
                0x080025f0                CM4_SEV_IRQHandler
                0x080025f0                HRTIM1_TIMB_IRQHandler
                0x080025f0                FDCAN2_IT1_IRQHandler
                0x080025f0                ETH_IRQHandler
                0x080025f0                TIM1_UP_IRQHandler
                0x080025f0                WWDG_RST_IRQHandler
                0x080025f0                BDMA_Channel4_IRQHandler
                0x080025f0                OTG_HS_EP1_OUT_IRQHandler
                0x080025f0                WWDG_IRQHandler
                0x080025f0                SPI6_IRQHandler
                0x080025f0                MDIOS_IRQHandler
                0x080025f0                I2C4_EV_IRQHandler
                0x080025f0                FDCAN2_IT0_IRQHandler
                0x080025f0                LPUART1_IRQHandler
                0x080025f0                FDCAN1_IT0_IRQHandler
                0x080025f0                TIM2_IRQHandler
                0x080025f0                OTG_FS_WKUP_IRQHandler
                0x080025f0                OTG_HS_IRQHandler
                0x080025f0                HSEM2_IRQHandler
                0x080025f0                DMA2D_IRQHandler
                0x080025f0                TIM1_BRK_IRQHandler
                0x080025f0                EXTI1_IRQHandler
                0x080025f0                SDMMC2_IRQHandler
                0x080025f0                OTG_FS_EP1_OUT_IRQHandler
                0x080025f0                BDMA_Channel3_IRQHandler
                0x080025f0                HOLD_CORE_IRQHandler
                0x080025f0                UART7_IRQHandler
                0x080025f0                MDIOS_WKUP_IRQHandler
                0x080025f0                USART2_IRQHandler
                0x080025f0                DFSDM1_FLT0_IRQHandler
                0x080025f0                SAI4_IRQHandler
                0x080025f0                I2C2_ER_IRQHandler
                0x080025f0                DMA2_Stream1_IRQHandler
                0x080025f0                FLASH_IRQHandler
                0x080025f0                DMA2_Stream4_IRQHandler
                0x080025f0                USART1_IRQHandler
                0x080025f0                SPI3_IRQHandler
                0x080025f0                WAKEUP_PIN_IRQHandler
                0x080025f0                OTG_FS_EP1_IN_IRQHandler
                0x080025f0                I2C1_ER_IRQHandler
                0x080025f0                FMC_IRQHandler
                0x080025f0                FDCAN_CAL_IRQHandler
                0x080025f0                SWPMI1_IRQHandler
                0x080025f0                COMP1_IRQHandler
                0x080025f0                LPTIM1_IRQHandler
                0x080025f0                I2C4_ER_IRQHandler
                0x080025f0                DMA2_Stream6_IRQHandler
                0x080025f0                SAI1_IRQHandler
 *fill*         0x080025f2        0x2 
 .text.BSP_LED_Init
                0x080025f4       0xec ./Drivers/BSP/STM32H7xx_Nucleo/stm32h7xx_nucleo.o
                0x080025f4                BSP_LED_Init
 .text.BSP_PB_Init
                0x080026e0       0xe4 ./Drivers/BSP/STM32H7xx_Nucleo/stm32h7xx_nucleo.o
                0x080026e0                BSP_PB_Init
 .text.BSP_PB_IRQHandler
                0x080027c4       0x24 ./Drivers/BSP/STM32H7xx_Nucleo/stm32h7xx_nucleo.o
                0x080027c4                BSP_PB_IRQHandler
 .text.BSP_PB_Callback
                0x080027e8       0x16 ./Drivers/BSP/STM32H7xx_Nucleo/stm32h7xx_nucleo.o
                0x080027e8                BSP_PB_Callback
 *fill*         0x080027fe        0x2 
 .text.BSP_COM_Init
                0x08002800       0x60 ./Drivers/BSP/STM32H7xx_Nucleo/stm32h7xx_nucleo.o
                0x08002800                BSP_COM_Init
 .text.MX_USART3_Init
                0x08002860       0x64 ./Drivers/BSP/STM32H7xx_Nucleo/stm32h7xx_nucleo.o
                0x08002860                MX_USART3_Init
 .text.__io_putchar
                0x080028c4       0x38 ./Drivers/BSP/STM32H7xx_Nucleo/stm32h7xx_nucleo.o
                0x080028c4                __io_putchar
 .text.BUTTON_USER_EXTI_Callback
                0x080028fc        0xe ./Drivers/BSP/STM32H7xx_Nucleo/stm32h7xx_nucleo.o
 *fill*         0x0800290a        0x2 
 .text.COM1_MspInit
                0x0800290c       0xb0 ./Drivers/BSP/STM32H7xx_Nucleo/stm32h7xx_nucleo.o
 .text.HAL_Init
                0x080029bc       0x78 ./Drivers/STM32H7xx_HAL_Driver/stm32h7xx_hal.o
                0x080029bc                HAL_Init
 .text.HAL_InitTick
                0x08002a34       0x6c ./Drivers/STM32H7xx_HAL_Driver/stm32h7xx_hal.o
                0x08002a34                HAL_InitTick
 .text.HAL_IncTick
                0x08002aa0       0x28 ./Drivers/STM32H7xx_HAL_Driver/stm32h7xx_hal.o
                0x08002aa0                HAL_IncTick
 .text.HAL_GetTick
                0x08002ac8       0x18 ./Drivers/STM32H7xx_HAL_Driver/stm32h7xx_hal.o
                0x08002ac8                HAL_GetTick
 .text.HAL_Delay
                0x08002ae0       0x48 ./Drivers/STM32H7xx_HAL_Driver/stm32h7xx_hal.o
                0x08002ae0                HAL_Delay
 .text.HAL_GetREVID
                0x08002b28       0x18 ./Drivers/STM32H7xx_HAL_Driver/stm32h7xx_hal.o
                0x08002b28                HAL_GetREVID
 .text.LL_ADC_SetCommonClock
                0x08002b40       0x26 ./Drivers/STM32H7xx_HAL_Driver/stm32h7xx_hal_adc.o
 .text.LL_ADC_SetCommonPathInternalCh
                0x08002b66       0x26 ./Drivers/STM32H7xx_HAL_Driver/stm32h7xx_hal_adc.o
 .text.LL_ADC_GetCommonPathInternalCh
                0x08002b8c       0x1c ./Drivers/STM32H7xx_HAL_Driver/stm32h7xx_hal_adc.o
 .text.LL_ADC_SetOffset
                0x08002ba8       0x40 ./Drivers/STM32H7xx_HAL_Driver/stm32h7xx_hal_adc.o
 .text.LL_ADC_SetDataRightShift
                0x08002be8       0x32 ./Drivers/STM32H7xx_HAL_Driver/stm32h7xx_hal_adc.o
 .text.LL_ADC_SetOffsetSignedSaturation
                0x08002c1a       0x36 ./Drivers/STM32H7xx_HAL_Driver/stm32h7xx_hal_adc.o
 .text.LL_ADC_REG_IsTriggerSourceSWStart
                0x08002c50       0x26 ./Drivers/STM32H7xx_HAL_Driver/stm32h7xx_hal_adc.o
 .text.LL_ADC_REG_SetSequencerRanks
                0x08002c76       0x58 ./Drivers/STM32H7xx_HAL_Driver/stm32h7xx_hal_adc.o
 .text.LL_ADC_SetChannelSamplingTime
                0x08002cce       0x56 ./Drivers/STM32H7xx_HAL_Driver/stm32h7xx_hal_adc.o
 .text.LL_ADC_SetChannelSingleDiff
                0x08002d24       0x48 ./Drivers/STM32H7xx_HAL_Driver/stm32h7xx_hal_adc.o
 .text.LL_ADC_GetMultimode
                0x08002d6c       0x1c ./Drivers/STM32H7xx_HAL_Driver/stm32h7xx_hal_adc.o
 .text.LL_ADC_GetMultiDMATransfer
                0x08002d88       0x1c ./Drivers/STM32H7xx_HAL_Driver/stm32h7xx_hal_adc.o
 .text.LL_ADC_DisableDeepPowerDown
                0x08002da4       0x24 ./Drivers/STM32H7xx_HAL_Driver/stm32h7xx_hal_adc.o
 .text.LL_ADC_IsDeepPowerDownEnabled
                0x08002dc8       0x28 ./Drivers/STM32H7xx_HAL_Driver/stm32h7xx_hal_adc.o
 .text.LL_ADC_EnableInternalRegulator
                0x08002df0       0x28 ./Drivers/STM32H7xx_HAL_Driver/stm32h7xx_hal_adc.o
 .text.LL_ADC_IsInternalRegulatorEnabled
                0x08002e18       0x28 ./Drivers/STM32H7xx_HAL_Driver/stm32h7xx_hal_adc.o
 .text.LL_ADC_Enable
                0x08002e40       0x28 ./Drivers/STM32H7xx_HAL_Driver/stm32h7xx_hal_adc.o
 .text.LL_ADC_IsEnabled
                0x08002e68       0x26 ./Drivers/STM32H7xx_HAL_Driver/stm32h7xx_hal_adc.o
 *fill*         0x08002e8e        0x2 
 .text.LL_ADC_REG_StartConversion
                0x08002e90       0x28 ./Drivers/STM32H7xx_HAL_Driver/stm32h7xx_hal_adc.o
 .text.LL_ADC_REG_IsConversionOngoing
                0x08002eb8       0x26 ./Drivers/STM32H7xx_HAL_Driver/stm32h7xx_hal_adc.o
 .text.LL_ADC_INJ_IsConversionOngoing
                0x08002ede       0x26 ./Drivers/STM32H7xx_HAL_Driver/stm32h7xx_hal_adc.o
 .text.HAL_ADC_Init
                0x08002f04      0x344 ./Drivers/STM32H7xx_HAL_Driver/stm32h7xx_hal_adc.o
                0x08002f04                HAL_ADC_Init
 .text.HAL_ADC_Start
                0x08003248      0x194 ./Drivers/STM32H7xx_HAL_Driver/stm32h7xx_hal_adc.o
                0x08003248                HAL_ADC_Start
 .text.HAL_ADC_PollForConversion
                0x080033dc      0x1e8 ./Drivers/STM32H7xx_HAL_Driver/stm32h7xx_hal_adc.o
                0x080033dc                HAL_ADC_PollForConversion
 .text.HAL_ADC_GetValue
                0x080035c4       0x1a ./Drivers/STM32H7xx_HAL_Driver/stm32h7xx_hal_adc.o
                0x080035c4                HAL_ADC_GetValue
 *fill*         0x080035de        0x2 
 .text.HAL_ADC_ConfigChannel
                0x080035e0      0x6b8 ./Drivers/STM32H7xx_HAL_Driver/stm32h7xx_hal_adc.o
                0x080035e0                HAL_ADC_ConfigChannel
 .text.ADC_Enable
                0x08003c98      0x114 ./Drivers/STM32H7xx_HAL_Driver/stm32h7xx_hal_adc.o
                0x08003c98                ADC_Enable
 .text.ADC_ConfigureBoostMode
                0x08003dac      0x218 ./Drivers/STM32H7xx_HAL_Driver/stm32h7xx_hal_adc.o
                0x08003dac                ADC_ConfigureBoostMode
 .text.LL_ADC_IsEnabled
                0x08003fc4       0x26 ./Drivers/STM32H7xx_HAL_Driver/stm32h7xx_hal_adc_ex.o
 .text.LL_ADC_REG_IsConversionOngoing
                0x08003fea       0x26 ./Drivers/STM32H7xx_HAL_Driver/stm32h7xx_hal_adc_ex.o
 .text.HAL_ADCEx_MultiModeConfigChannel
                0x08004010      0x1bc ./Drivers/STM32H7xx_HAL_Driver/stm32h7xx_hal_adc_ex.o
                0x08004010                HAL_ADCEx_MultiModeConfigChannel
 .text.__NVIC_SetPriorityGrouping
                0x080041cc       0x48 ./Drivers/STM32H7xx_HAL_Driver/stm32h7xx_hal_cortex.o
 .text.__NVIC_GetPriorityGrouping
                0x08004214       0x1c ./Drivers/STM32H7xx_HAL_Driver/stm32h7xx_hal_cortex.o
 .text.__NVIC_EnableIRQ
                0x08004230       0x3c ./Drivers/STM32H7xx_HAL_Driver/stm32h7xx_hal_cortex.o
 .text.__NVIC_SetPriority
                0x0800426c       0x54 ./Drivers/STM32H7xx_HAL_Driver/stm32h7xx_hal_cortex.o
 .text.NVIC_EncodePriority
                0x080042c0       0x66 ./Drivers/STM32H7xx_HAL_Driver/stm32h7xx_hal_cortex.o
 *fill*         0x08004326        0x2 
 .text.SysTick_Config
                0x08004328       0x44 ./Drivers/STM32H7xx_HAL_Driver/stm32h7xx_hal_cortex.o
 .text.HAL_NVIC_SetPriorityGrouping
                0x0800436c       0x16 ./Drivers/STM32H7xx_HAL_Driver/stm32h7xx_hal_cortex.o
                0x0800436c                HAL_NVIC_SetPriorityGrouping
 .text.HAL_NVIC_SetPriority
                0x08004382       0x34 ./Drivers/STM32H7xx_HAL_Driver/stm32h7xx_hal_cortex.o
                0x08004382                HAL_NVIC_SetPriority
 .text.HAL_NVIC_EnableIRQ
                0x080043b6       0x1c ./Drivers/STM32H7xx_HAL_Driver/stm32h7xx_hal_cortex.o
                0x080043b6                HAL_NVIC_EnableIRQ
 .text.HAL_SYSTICK_Config
                0x080043d2       0x18 ./Drivers/STM32H7xx_HAL_Driver/stm32h7xx_hal_cortex.o
                0x080043d2                HAL_SYSTICK_Config
 *fill*         0x080043ea        0x2 
 .text.HAL_GetCurrentCPUID
                0x080043ec       0x28 ./Drivers/STM32H7xx_HAL_Driver/stm32h7xx_hal_cortex.o
                0x080043ec                HAL_GetCurrentCPUID
 .text.HAL_DMA_Init
                0x08004414      0x6b8 ./Drivers/STM32H7xx_HAL_Driver/stm32h7xx_hal_dma.o
                0x08004414                HAL_DMA_Init
 .text.HAL_DMA_Start_IT
                0x08004acc      0x4d4 ./Drivers/STM32H7xx_HAL_Driver/stm32h7xx_hal_dma.o
                0x08004acc                HAL_DMA_Start_IT
 .text.HAL_DMA_IRQHandler
                0x08004fa0      0xe54 ./Drivers/STM32H7xx_HAL_Driver/stm32h7xx_hal_dma.o
                0x08004fa0                HAL_DMA_IRQHandler
 .text.DMA_SetConfig
                0x08005df4      0x358 ./Drivers/STM32H7xx_HAL_Driver/stm32h7xx_hal_dma.o
 .text.DMA_CalcBaseAndBitshift
                0x0800614c      0x164 ./Drivers/STM32H7xx_HAL_Driver/stm32h7xx_hal_dma.o
 .text.DMA_CheckFifoParam
                0x080062b0       0xf8 ./Drivers/STM32H7xx_HAL_Driver/stm32h7xx_hal_dma.o
 .text.DMA_CalcDMAMUXChannelBaseAndMask
                0x080063a8      0x134 ./Drivers/STM32H7xx_HAL_Driver/stm32h7xx_hal_dma.o
 .text.DMA_CalcDMAMUXRequestGenBaseAndMask
                0x080064dc       0xe8 ./Drivers/STM32H7xx_HAL_Driver/stm32h7xx_hal_dma.o
 .text.HAL_EXTI_RegisterCallback
                0x080065c4       0x3e ./Drivers/STM32H7xx_HAL_Driver/stm32h7xx_hal_exti.o
                0x080065c4                HAL_EXTI_RegisterCallback
 .text.HAL_EXTI_GetHandle
                0x08006602       0x28 ./Drivers/STM32H7xx_HAL_Driver/stm32h7xx_hal_exti.o
                0x08006602                HAL_EXTI_GetHandle
 *fill*         0x0800662a        0x2 
 .text.HAL_EXTI_IRQHandler
                0x0800662c       0x78 ./Drivers/STM32H7xx_HAL_Driver/stm32h7xx_hal_exti.o
                0x0800662c                HAL_EXTI_IRQHandler
 .text.HAL_GPIO_Init
                0x080066a4      0x360 ./Drivers/STM32H7xx_HAL_Driver/stm32h7xx_hal_gpio.o
                0x080066a4                HAL_GPIO_Init
 .text.HAL_GPIO_WritePin
                0x08006a04       0x32 ./Drivers/STM32H7xx_HAL_Driver/stm32h7xx_hal_gpio.o
                0x08006a04                HAL_GPIO_WritePin
 .text.HAL_GPIO_TogglePin
                0x08006a36       0x34 ./Drivers/STM32H7xx_HAL_Driver/stm32h7xx_hal_gpio.o
                0x08006a36                HAL_GPIO_TogglePin
 *fill*         0x08006a6a        0x2 
 .text.HAL_HSEM_FastTake
                0x08006a6c       0x34 ./Drivers/STM32H7xx_HAL_Driver/stm32h7xx_hal_hsem.o
                0x08006a6c                HAL_HSEM_FastTake
 .text.HAL_HSEM_Release
                0x08006aa0       0x28 ./Drivers/STM32H7xx_HAL_Driver/stm32h7xx_hal_hsem.o
                0x08006aa0                HAL_HSEM_Release
 .text.HAL_PCD_Init
                0x08006ac8      0x218 ./Drivers/STM32H7xx_HAL_Driver/stm32h7xx_hal_pcd.o
                0x08006ac8                HAL_PCD_Init
 .text.HAL_PCD_Start
                0x08006ce0       0x6a ./Drivers/STM32H7xx_HAL_Driver/stm32h7xx_hal_pcd.o
                0x08006ce0                HAL_PCD_Start
 .text.HAL_PCD_IRQHandler
                0x08006d4a      0x99c ./Drivers/STM32H7xx_HAL_Driver/stm32h7xx_hal_pcd.o
                0x08006d4a                HAL_PCD_IRQHandler
 .text.HAL_PCD_SetAddress
                0x080076e6       0x48 ./Drivers/STM32H7xx_HAL_Driver/stm32h7xx_hal_pcd.o
                0x080076e6                HAL_PCD_SetAddress
 .text.HAL_PCD_EP_Open
                0x0800772e       0xd0 ./Drivers/STM32H7xx_HAL_Driver/stm32h7xx_hal_pcd.o
                0x0800772e                HAL_PCD_EP_Open
 .text.HAL_PCD_EP_Close
                0x080077fe       0x94 ./Drivers/STM32H7xx_HAL_Driver/stm32h7xx_hal_pcd.o
                0x080077fe                HAL_PCD_EP_Close
 .text.HAL_PCD_EP_Receive
                0x08007892       0x76 ./Drivers/STM32H7xx_HAL_Driver/stm32h7xx_hal_pcd.o
                0x08007892                HAL_PCD_EP_Receive
 .text.HAL_PCD_EP_GetRxCount
                0x08007908       0x30 ./Drivers/STM32H7xx_HAL_Driver/stm32h7xx_hal_pcd.o
                0x08007908                HAL_PCD_EP_GetRxCount
 .text.HAL_PCD_EP_Transmit
                0x08007938       0x74 ./Drivers/STM32H7xx_HAL_Driver/stm32h7xx_hal_pcd.o
                0x08007938                HAL_PCD_EP_Transmit
 .text.HAL_PCD_EP_SetStall
                0x080079ac       0xc6 ./Drivers/STM32H7xx_HAL_Driver/stm32h7xx_hal_pcd.o
                0x080079ac                HAL_PCD_EP_SetStall
 .text.HAL_PCD_EP_ClrStall
                0x08007a72       0xac ./Drivers/STM32H7xx_HAL_Driver/stm32h7xx_hal_pcd.o
                0x08007a72                HAL_PCD_EP_ClrStall
 .text.HAL_PCD_EP_Abort
                0x08007b1e       0x62 ./Drivers/STM32H7xx_HAL_Driver/stm32h7xx_hal_pcd.o
                0x08007b1e                HAL_PCD_EP_Abort
 .text.PCD_WriteEmptyTxFifo
                0x08007b80      0x118 ./Drivers/STM32H7xx_HAL_Driver/stm32h7xx_hal_pcd.o
 .text.PCD_EP_OutXfrComplete_int
                0x08007c98      0x1d0 ./Drivers/STM32H7xx_HAL_Driver/stm32h7xx_hal_pcd.o
 .text.PCD_EP_OutSetupPacket_int
                0x08007e68       0x8c ./Drivers/STM32H7xx_HAL_Driver/stm32h7xx_hal_pcd.o
 .text.HAL_PCDEx_SetTxFiFo
                0x08007ef4       0x8e ./Drivers/STM32H7xx_HAL_Driver/stm32h7xx_hal_pcd_ex.o
                0x08007ef4                HAL_PCDEx_SetTxFiFo
 .text.HAL_PCDEx_SetRxFiFo
                0x08007f82       0x22 ./Drivers/STM32H7xx_HAL_Driver/stm32h7xx_hal_pcd_ex.o
                0x08007f82                HAL_PCDEx_SetRxFiFo
 .text.HAL_PCDEx_ActivateLPM
                0x08007fa4       0x48 ./Drivers/STM32H7xx_HAL_Driver/stm32h7xx_hal_pcd_ex.o
                0x08007fa4                HAL_PCDEx_ActivateLPM
 .text.HAL_PCDEx_LPM_Callback
                0x08007fec       0x18 ./Drivers/STM32H7xx_HAL_Driver/stm32h7xx_hal_pcd_ex.o
                0x08007fec                HAL_PCDEx_LPM_Callback
 .text.HAL_PWREx_ConfigSupply
                0x08008004       0xb4 ./Drivers/STM32H7xx_HAL_Driver/stm32h7xx_hal_pwr_ex.o
                0x08008004                HAL_PWREx_ConfigSupply
 .text.HAL_PWREx_EnableUSBVoltageDetector
                0x080080b8       0x20 ./Drivers/STM32H7xx_HAL_Driver/stm32h7xx_hal_pwr_ex.o
                0x080080b8                HAL_PWREx_EnableUSBVoltageDetector
 .text.HAL_RCC_OscConfig
                0x080080d8      0x8b4 ./Drivers/STM32H7xx_HAL_Driver/stm32h7xx_hal_rcc.o
                0x080080d8                HAL_RCC_OscConfig
 .text.HAL_RCC_ClockConfig
                0x0800898c      0x36c ./Drivers/STM32H7xx_HAL_Driver/stm32h7xx_hal_rcc.o
                0x0800898c                HAL_RCC_ClockConfig
 .text.HAL_RCC_GetSysClockFreq
                0x08008cf8      0x2f4 ./Drivers/STM32H7xx_HAL_Driver/stm32h7xx_hal_rcc.o
                0x08008cf8                HAL_RCC_GetSysClockFreq
 .text.HAL_RCC_GetHCLKFreq
                0x08008fec       0x60 ./Drivers/STM32H7xx_HAL_Driver/stm32h7xx_hal_rcc.o
                0x08008fec                HAL_RCC_GetHCLKFreq
 .text.HAL_RCC_GetPCLK1Freq
                0x0800904c       0x2c ./Drivers/STM32H7xx_HAL_Driver/stm32h7xx_hal_rcc.o
                0x0800904c                HAL_RCC_GetPCLK1Freq
 .text.HAL_RCC_GetPCLK2Freq
                0x08009078       0x2c ./Drivers/STM32H7xx_HAL_Driver/stm32h7xx_hal_rcc.o
                0x08009078                HAL_RCC_GetPCLK2Freq
 .text.HAL_RCCEx_PeriphCLKConfig
                0x080090a4     0x1414 ./Drivers/STM32H7xx_HAL_Driver/stm32h7xx_hal_rcc_ex.o
                0x080090a4                HAL_RCCEx_PeriphCLKConfig
 .text.HAL_RCCEx_GetPeriphCLKFreq
                0x0800a4b8      0xb00 ./Drivers/STM32H7xx_HAL_Driver/stm32h7xx_hal_rcc_ex.o
                0x0800a4b8                HAL_RCCEx_GetPeriphCLKFreq
 .text.HAL_RCCEx_GetD3PCLK1Freq
                0x0800afb8       0x2c ./Drivers/STM32H7xx_HAL_Driver/stm32h7xx_hal_rcc_ex.o
                0x0800afb8                HAL_RCCEx_GetD3PCLK1Freq
 .text.HAL_RCCEx_GetPLL2ClockFreq
                0x0800afe4      0x2a8 ./Drivers/STM32H7xx_HAL_Driver/stm32h7xx_hal_rcc_ex.o
                0x0800afe4                HAL_RCCEx_GetPLL2ClockFreq
 .text.HAL_RCCEx_GetPLL3ClockFreq
                0x0800b28c      0x2a8 ./Drivers/STM32H7xx_HAL_Driver/stm32h7xx_hal_rcc_ex.o
                0x0800b28c                HAL_RCCEx_GetPLL3ClockFreq
 .text.HAL_RCCEx_GetPLL1ClockFreq
                0x0800b534      0x2a4 ./Drivers/STM32H7xx_HAL_Driver/stm32h7xx_hal_rcc_ex.o
                0x0800b534                HAL_RCCEx_GetPLL1ClockFreq
 .text.RCCEx_PLL2_Config
                0x0800b7d8      0x164 ./Drivers/STM32H7xx_HAL_Driver/stm32h7xx_hal_rcc_ex.o
 .text.RCCEx_PLL3_Config
                0x0800b93c      0x164 ./Drivers/STM32H7xx_HAL_Driver/stm32h7xx_hal_rcc_ex.o
 .text.HAL_TIM_Base_Init
                0x0800baa0       0xae ./Drivers/STM32H7xx_HAL_Driver/stm32h7xx_hal_tim.o
                0x0800baa0                HAL_TIM_Base_Init
 *fill*         0x0800bb4e        0x2 
 .text.HAL_TIM_Base_Start_IT
                0x0800bb50       0xf0 ./Drivers/STM32H7xx_HAL_Driver/stm32h7xx_hal_tim.o
                0x0800bb50                HAL_TIM_Base_Start_IT
 .text.HAL_TIM_PWM_Init
                0x0800bc40       0xae ./Drivers/STM32H7xx_HAL_Driver/stm32h7xx_hal_tim.o
                0x0800bc40                HAL_TIM_PWM_Init
 *fill*         0x0800bcee        0x2 
 .text.HAL_TIM_PWM_Start
                0x0800bcf0      0x21c ./Drivers/STM32H7xx_HAL_Driver/stm32h7xx_hal_tim.o
                0x0800bcf0                HAL_TIM_PWM_Start
 .text.HAL_TIM_Encoder_Init
                0x0800bf0c      0x14c ./Drivers/STM32H7xx_HAL_Driver/stm32h7xx_hal_tim.o
                0x0800bf0c                HAL_TIM_Encoder_Init
 .text.HAL_TIM_Encoder_Start_IT
                0x0800c058      0x15c ./Drivers/STM32H7xx_HAL_Driver/stm32h7xx_hal_tim.o
                0x0800c058                HAL_TIM_Encoder_Start_IT
 .text.HAL_TIM_IRQHandler
                0x0800c1b4      0x20e ./Drivers/STM32H7xx_HAL_Driver/stm32h7xx_hal_tim.o
                0x0800c1b4                HAL_TIM_IRQHandler
 *fill*         0x0800c3c2        0x2 
 .text.HAL_TIM_PWM_ConfigChannel
                0x0800c3c4      0x228 ./Drivers/STM32H7xx_HAL_Driver/stm32h7xx_hal_tim.o
                0x0800c3c4                HAL_TIM_PWM_ConfigChannel
 .text.HAL_TIM_ConfigClockSource
                0x0800c5ec      0x1f0 ./Drivers/STM32H7xx_HAL_Driver/stm32h7xx_hal_tim.o
                0x0800c5ec                HAL_TIM_ConfigClockSource
 .text.HAL_TIM_PeriodElapsedCallback
                0x0800c7dc       0x14 ./Drivers/STM32H7xx_HAL_Driver/stm32h7xx_hal_tim.o
                0x0800c7dc                HAL_TIM_PeriodElapsedCallback
 .text.HAL_TIM_OC_DelayElapsedCallback
                0x0800c7f0       0x14 ./Drivers/STM32H7xx_HAL_Driver/stm32h7xx_hal_tim.o
                0x0800c7f0                HAL_TIM_OC_DelayElapsedCallback
 .text.HAL_TIM_PWM_PulseFinishedCallback
                0x0800c804       0x14 ./Drivers/STM32H7xx_HAL_Driver/stm32h7xx_hal_tim.o
                0x0800c804                HAL_TIM_PWM_PulseFinishedCallback
 .text.HAL_TIM_TriggerCallback
                0x0800c818       0x14 ./Drivers/STM32H7xx_HAL_Driver/stm32h7xx_hal_tim.o
                0x0800c818                HAL_TIM_TriggerCallback
 .text.TIM_Base_SetConfig
                0x0800c82c      0x14c ./Drivers/STM32H7xx_HAL_Driver/stm32h7xx_hal_tim.o
                0x0800c82c                TIM_Base_SetConfig
 .text.TIM_OC1_SetConfig
                0x0800c978      0x120 ./Drivers/STM32H7xx_HAL_Driver/stm32h7xx_hal_tim.o
 .text.TIM_OC2_SetConfig
                0x0800ca98      0x114 ./Drivers/STM32H7xx_HAL_Driver/stm32h7xx_hal_tim.o
                0x0800ca98                TIM_OC2_SetConfig
 .text.TIM_OC3_SetConfig
                0x0800cbac      0x110 ./Drivers/STM32H7xx_HAL_Driver/stm32h7xx_hal_tim.o
 .text.TIM_OC4_SetConfig
                0x0800ccbc       0xd4 ./Drivers/STM32H7xx_HAL_Driver/stm32h7xx_hal_tim.o
 .text.TIM_OC5_SetConfig
                0x0800cd90       0xc8 ./Drivers/STM32H7xx_HAL_Driver/stm32h7xx_hal_tim.o
 .text.TIM_OC6_SetConfig
                0x0800ce58       0xcc ./Drivers/STM32H7xx_HAL_Driver/stm32h7xx_hal_tim.o
 .text.TIM_TI1_ConfigInputStage
                0x0800cf24       0x5e ./Drivers/STM32H7xx_HAL_Driver/stm32h7xx_hal_tim.o
 .text.TIM_TI2_ConfigInputStage
                0x0800cf82       0x60 ./Drivers/STM32H7xx_HAL_Driver/stm32h7xx_hal_tim.o
 *fill*         0x0800cfe2        0x2 
 .text.TIM_ITRx_SetConfig
                0x0800cfe4       0x3c ./Drivers/STM32H7xx_HAL_Driver/stm32h7xx_hal_tim.o
 .text.TIM_ETR_SetConfig
                0x0800d020       0x40 ./Drivers/STM32H7xx_HAL_Driver/stm32h7xx_hal_tim.o
                0x0800d020                TIM_ETR_SetConfig
 .text.TIM_CCxChannelCmd
                0x0800d060       0x4a ./Drivers/STM32H7xx_HAL_Driver/stm32h7xx_hal_tim.o
                0x0800d060                TIM_CCxChannelCmd
 *fill*         0x0800d0aa        0x2 
 .text.HAL_TIMEx_MasterConfigSynchronization
                0x0800d0ac      0x11c ./Drivers/STM32H7xx_HAL_Driver/stm32h7xx_hal_tim_ex.o
                0x0800d0ac                HAL_TIMEx_MasterConfigSynchronization
 .text.HAL_TIMEx_CommutCallback
                0x0800d1c8       0x14 ./Drivers/STM32H7xx_HAL_Driver/stm32h7xx_hal_tim_ex.o
                0x0800d1c8                HAL_TIMEx_CommutCallback
 .text.HAL_TIMEx_BreakCallback
                0x0800d1dc       0x14 ./Drivers/STM32H7xx_HAL_Driver/stm32h7xx_hal_tim_ex.o
                0x0800d1dc                HAL_TIMEx_BreakCallback
 .text.HAL_TIMEx_Break2Callback
                0x0800d1f0       0x14 ./Drivers/STM32H7xx_HAL_Driver/stm32h7xx_hal_tim_ex.o
                0x0800d1f0                HAL_TIMEx_Break2Callback
 .text.HAL_UART_Init
                0x0800d204       0xa0 ./Drivers/STM32H7xx_HAL_Driver/stm32h7xx_hal_uart.o
                0x0800d204                HAL_UART_Init
 .text.HAL_UART_MspInit
                0x0800d2a4       0x14 ./Drivers/STM32H7xx_HAL_Driver/stm32h7xx_hal_uart.o
                0x0800d2a4                HAL_UART_MspInit
 .text.HAL_UART_Transmit
                0x0800d2b8      0x11c ./Drivers/STM32H7xx_HAL_Driver/stm32h7xx_hal_uart.o
                0x0800d2b8                HAL_UART_Transmit
 .text.UART_SetConfig
                0x0800d3d4      0xad0 ./Drivers/STM32H7xx_HAL_Driver/stm32h7xx_hal_uart.o
                0x0800d3d4                UART_SetConfig
 .text.UART_AdvFeatureConfig
                0x0800dea4      0x144 ./Drivers/STM32H7xx_HAL_Driver/stm32h7xx_hal_uart.o
                0x0800dea4                UART_AdvFeatureConfig
 .text.UART_CheckIdleState
                0x0800dfe8      0x154 ./Drivers/STM32H7xx_HAL_Driver/stm32h7xx_hal_uart.o
                0x0800dfe8                UART_CheckIdleState
 .text.UART_WaitOnFlagUntilTimeout
                0x0800e13c       0xda ./Drivers/STM32H7xx_HAL_Driver/stm32h7xx_hal_uart.o
                0x0800e13c                UART_WaitOnFlagUntilTimeout
 *fill*         0x0800e216        0x2 
 .text.UART_EndRxTransfer
                0x0800e218       0xcc ./Drivers/STM32H7xx_HAL_Driver/stm32h7xx_hal_uart.o
 .text.USB_CoreInit
                0x0800e2e4       0xe4 ./Drivers/STM32H7xx_HAL_Driver/stm32h7xx_ll_usb.o
                0x0800e2e4                USB_CoreInit
 .text.USB_SetTurnaroundTime
                0x0800e3c8      0x144 ./Drivers/STM32H7xx_HAL_Driver/stm32h7xx_ll_usb.o
                0x0800e3c8                USB_SetTurnaroundTime
 .text.USB_EnableGlobalInt
                0x0800e50c       0x22 ./Drivers/STM32H7xx_HAL_Driver/stm32h7xx_ll_usb.o
                0x0800e50c                USB_EnableGlobalInt
 .text.USB_DisableGlobalInt
                0x0800e52e       0x22 ./Drivers/STM32H7xx_HAL_Driver/stm32h7xx_ll_usb.o
                0x0800e52e                USB_DisableGlobalInt
 .text.USB_SetCurrentMode
                0x0800e550       0x98 ./Drivers/STM32H7xx_HAL_Driver/stm32h7xx_ll_usb.o
                0x0800e550                USB_SetCurrentMode
 .text.USB_DevInit
                0x0800e5e8      0x2bc ./Drivers/STM32H7xx_HAL_Driver/stm32h7xx_ll_usb.o
                0x0800e5e8                USB_DevInit
 .text.USB_FlushTxFifo
                0x0800e8a4       0x64 ./Drivers/STM32H7xx_HAL_Driver/stm32h7xx_ll_usb.o
                0x0800e8a4                USB_FlushTxFifo
 .text.USB_FlushRxFifo
                0x0800e908       0x5c ./Drivers/STM32H7xx_HAL_Driver/stm32h7xx_ll_usb.o
                0x0800e908                USB_FlushRxFifo
 .text.USB_SetDevSpeed
                0x0800e964       0x32 ./Drivers/STM32H7xx_HAL_Driver/stm32h7xx_ll_usb.o
                0x0800e964                USB_SetDevSpeed
 .text.USB_GetDevSpeed
                0x0800e996       0x4a ./Drivers/STM32H7xx_HAL_Driver/stm32h7xx_ll_usb.o
                0x0800e996                USB_GetDevSpeed
 .text.USB_ActivateEndpoint
                0x0800e9e0      0x110 ./Drivers/STM32H7xx_HAL_Driver/stm32h7xx_ll_usb.o
                0x0800e9e0                USB_ActivateEndpoint
 .text.USB_DeactivateEndpoint
                0x0800eaf0      0x1b8 ./Drivers/STM32H7xx_HAL_Driver/stm32h7xx_ll_usb.o
                0x0800eaf0                USB_DeactivateEndpoint
 .text.USB_EPStartXfer
                0x0800eca8      0x540 ./Drivers/STM32H7xx_HAL_Driver/stm32h7xx_ll_usb.o
                0x0800eca8                USB_EPStartXfer
 .text.USB_EPStopXfer
                0x0800f1e8      0x154 ./Drivers/STM32H7xx_HAL_Driver/stm32h7xx_ll_usb.o
                0x0800f1e8                USB_EPStopXfer
 .text.USB_WritePacket
                0x0800f33c       0x7c ./Drivers/STM32H7xx_HAL_Driver/stm32h7xx_ll_usb.o
                0x0800f33c                USB_WritePacket
 .text.USB_ReadPacket
                0x0800f3b8       0xb0 ./Drivers/STM32H7xx_HAL_Driver/stm32h7xx_ll_usb.o
                0x0800f3b8                USB_ReadPacket
 .text.USB_EPSetStall
                0x0800f468       0xdc ./Drivers/STM32H7xx_HAL_Driver/stm32h7xx_ll_usb.o
                0x0800f468                USB_EPSetStall
 .text.USB_EPClearStall
                0x0800f544       0xcc ./Drivers/STM32H7xx_HAL_Driver/stm32h7xx_ll_usb.o
                0x0800f544                USB_EPClearStall
 .text.USB_SetDevAddress
                0x0800f610       0x4c ./Drivers/STM32H7xx_HAL_Driver/stm32h7xx_ll_usb.o
                0x0800f610                USB_SetDevAddress
 .text.USB_DevConnect
                0x0800f65c       0x42 ./Drivers/STM32H7xx_HAL_Driver/stm32h7xx_ll_usb.o
                0x0800f65c                USB_DevConnect
 .text.USB_DevDisconnect
                0x0800f69e       0x42 ./Drivers/STM32H7xx_HAL_Driver/stm32h7xx_ll_usb.o
                0x0800f69e                USB_DevDisconnect
 .text.USB_ReadInterrupts
                0x0800f6e0       0x26 ./Drivers/STM32H7xx_HAL_Driver/stm32h7xx_ll_usb.o
                0x0800f6e0                USB_ReadInterrupts
 .text.USB_ReadDevAllOutEpInterrupt
                0x0800f706       0x34 ./Drivers/STM32H7xx_HAL_Driver/stm32h7xx_ll_usb.o
                0x0800f706                USB_ReadDevAllOutEpInterrupt
 .text.USB_ReadDevAllInEpInterrupt
                0x0800f73a       0x34 ./Drivers/STM32H7xx_HAL_Driver/stm32h7xx_ll_usb.o
                0x0800f73a                USB_ReadDevAllInEpInterrupt
 .text.USB_ReadDevOutEPInterrupt
                0x0800f76e       0x3c ./Drivers/STM32H7xx_HAL_Driver/stm32h7xx_ll_usb.o
                0x0800f76e                USB_ReadDevOutEPInterrupt
 .text.USB_ReadDevInEPInterrupt
                0x0800f7aa       0x5c ./Drivers/STM32H7xx_HAL_Driver/stm32h7xx_ll_usb.o
                0x0800f7aa                USB_ReadDevInEPInterrupt
 .text.USB_GetMode
                0x0800f806       0x1c ./Drivers/STM32H7xx_HAL_Driver/stm32h7xx_ll_usb.o
                0x0800f806                USB_GetMode
 *fill*         0x0800f822        0x2 
 .text.USB_ActivateSetup
                0x0800f824       0x48 ./Drivers/STM32H7xx_HAL_Driver/stm32h7xx_ll_usb.o
                0x0800f824                USB_ActivateSetup
 .text.USB_EP0_OutStart
                0x0800f86c       0xbc ./Drivers/STM32H7xx_HAL_Driver/stm32h7xx_ll_usb.o
                0x0800f86c                USB_EP0_OutStart
 .text.USB_CoreReset
                0x0800f928       0x62 ./Drivers/STM32H7xx_HAL_Driver/stm32h7xx_ll_usb.o
 *fill*         0x0800f98a        0x2 
 .text.USBD_CDC_Init
                0x0800f98c      0x1f0 ./Middlewares/ST/STM32_USB_Device_Library/usbd_cdc.o
 .text.USBD_CDC_DeInit
                0x0800fb7c      0x104 ./Middlewares/ST/STM32_USB_Device_Library/usbd_cdc.o
 .text.USBD_CDC_Setup
                0x0800fc80      0x1b8 ./Middlewares/ST/STM32_USB_Device_Library/usbd_cdc.o
 .text.USBD_CDC_DataIn
                0x0800fe38       0xfe ./Middlewares/ST/STM32_USB_Device_Library/usbd_cdc.o
 .text.USBD_CDC_DataOut
                0x0800ff36       0x70 ./Middlewares/ST/STM32_USB_Device_Library/usbd_cdc.o
 .text.USBD_CDC_EP0_RxReady
                0x0800ffa6       0x74 ./Middlewares/ST/STM32_USB_Device_Library/usbd_cdc.o
 *fill*         0x0801001a        0x2 
 .text.USBD_CDC_GetFSCfgDesc
                0x0801001c       0x70 ./Middlewares/ST/STM32_USB_Device_Library/usbd_cdc.o
 .text.USBD_CDC_GetHSCfgDesc
                0x0801008c       0x70 ./Middlewares/ST/STM32_USB_Device_Library/usbd_cdc.o
 .text.USBD_CDC_GetOtherSpeedCfgDesc
                0x080100fc       0x70 ./Middlewares/ST/STM32_USB_Device_Library/usbd_cdc.o
 .text.USBD_CDC_GetDeviceQualifierDescriptor
                0x0801016c       0x20 ./Middlewares/ST/STM32_USB_Device_Library/usbd_cdc.o
                0x0801016c                USBD_CDC_GetDeviceQualifierDescriptor
 .text.USBD_CDC_RegisterInterface
                0x0801018c       0x34 ./Middlewares/ST/STM32_USB_Device_Library/usbd_cdc.o
                0x0801018c                USBD_CDC_RegisterInterface
 .text.USBD_CDC_SetTxBuffer
                0x080101c0       0x44 ./Middlewares/ST/STM32_USB_Device_Library/usbd_cdc.o
                0x080101c0                USBD_CDC_SetTxBuffer
 .text.USBD_CDC_SetRxBuffer
                0x08010204       0x3a ./Middlewares/ST/STM32_USB_Device_Library/usbd_cdc.o
                0x08010204                USBD_CDC_SetRxBuffer
 *fill*         0x0801023e        0x2 
 .text.USBD_CDC_TransmitPacket
                0x08010240       0x80 ./Middlewares/ST/STM32_USB_Device_Library/usbd_cdc.o
                0x08010240                USBD_CDC_TransmitPacket
 .text.USBD_CDC_ReceivePacket
                0x080102c0       0x6c ./Middlewares/ST/STM32_USB_Device_Library/usbd_cdc.o
                0x080102c0                USBD_CDC_ReceivePacket
 .text.USBD_Init
                0x0801032c       0x60 ./Middlewares/ST/STM32_USB_Device_Library/usbd_core.o
                0x0801032c                USBD_Init
 .text.USBD_RegisterClass
                0x0801038c       0x6c ./Middlewares/ST/STM32_USB_Device_Library/usbd_core.o
                0x0801038c                USBD_RegisterClass
 .text.USBD_Start
                0x080103f8       0x18 ./Middlewares/ST/STM32_USB_Device_Library/usbd_core.o
                0x080103f8                USBD_Start
 .text.USBD_RunTestMode
                0x08010410       0x16 ./Middlewares/ST/STM32_USB_Device_Library/usbd_core.o
                0x08010410                USBD_RunTestMode
 .text.USBD_SetClassConfig
                0x08010426       0x38 ./Middlewares/ST/STM32_USB_Device_Library/usbd_core.o
                0x08010426                USBD_SetClassConfig
 .text.USBD_ClrClassConfig
                0x0801045e       0x34 ./Middlewares/ST/STM32_USB_Device_Library/usbd_core.o
                0x0801045e                USBD_ClrClassConfig
 .text.USBD_LL_SetupStage
                0x08010492       0xaa ./Middlewares/ST/STM32_USB_Device_Library/usbd_core.o
                0x08010492                USBD_LL_SetupStage
 .text.USBD_LL_DataOutStage
                0x0801053c      0x166 ./Middlewares/ST/STM32_USB_Device_Library/usbd_core.o
                0x0801053c                USBD_LL_DataOutStage
 .text.USBD_LL_DataInStage
                0x080106a2      0x164 ./Middlewares/ST/STM32_USB_Device_Library/usbd_core.o
                0x080106a2                USBD_LL_DataInStage
 .text.USBD_LL_Reset
                0x08010806       0xa4 ./Middlewares/ST/STM32_USB_Device_Library/usbd_core.o
                0x08010806                USBD_LL_Reset
 .text.USBD_LL_SetSpeed
                0x080108aa       0x20 ./Middlewares/ST/STM32_USB_Device_Library/usbd_core.o
                0x080108aa                USBD_LL_SetSpeed
 .text.USBD_LL_Suspend
                0x080108ca       0x38 ./Middlewares/ST/STM32_USB_Device_Library/usbd_core.o
                0x080108ca                USBD_LL_Suspend
 .text.USBD_LL_Resume
                0x08010902       0x30 ./Middlewares/ST/STM32_USB_Device_Library/usbd_core.o
                0x08010902                USBD_LL_Resume
 .text.USBD_LL_SOF
                0x08010932       0x40 ./Middlewares/ST/STM32_USB_Device_Library/usbd_core.o
                0x08010932                USBD_LL_SOF
 .text.USBD_LL_IsoINIncomplete
                0x08010972       0x64 ./Middlewares/ST/STM32_USB_Device_Library/usbd_core.o
                0x08010972                USBD_LL_IsoINIncomplete
 .text.USBD_LL_IsoOUTIncomplete
                0x080109d6       0x64 ./Middlewares/ST/STM32_USB_Device_Library/usbd_core.o
                0x080109d6                USBD_LL_IsoOUTIncomplete
 .text.USBD_LL_DevConnected
                0x08010a3a       0x16 ./Middlewares/ST/STM32_USB_Device_Library/usbd_core.o
                0x08010a3a                USBD_LL_DevConnected
 .text.USBD_LL_DevDisconnected
                0x08010a50       0x46 ./Middlewares/ST/STM32_USB_Device_Library/usbd_core.o
                0x08010a50                USBD_LL_DevDisconnected
 .text.USBD_CoreFindIF
                0x08010a96       0x1a ./Middlewares/ST/STM32_USB_Device_Library/usbd_core.o
                0x08010a96                USBD_CoreFindIF
 .text.USBD_CoreFindEP
                0x08010ab0       0x1a ./Middlewares/ST/STM32_USB_Device_Library/usbd_core.o
                0x08010ab0                USBD_CoreFindEP
 .text.USBD_GetEpDesc
                0x08010aca       0x70 ./Middlewares/ST/STM32_USB_Device_Library/usbd_core.o
                0x08010aca                USBD_GetEpDesc
 .text.USBD_GetNextDesc
                0x08010b3a       0x38 ./Middlewares/ST/STM32_USB_Device_Library/usbd_core.o
                0x08010b3a                USBD_GetNextDesc
 .text.SWAPBYTE
                0x08010b72       0x3c ./Middlewares/ST/STM32_USB_Device_Library/usbd_ctlreq.o
 *fill*         0x08010bae        0x2 
 .text.USBD_StdDevReq
                0x08010bb0       0xe4 ./Middlewares/ST/STM32_USB_Device_Library/usbd_ctlreq.o
                0x08010bb0                USBD_StdDevReq
 .text.USBD_StdItfReq
                0x08010c94       0xd8 ./Middlewares/ST/STM32_USB_Device_Library/usbd_ctlreq.o
                0x08010c94                USBD_StdItfReq
 .text.USBD_StdEPReq
                0x08010d6c      0x33a ./Middlewares/ST/STM32_USB_Device_Library/usbd_ctlreq.o
                0x08010d6c                USBD_StdEPReq
 *fill*         0x080110a6        0x2 
 .text.USBD_GetDescriptor
                0x080110a8      0x328 ./Middlewares/ST/STM32_USB_Device_Library/usbd_ctlreq.o
 .text.USBD_SetAddress
                0x080113d0       0x88 ./Middlewares/ST/STM32_USB_Device_Library/usbd_ctlreq.o
 .text.USBD_SetConfig
                0x08011458      0x154 ./Middlewares/ST/STM32_USB_Device_Library/usbd_ctlreq.o
 .text.USBD_GetConfig
                0x080115ac       0x6c ./Middlewares/ST/STM32_USB_Device_Library/usbd_ctlreq.o
 .text.USBD_GetStatus
                0x08011618       0x68 ./Middlewares/ST/STM32_USB_Device_Library/usbd_ctlreq.o
 .text.USBD_SetFeature
                0x08011680       0x52 ./Middlewares/ST/STM32_USB_Device_Library/usbd_ctlreq.o
 .text.USBD_ClrFeature
                0x080116d2       0x44 ./Middlewares/ST/STM32_USB_Device_Library/usbd_ctlreq.o
 .text.USBD_ParseSetupRequest
                0x08011716       0x74 ./Middlewares/ST/STM32_USB_Device_Library/usbd_ctlreq.o
                0x08011716                USBD_ParseSetupRequest
 .text.USBD_CtlError
                0x0801178a       0x22 ./Middlewares/ST/STM32_USB_Device_Library/usbd_ctlreq.o
                0x0801178a                USBD_CtlError
 .text.USBD_GetString
                0x080117ac       0xa4 ./Middlewares/ST/STM32_USB_Device_Library/usbd_ctlreq.o
                0x080117ac                USBD_GetString
 .text.USBD_GetLen
                0x08011850       0x34 ./Middlewares/ST/STM32_USB_Device_Library/usbd_ctlreq.o
 .text.USBD_CtlSendData
                0x08011884       0x36 ./Middlewares/ST/STM32_USB_Device_Library/usbd_ioreq.o
                0x08011884                USBD_CtlSendData
 .text.USBD_CtlContinueSendData
                0x080118ba       0x22 ./Middlewares/ST/STM32_USB_Device_Library/usbd_ioreq.o
                0x080118ba                USBD_CtlContinueSendData
 .text.USBD_CtlPrepareRx
                0x080118dc       0x3a ./Middlewares/ST/STM32_USB_Device_Library/usbd_ioreq.o
                0x080118dc                USBD_CtlPrepareRx
 .text.USBD_CtlContinueRx
                0x08011916       0x22 ./Middlewares/ST/STM32_USB_Device_Library/usbd_ioreq.o
                0x08011916                USBD_CtlContinueRx
 .text.USBD_CtlSendStatus
                0x08011938       0x26 ./Middlewares/ST/STM32_USB_Device_Library/usbd_ioreq.o
                0x08011938                USBD_CtlSendStatus
 .text.USBD_CtlReceiveStatus
                0x0801195e       0x26 ./Middlewares/ST/STM32_USB_Device_Library/usbd_ioreq.o
                0x0801195e                USBD_CtlReceiveStatus
 .text.MX_USB_DEVICE_Init
                0x08011984       0x64 ./USB_DEVICE/App/usb_device.o
                0x08011984                MX_USB_DEVICE_Init
 .text.CDC_Init_FS
                0x080119e8       0x28 ./USB_DEVICE/App/usbd_cdc_if.o
 .text.CDC_DeInit_FS
                0x08011a10       0x10 ./USB_DEVICE/App/usbd_cdc_if.o
 .text.CDC_Control_FS
                0x08011a20       0xbc ./USB_DEVICE/App/usbd_cdc_if.o
 .text.CDC_Receive_FS
                0x08011adc       0x28 ./USB_DEVICE/App/usbd_cdc_if.o
 .text.CDC_Transmit_FS
                0x08011b04       0x4c ./USB_DEVICE/App/usbd_cdc_if.o
                0x08011b04                CDC_Transmit_FS
 .text.CDC_TransmitCplt_FS
                0x08011b50       0x22 ./USB_DEVICE/App/usbd_cdc_if.o
 *fill*         0x08011b72        0x2 
 .text.USBD_FS_DeviceDescriptor
                0x08011b74       0x24 ./USB_DEVICE/App/usbd_desc.o
                0x08011b74                USBD_FS_DeviceDescriptor
 .text.USBD_FS_LangIDStrDescriptor
                0x08011b98       0x24 ./USB_DEVICE/App/usbd_desc.o
                0x08011b98                USBD_FS_LangIDStrDescriptor
 .text.USBD_FS_ProductStrDescriptor
                0x08011bbc       0x3c ./USB_DEVICE/App/usbd_desc.o
                0x08011bbc                USBD_FS_ProductStrDescriptor
 .text.USBD_FS_ManufacturerStrDescriptor
                0x08011bf8       0x28 ./USB_DEVICE/App/usbd_desc.o
                0x08011bf8                USBD_FS_ManufacturerStrDescriptor
 .text.USBD_FS_SerialStrDescriptor
                0x08011c20       0x24 ./USB_DEVICE/App/usbd_desc.o
                0x08011c20                USBD_FS_SerialStrDescriptor
 .text.USBD_FS_ConfigStrDescriptor
                0x08011c44       0x3c ./USB_DEVICE/App/usbd_desc.o
                0x08011c44                USBD_FS_ConfigStrDescriptor
 .text.USBD_FS_InterfaceStrDescriptor
                0x08011c80       0x3c ./USB_DEVICE/App/usbd_desc.o
                0x08011c80                USBD_FS_InterfaceStrDescriptor
 .text.Get_SerialNum
                0x08011cbc       0x58 ./USB_DEVICE/App/usbd_desc.o
 .text.IntToUnicode
                0x08011d14       0x7e ./USB_DEVICE/App/usbd_desc.o
 *fill*         0x08011d92        0x2 
 .text.HAL_PCD_MspInit
                0x08011d94      0x108 ./USB_DEVICE/Target/usbd_conf.o
                0x08011d94                HAL_PCD_MspInit
 .text.HAL_PCD_SetupStageCallback
                0x08011e9c       0x24 ./USB_DEVICE/Target/usbd_conf.o
                0x08011e9c                HAL_PCD_SetupStageCallback
 .text.HAL_PCD_DataOutStageCallback
                0x08011ec0       0x36 ./USB_DEVICE/Target/usbd_conf.o
                0x08011ec0                HAL_PCD_DataOutStageCallback
 .text.HAL_PCD_DataInStageCallback
                0x08011ef6       0x34 ./USB_DEVICE/Target/usbd_conf.o
                0x08011ef6                HAL_PCD_DataInStageCallback
 .text.HAL_PCD_SOFCallback
                0x08011f2a       0x1c ./USB_DEVICE/Target/usbd_conf.o
                0x08011f2a                HAL_PCD_SOFCallback
 .text.HAL_PCD_ResetCallback
                0x08011f46       0x50 ./USB_DEVICE/Target/usbd_conf.o
                0x08011f46                HAL_PCD_ResetCallback
 *fill*         0x08011f96        0x2 
 .text.HAL_PCD_SuspendCallback
                0x08011f98       0x4c ./USB_DEVICE/Target/usbd_conf.o
                0x08011f98                HAL_PCD_SuspendCallback
 .text.HAL_PCD_ResumeCallback
                0x08011fe4       0x1c ./USB_DEVICE/Target/usbd_conf.o
                0x08011fe4                HAL_PCD_ResumeCallback
 .text.HAL_PCD_ISOOUTIncompleteCallback
                0x08012000       0x24 ./USB_DEVICE/Target/usbd_conf.o
                0x08012000                HAL_PCD_ISOOUTIncompleteCallback
 .text.HAL_PCD_ISOINIncompleteCallback
                0x08012024       0x24 ./USB_DEVICE/Target/usbd_conf.o
                0x08012024                HAL_PCD_ISOINIncompleteCallback
 .text.HAL_PCD_ConnectCallback
                0x08012048       0x1c ./USB_DEVICE/Target/usbd_conf.o
                0x08012048                HAL_PCD_ConnectCallback
 .text.HAL_PCD_DisconnectCallback
                0x08012064       0x1c ./USB_DEVICE/Target/usbd_conf.o
                0x08012064                HAL_PCD_DisconnectCallback
 .text.USBD_LL_Init
                0x08012080       0xa0 ./USB_DEVICE/Target/usbd_conf.o
                0x08012080                USBD_LL_Init
 .text.USBD_LL_Start
                0x08012120       0x36 ./USB_DEVICE/Target/usbd_conf.o
                0x08012120                USBD_LL_Start
 .text.USBD_LL_OpenEP
                0x08012156       0x4c ./USB_DEVICE/Target/usbd_conf.o
                0x08012156                USBD_LL_OpenEP
 .text.USBD_LL_CloseEP
                0x080121a2       0x3e ./USB_DEVICE/Target/usbd_conf.o
                0x080121a2                USBD_LL_CloseEP
 .text.USBD_LL_StallEP
                0x080121e0       0x3e ./USB_DEVICE/Target/usbd_conf.o
                0x080121e0                USBD_LL_StallEP
 .text.USBD_LL_ClearStallEP
                0x0801221e       0x3e ./USB_DEVICE/Target/usbd_conf.o
                0x0801221e                USBD_LL_ClearStallEP
 .text.USBD_LL_IsStallEP
                0x0801225c       0x58 ./USB_DEVICE/Target/usbd_conf.o
                0x0801225c                USBD_LL_IsStallEP
 .text.USBD_LL_SetUSBAddress
                0x080122b4       0x3e ./USB_DEVICE/Target/usbd_conf.o
                0x080122b4                USBD_LL_SetUSBAddress
 .text.USBD_LL_Transmit
                0x080122f2       0x42 ./USB_DEVICE/Target/usbd_conf.o
                0x080122f2                USBD_LL_Transmit
 .text.USBD_LL_PrepareReceive
                0x08012334       0x42 ./USB_DEVICE/Target/usbd_conf.o
                0x08012334                USBD_LL_PrepareReceive
 .text.USBD_LL_GetRxDataSize
                0x08012376       0x26 ./USB_DEVICE/Target/usbd_conf.o
                0x08012376                USBD_LL_GetRxDataSize
 .text.USBD_static_malloc
                0x0801239c       0x1c ./USB_DEVICE/Target/usbd_conf.o
                0x0801239c                USBD_static_malloc
 .text.USBD_static_free
                0x080123b8       0x14 ./USB_DEVICE/Target/usbd_conf.o
                0x080123b8                USBD_static_free
 .text.USBD_Get_USB_Status
                0x080123cc       0x58 ./USB_DEVICE/Target/usbd_conf.o
                0x080123cc                USBD_Get_USB_Status
 .text.__cvt    0x08012424       0xa8 C:/ST/STM32CubeIDE_1.14.0/STM32CubeIDE/plugins/com.st.stm32cube.ide.mcu.externaltools.gnu-tools-for-stm32.12.3.rel1.win32_1.0.100.202403111256/tools/bin/../lib/gcc/arm-none-eabi/12.3.1/../../../../arm-none-eabi/lib/thumb/v7e-m+dp/hard\libc_nano.a(libc_a-nano-vfprintf_float.o)
                0x08012424                __cvt
 .text.__exponent
                0x080124cc       0x74 C:/ST/STM32CubeIDE_1.14.0/STM32CubeIDE/plugins/com.st.stm32cube.ide.mcu.externaltools.gnu-tools-for-stm32.12.3.rel1.win32_1.0.100.202403111256/tools/bin/../lib/gcc/arm-none-eabi/12.3.1/../../../../arm-none-eabi/lib/thumb/v7e-m+dp/hard\libc_nano.a(libc_a-nano-vfprintf_float.o)
                0x080124cc                __exponent
 .text._printf_float
                0x08012540      0x434 C:/ST/STM32CubeIDE_1.14.0/STM32CubeIDE/plugins/com.st.stm32cube.ide.mcu.externaltools.gnu-tools-for-stm32.12.3.rel1.win32_1.0.100.202403111256/tools/bin/../lib/gcc/arm-none-eabi/12.3.1/../../../../arm-none-eabi/lib/thumb/v7e-m+dp/hard\libc_nano.a(libc_a-nano-vfprintf_float.o)
                0x08012540                _printf_float
 .text._printf_common
                0x08012974       0xda C:/ST/STM32CubeIDE_1.14.0/STM32CubeIDE/plugins/com.st.stm32cube.ide.mcu.externaltools.gnu-tools-for-stm32.12.3.rel1.win32_1.0.100.202403111256/tools/bin/../lib/gcc/arm-none-eabi/12.3.1/../../../../arm-none-eabi/lib/thumb/v7e-m+dp/hard\libc_nano.a(libc_a-nano-vfprintf_i.o)
                0x08012974                _printf_common
 *fill*         0x08012a4e        0x2 
 .text._printf_i
                0x08012a50      0x240 C:/ST/STM32CubeIDE_1.14.0/STM32CubeIDE/plugins/com.st.stm32cube.ide.mcu.externaltools.gnu-tools-for-stm32.12.3.rel1.win32_1.0.100.202403111256/tools/bin/../lib/gcc/arm-none-eabi/12.3.1/../../../../arm-none-eabi/lib/thumb/v7e-m+dp/hard\libc_nano.a(libc_a-nano-vfprintf_i.o)
                0x08012a50                _printf_i
 .text.std      0x08012c90       0x6c C:/ST/STM32CubeIDE_1.14.0/STM32CubeIDE/plugins/com.st.stm32cube.ide.mcu.externaltools.gnu-tools-for-stm32.12.3.rel1.win32_1.0.100.202403111256/tools/bin/../lib/gcc/arm-none-eabi/12.3.1/../../../../arm-none-eabi/lib/thumb/v7e-m+dp/hard\libc_nano.a(libc_a-findfp.o)
 .text.stdio_exit_handler
                0x08012cfc       0x18 C:/ST/STM32CubeIDE_1.14.0/STM32CubeIDE/plugins/com.st.stm32cube.ide.mcu.externaltools.gnu-tools-for-stm32.12.3.rel1.win32_1.0.100.202403111256/tools/bin/../lib/gcc/arm-none-eabi/12.3.1/../../../../arm-none-eabi/lib/thumb/v7e-m+dp/hard\libc_nano.a(libc_a-findfp.o)
 .text.cleanup_stdio
                0x08012d14       0x40 C:/ST/STM32CubeIDE_1.14.0/STM32CubeIDE/plugins/com.st.stm32cube.ide.mcu.externaltools.gnu-tools-for-stm32.12.3.rel1.win32_1.0.100.202403111256/tools/bin/../lib/gcc/arm-none-eabi/12.3.1/../../../../arm-none-eabi/lib/thumb/v7e-m+dp/hard\libc_nano.a(libc_a-findfp.o)
 .text.global_stdio_init.part.0
                0x08012d54       0x3c C:/ST/STM32CubeIDE_1.14.0/STM32CubeIDE/plugins/com.st.stm32cube.ide.mcu.externaltools.gnu-tools-for-stm32.12.3.rel1.win32_1.0.100.202403111256/tools/bin/../lib/gcc/arm-none-eabi/12.3.1/../../../../arm-none-eabi/lib/thumb/v7e-m+dp/hard\libc_nano.a(libc_a-findfp.o)
 .text.__sfp_lock_acquire
                0x08012d90        0xc C:/ST/STM32CubeIDE_1.14.0/STM32CubeIDE/plugins/com.st.stm32cube.ide.mcu.externaltools.gnu-tools-for-stm32.12.3.rel1.win32_1.0.100.202403111256/tools/bin/../lib/gcc/arm-none-eabi/12.3.1/../../../../arm-none-eabi/lib/thumb/v7e-m+dp/hard\libc_nano.a(libc_a-findfp.o)
                0x08012d90                __sfp_lock_acquire
 .text.__sfp_lock_release
                0x08012d9c        0xc C:/ST/STM32CubeIDE_1.14.0/STM32CubeIDE/plugins/com.st.stm32cube.ide.mcu.externaltools.gnu-tools-for-stm32.12.3.rel1.win32_1.0.100.202403111256/tools/bin/../lib/gcc/arm-none-eabi/12.3.1/../../../../arm-none-eabi/lib/thumb/v7e-m+dp/hard\libc_nano.a(libc_a-findfp.o)
                0x08012d9c                __sfp_lock_release
 .text.__sinit  0x08012da8       0x30 C:/ST/STM32CubeIDE_1.14.0/STM32CubeIDE/plugins/com.st.stm32cube.ide.mcu.externaltools.gnu-tools-for-stm32.12.3.rel1.win32_1.0.100.202403111256/tools/bin/../lib/gcc/arm-none-eabi/12.3.1/../../../../arm-none-eabi/lib/thumb/v7e-m+dp/hard\libc_nano.a(libc_a-findfp.o)
                0x08012da8                __sinit
 .text._fwalk_sglue
                0x08012dd8       0x3c C:/ST/STM32CubeIDE_1.14.0/STM32CubeIDE/plugins/com.st.stm32cube.ide.mcu.externaltools.gnu-tools-for-stm32.12.3.rel1.win32_1.0.100.202403111256/tools/bin/../lib/gcc/arm-none-eabi/12.3.1/../../../../arm-none-eabi/lib/thumb/v7e-m+dp/hard\libc_nano.a(libc_a-fwalk.o)
                0x08012dd8                _fwalk_sglue
 .text.sprintf  0x08012e14       0x40 C:/ST/STM32CubeIDE_1.14.0/STM32CubeIDE/plugins/com.st.stm32cube.ide.mcu.externaltools.gnu-tools-for-stm32.12.3.rel1.win32_1.0.100.202403111256/tools/bin/../lib/gcc/arm-none-eabi/12.3.1/../../../../arm-none-eabi/lib/thumb/v7e-m+dp/hard\libc_nano.a(libc_a-sprintf.o)
                0x08012e14                siprintf
                0x08012e14                sprintf
 .text.__sread  0x08012e54       0x22 C:/ST/STM32CubeIDE_1.14.0/STM32CubeIDE/plugins/com.st.stm32cube.ide.mcu.externaltools.gnu-tools-for-stm32.12.3.rel1.win32_1.0.100.202403111256/tools/bin/../lib/gcc/arm-none-eabi/12.3.1/../../../../arm-none-eabi/lib/thumb/v7e-m+dp/hard\libc_nano.a(libc_a-stdio.o)
                0x08012e54                __sread
 .text.__swrite
                0x08012e76       0x38 C:/ST/STM32CubeIDE_1.14.0/STM32CubeIDE/plugins/com.st.stm32cube.ide.mcu.externaltools.gnu-tools-for-stm32.12.3.rel1.win32_1.0.100.202403111256/tools/bin/../lib/gcc/arm-none-eabi/12.3.1/../../../../arm-none-eabi/lib/thumb/v7e-m+dp/hard\libc_nano.a(libc_a-stdio.o)
                0x08012e76                __swrite
 .text.__sseek  0x08012eae       0x24 C:/ST/STM32CubeIDE_1.14.0/STM32CubeIDE/plugins/com.st.stm32cube.ide.mcu.externaltools.gnu-tools-for-stm32.12.3.rel1.win32_1.0.100.202403111256/tools/bin/../lib/gcc/arm-none-eabi/12.3.1/../../../../arm-none-eabi/lib/thumb/v7e-m+dp/hard\libc_nano.a(libc_a-stdio.o)
                0x08012eae                __sseek
 .text.__sclose
                0x08012ed2        0x8 C:/ST/STM32CubeIDE_1.14.0/STM32CubeIDE/plugins/com.st.stm32cube.ide.mcu.externaltools.gnu-tools-for-stm32.12.3.rel1.win32_1.0.100.202403111256/tools/bin/../lib/gcc/arm-none-eabi/12.3.1/../../../../arm-none-eabi/lib/thumb/v7e-m+dp/hard\libc_nano.a(libc_a-stdio.o)
                0x08012ed2                __sclose
 .text.memset   0x08012eda       0x10 C:/ST/STM32CubeIDE_1.14.0/STM32CubeIDE/plugins/com.st.stm32cube.ide.mcu.externaltools.gnu-tools-for-stm32.12.3.rel1.win32_1.0.100.202403111256/tools/bin/../lib/gcc/arm-none-eabi/12.3.1/../../../../arm-none-eabi/lib/thumb/v7e-m+dp/hard\libc_nano.a(libc_a-memset.o)
                0x08012eda                memset
 *fill*         0x08012eea        0x2 
 .text._localeconv_r
                0x08012eec        0x8 C:/ST/STM32CubeIDE_1.14.0/STM32CubeIDE/plugins/com.st.stm32cube.ide.mcu.externaltools.gnu-tools-for-stm32.12.3.rel1.win32_1.0.100.202403111256/tools/bin/../lib/gcc/arm-none-eabi/12.3.1/../../../../arm-none-eabi/lib/thumb/v7e-m+dp/hard\libc_nano.a(libc_a-localeconv.o)
                0x08012eec                _localeconv_r
 .text._close_r
                0x08012ef4       0x20 C:/ST/STM32CubeIDE_1.14.0/STM32CubeIDE/plugins/com.st.stm32cube.ide.mcu.externaltools.gnu-tools-for-stm32.12.3.rel1.win32_1.0.100.202403111256/tools/bin/../lib/gcc/arm-none-eabi/12.3.1/../../../../arm-none-eabi/lib/thumb/v7e-m+dp/hard\libc_nano.a(libc_a-closer.o)
                0x08012ef4                _close_r
 .text._lseek_r
                0x08012f14       0x24 C:/ST/STM32CubeIDE_1.14.0/STM32CubeIDE/plugins/com.st.stm32cube.ide.mcu.externaltools.gnu-tools-for-stm32.12.3.rel1.win32_1.0.100.202403111256/tools/bin/../lib/gcc/arm-none-eabi/12.3.1/../../../../arm-none-eabi/lib/thumb/v7e-m+dp/hard\libc_nano.a(libc_a-lseekr.o)
                0x08012f14                _lseek_r
 .text._read_r  0x08012f38       0x24 C:/ST/STM32CubeIDE_1.14.0/STM32CubeIDE/plugins/com.st.stm32cube.ide.mcu.externaltools.gnu-tools-for-stm32.12.3.rel1.win32_1.0.100.202403111256/tools/bin/../lib/gcc/arm-none-eabi/12.3.1/../../../../arm-none-eabi/lib/thumb/v7e-m+dp/hard\libc_nano.a(libc_a-readr.o)
                0x08012f38                _read_r
 .text._write_r
                0x08012f5c       0x24 C:/ST/STM32CubeIDE_1.14.0/STM32CubeIDE/plugins/com.st.stm32cube.ide.mcu.externaltools.gnu-tools-for-stm32.12.3.rel1.win32_1.0.100.202403111256/tools/bin/../lib/gcc/arm-none-eabi/12.3.1/../../../../arm-none-eabi/lib/thumb/v7e-m+dp/hard\libc_nano.a(libc_a-writer.o)
                0x08012f5c                _write_r
 .text.__errno  0x08012f80        0xc C:/ST/STM32CubeIDE_1.14.0/STM32CubeIDE/plugins/com.st.stm32cube.ide.mcu.externaltools.gnu-tools-for-stm32.12.3.rel1.win32_1.0.100.202403111256/tools/bin/../lib/gcc/arm-none-eabi/12.3.1/../../../../arm-none-eabi/lib/thumb/v7e-m+dp/hard\libc_nano.a(libc_a-errno.o)
                0x08012f80                __errno
 .text.__libc_init_array
                0x08012f8c       0x48 C:/ST/STM32CubeIDE_1.14.0/STM32CubeIDE/plugins/com.st.stm32cube.ide.mcu.externaltools.gnu-tools-for-stm32.12.3.rel1.win32_1.0.100.202403111256/tools/bin/../lib/gcc/arm-none-eabi/12.3.1/../../../../arm-none-eabi/lib/thumb/v7e-m+dp/hard\libc_nano.a(libc_a-init.o)
                0x08012f8c                __libc_init_array
 .text.__retarget_lock_init_recursive
                0x08012fd4        0x2 C:/ST/STM32CubeIDE_1.14.0/STM32CubeIDE/plugins/com.st.stm32cube.ide.mcu.externaltools.gnu-tools-for-stm32.12.3.rel1.win32_1.0.100.202403111256/tools/bin/../lib/gcc/arm-none-eabi/12.3.1/../../../../arm-none-eabi/lib/thumb/v7e-m+dp/hard\libc_nano.a(libc_a-lock.o)
                0x08012fd4                __retarget_lock_init_recursive
 .text.__retarget_lock_acquire_recursive
                0x08012fd6        0x2 C:/ST/STM32CubeIDE_1.14.0/STM32CubeIDE/plugins/com.st.stm32cube.ide.mcu.externaltools.gnu-tools-for-stm32.12.3.rel1.win32_1.0.100.202403111256/tools/bin/../lib/gcc/arm-none-eabi/12.3.1/../../../../arm-none-eabi/lib/thumb/v7e-m+dp/hard\libc_nano.a(libc_a-lock.o)
                0x08012fd6                __retarget_lock_acquire_recursive
 .text.__retarget_lock_release_recursive
                0x08012fd8        0x2 C:/ST/STM32CubeIDE_1.14.0/STM32CubeIDE/plugins/com.st.stm32cube.ide.mcu.externaltools.gnu-tools-for-stm32.12.3.rel1.win32_1.0.100.202403111256/tools/bin/../lib/gcc/arm-none-eabi/12.3.1/../../../../arm-none-eabi/lib/thumb/v7e-m+dp/hard\libc_nano.a(libc_a-lock.o)
                0x08012fd8                __retarget_lock_release_recursive
 .text.quorem   0x08012fda      0x110 C:/ST/STM32CubeIDE_1.14.0/STM32CubeIDE/plugins/com.st.stm32cube.ide.mcu.externaltools.gnu-tools-for-stm32.12.3.rel1.win32_1.0.100.202403111256/tools/bin/../lib/gcc/arm-none-eabi/12.3.1/../../../../arm-none-eabi/lib/thumb/v7e-m+dp/hard\libc_nano.a(libc_a-dtoa.o)
 *fill*         0x080130ea        0x6 
 .text._dtoa_r  0x080130f0      0xaac C:/ST/STM32CubeIDE_1.14.0/STM32CubeIDE/plugins/com.st.stm32cube.ide.mcu.externaltools.gnu-tools-for-stm32.12.3.rel1.win32_1.0.100.202403111256/tools/bin/../lib/gcc/arm-none-eabi/12.3.1/../../../../arm-none-eabi/lib/thumb/v7e-m+dp/hard\libc_nano.a(libc_a-dtoa.o)
                0x080130f0                _dtoa_r
 .text._free_r  0x08013b9c       0x94 C:/ST/STM32CubeIDE_1.14.0/STM32CubeIDE/plugins/com.st.stm32cube.ide.mcu.externaltools.gnu-tools-for-stm32.12.3.rel1.win32_1.0.100.202403111256/tools/bin/../lib/gcc/arm-none-eabi/12.3.1/../../../../arm-none-eabi/lib/thumb/v7e-m+dp/hard\libc_nano.a(libc_a-freer.o)
                0x08013b9c                _free_r
 .text.malloc   0x08013c30       0x10 C:/ST/STM32CubeIDE_1.14.0/STM32CubeIDE/plugins/com.st.stm32cube.ide.mcu.externaltools.gnu-tools-for-stm32.12.3.rel1.win32_1.0.100.202403111256/tools/bin/../lib/gcc/arm-none-eabi/12.3.1/../../../../arm-none-eabi/lib/thumb/v7e-m+dp/hard\libc_nano.a(libc_a-malloc.o)
                0x08013c30                malloc
 .text.sbrk_aligned
                0x08013c40       0x44 C:/ST/STM32CubeIDE_1.14.0/STM32CubeIDE/plugins/com.st.stm32cube.ide.mcu.externaltools.gnu-tools-for-stm32.12.3.rel1.win32_1.0.100.202403111256/tools/bin/../lib/gcc/arm-none-eabi/12.3.1/../../../../arm-none-eabi/lib/thumb/v7e-m+dp/hard\libc_nano.a(libc_a-mallocr.o)
 .text._malloc_r
                0x08013c84      0x100 C:/ST/STM32CubeIDE_1.14.0/STM32CubeIDE/plugins/com.st.stm32cube.ide.mcu.externaltools.gnu-tools-for-stm32.12.3.rel1.win32_1.0.100.202403111256/tools/bin/../lib/gcc/arm-none-eabi/12.3.1/../../../../arm-none-eabi/lib/thumb/v7e-m+dp/hard\libc_nano.a(libc_a-mallocr.o)
                0x08013c84                _malloc_r
 .text.__malloc_lock
                0x08013d84        0xc C:/ST/STM32CubeIDE_1.14.0/STM32CubeIDE/plugins/com.st.stm32cube.ide.mcu.externaltools.gnu-tools-for-stm32.12.3.rel1.win32_1.0.100.202403111256/tools/bin/../lib/gcc/arm-none-eabi/12.3.1/../../../../arm-none-eabi/lib/thumb/v7e-m+dp/hard\libc_nano.a(libc_a-mlock.o)
                0x08013d84                __malloc_lock
 .text.__malloc_unlock
                0x08013d90        0xc C:/ST/STM32CubeIDE_1.14.0/STM32CubeIDE/plugins/com.st.stm32cube.ide.mcu.externaltools.gnu-tools-for-stm32.12.3.rel1.win32_1.0.100.202403111256/tools/bin/../lib/gcc/arm-none-eabi/12.3.1/../../../../arm-none-eabi/lib/thumb/v7e-m+dp/hard\libc_nano.a(libc_a-mlock.o)
                0x08013d90                __malloc_unlock
 .text._Balloc  0x08013d9c       0x80 C:/ST/STM32CubeIDE_1.14.0/STM32CubeIDE/plugins/com.st.stm32cube.ide.mcu.externaltools.gnu-tools-for-stm32.12.3.rel1.win32_1.0.100.202403111256/tools/bin/../lib/gcc/arm-none-eabi/12.3.1/../../../../arm-none-eabi/lib/thumb/v7e-m+dp/hard\libc_nano.a(libc_a-mprec.o)
                0x08013d9c                _Balloc
 .text._Bfree   0x08013e1c       0x44 C:/ST/STM32CubeIDE_1.14.0/STM32CubeIDE/plugins/com.st.stm32cube.ide.mcu.externaltools.gnu-tools-for-stm32.12.3.rel1.win32_1.0.100.202403111256/tools/bin/../lib/gcc/arm-none-eabi/12.3.1/../../../../arm-none-eabi/lib/thumb/v7e-m+dp/hard\libc_nano.a(libc_a-mprec.o)
                0x08013e1c                _Bfree
 .text.__multadd
                0x08013e60       0x8c C:/ST/STM32CubeIDE_1.14.0/STM32CubeIDE/plugins/com.st.stm32cube.ide.mcu.externaltools.gnu-tools-for-stm32.12.3.rel1.win32_1.0.100.202403111256/tools/bin/../lib/gcc/arm-none-eabi/12.3.1/../../../../arm-none-eabi/lib/thumb/v7e-m+dp/hard\libc_nano.a(libc_a-mprec.o)
                0x08013e60                __multadd
 .text.__hi0bits
                0x08013eec       0x3e C:/ST/STM32CubeIDE_1.14.0/STM32CubeIDE/plugins/com.st.stm32cube.ide.mcu.externaltools.gnu-tools-for-stm32.12.3.rel1.win32_1.0.100.202403111256/tools/bin/../lib/gcc/arm-none-eabi/12.3.1/../../../../arm-none-eabi/lib/thumb/v7e-m+dp/hard\libc_nano.a(libc_a-mprec.o)
                0x08013eec                __hi0bits
 .text.__lo0bits
                0x08013f2a       0x5a C:/ST/STM32CubeIDE_1.14.0/STM32CubeIDE/plugins/com.st.stm32cube.ide.mcu.externaltools.gnu-tools-for-stm32.12.3.rel1.win32_1.0.100.202403111256/tools/bin/../lib/gcc/arm-none-eabi/12.3.1/../../../../arm-none-eabi/lib/thumb/v7e-m+dp/hard\libc_nano.a(libc_a-mprec.o)
                0x08013f2a                __lo0bits
 .text.__i2b    0x08013f84       0x2c C:/ST/STM32CubeIDE_1.14.0/STM32CubeIDE/plugins/com.st.stm32cube.ide.mcu.externaltools.gnu-tools-for-stm32.12.3.rel1.win32_1.0.100.202403111256/tools/bin/../lib/gcc/arm-none-eabi/12.3.1/../../../../arm-none-eabi/lib/thumb/v7e-m+dp/hard\libc_nano.a(libc_a-mprec.o)
                0x08013f84                __i2b
 .text.__multiply
                0x08013fb0      0x154 C:/ST/STM32CubeIDE_1.14.0/STM32CubeIDE/plugins/com.st.stm32cube.ide.mcu.externaltools.gnu-tools-for-stm32.12.3.rel1.win32_1.0.100.202403111256/tools/bin/../lib/gcc/arm-none-eabi/12.3.1/../../../../arm-none-eabi/lib/thumb/v7e-m+dp/hard\libc_nano.a(libc_a-mprec.o)
                0x08013fb0                __multiply
 .text.__pow5mult
                0x08014104       0xb4 C:/ST/STM32CubeIDE_1.14.0/STM32CubeIDE/plugins/com.st.stm32cube.ide.mcu.externaltools.gnu-tools-for-stm32.12.3.rel1.win32_1.0.100.202403111256/tools/bin/../lib/gcc/arm-none-eabi/12.3.1/../../../../arm-none-eabi/lib/thumb/v7e-m+dp/hard\libc_nano.a(libc_a-mprec.o)
                0x08014104                __pow5mult
 .text.__lshift
                0x080141b8       0xd8 C:/ST/STM32CubeIDE_1.14.0/STM32CubeIDE/plugins/com.st.stm32cube.ide.mcu.externaltools.gnu-tools-for-stm32.12.3.rel1.win32_1.0.100.202403111256/tools/bin/../lib/gcc/arm-none-eabi/12.3.1/../../../../arm-none-eabi/lib/thumb/v7e-m+dp/hard\libc_nano.a(libc_a-mprec.o)
                0x080141b8                __lshift
 .text.__mcmp   0x08014290       0x36 C:/ST/STM32CubeIDE_1.14.0/STM32CubeIDE/plugins/com.st.stm32cube.ide.mcu.externaltools.gnu-tools-for-stm32.12.3.rel1.win32_1.0.100.202403111256/tools/bin/../lib/gcc/arm-none-eabi/12.3.1/../../../../arm-none-eabi/lib/thumb/v7e-m+dp/hard\libc_nano.a(libc_a-mprec.o)
                0x08014290                __mcmp
 *fill*         0x080142c6        0x2 
 .text.__mdiff  0x080142c8      0x128 C:/ST/STM32CubeIDE_1.14.0/STM32CubeIDE/plugins/com.st.stm32cube.ide.mcu.externaltools.gnu-tools-for-stm32.12.3.rel1.win32_1.0.100.202403111256/tools/bin/../lib/gcc/arm-none-eabi/12.3.1/../../../../arm-none-eabi/lib/thumb/v7e-m+dp/hard\libc_nano.a(libc_a-mprec.o)
                0x080142c8                __mdiff
 .text.__d2b    0x080143f0       0xb0 C:/ST/STM32CubeIDE_1.14.0/STM32CubeIDE/plugins/com.st.stm32cube.ide.mcu.externaltools.gnu-tools-for-stm32.12.3.rel1.win32_1.0.100.202403111256/tools/bin/../lib/gcc/arm-none-eabi/12.3.1/../../../../arm-none-eabi/lib/thumb/v7e-m+dp/hard\libc_nano.a(libc_a-mprec.o)
                0x080143f0                __d2b
 .text.__ssputs_r
                0x080144a0       0xb6 C:/ST/STM32CubeIDE_1.14.0/STM32CubeIDE/plugins/com.st.stm32cube.ide.mcu.externaltools.gnu-tools-for-stm32.12.3.rel1.win32_1.0.100.202403111256/tools/bin/../lib/gcc/arm-none-eabi/12.3.1/../../../../arm-none-eabi/lib/thumb/v7e-m+dp/hard\libc_nano.a(libc_a-nano-svfprintf.o)
                0x080144a0                __ssputs_r
 *fill*         0x08014556        0x2 
 .text._svfprintf_r
                0x08014558      0x1f8 C:/ST/STM32CubeIDE_1.14.0/STM32CubeIDE/plugins/com.st.stm32cube.ide.mcu.externaltools.gnu-tools-for-stm32.12.3.rel1.win32_1.0.100.202403111256/tools/bin/../lib/gcc/arm-none-eabi/12.3.1/../../../../arm-none-eabi/lib/thumb/v7e-m+dp/hard\libc_nano.a(libc_a-nano-svfprintf.o)
                0x08014558                _svfiprintf_r
                0x08014558                _svfprintf_r
 .text.__sflush_r
                0x08014750      0x108 C:/ST/STM32CubeIDE_1.14.0/STM32CubeIDE/plugins/com.st.stm32cube.ide.mcu.externaltools.gnu-tools-for-stm32.12.3.rel1.win32_1.0.100.202403111256/tools/bin/../lib/gcc/arm-none-eabi/12.3.1/../../../../arm-none-eabi/lib/thumb/v7e-m+dp/hard\libc_nano.a(libc_a-fflush.o)
                0x08014750                __sflush_r
 .text._fflush_r
                0x08014858       0x50 C:/ST/STM32CubeIDE_1.14.0/STM32CubeIDE/plugins/com.st.stm32cube.ide.mcu.externaltools.gnu-tools-for-stm32.12.3.rel1.win32_1.0.100.202403111256/tools/bin/../lib/gcc/arm-none-eabi/12.3.1/../../../../arm-none-eabi/lib/thumb/v7e-m+dp/hard\libc_nano.a(libc_a-fflush.o)
                0x08014858                _fflush_r
 .text.memmove  0x080148a8       0x34 C:/ST/STM32CubeIDE_1.14.0/STM32CubeIDE/plugins/com.st.stm32cube.ide.mcu.externaltools.gnu-tools-for-stm32.12.3.rel1.win32_1.0.100.202403111256/tools/bin/../lib/gcc/arm-none-eabi/12.3.1/../../../../arm-none-eabi/lib/thumb/v7e-m+dp/hard\libc_nano.a(libc_a-memmove.o)
                0x080148a8                memmove
 .text._sbrk_r  0x080148dc       0x20 C:/ST/STM32CubeIDE_1.14.0/STM32CubeIDE/plugins/com.st.stm32cube.ide.mcu.externaltools.gnu-tools-for-stm32.12.3.rel1.win32_1.0.100.202403111256/tools/bin/../lib/gcc/arm-none-eabi/12.3.1/../../../../arm-none-eabi/lib/thumb/v7e-m+dp/hard\libc_nano.a(libc_a-sbrkr.o)
                0x080148dc                _sbrk_r
 .text.memcpy   0x080148fc       0x1c C:/ST/STM32CubeIDE_1.14.0/STM32CubeIDE/plugins/com.st.stm32cube.ide.mcu.externaltools.gnu-tools-for-stm32.12.3.rel1.win32_1.0.100.202403111256/tools/bin/../lib/gcc/arm-none-eabi/12.3.1/../../../../arm-none-eabi/lib/thumb/v7e-m+dp/hard\libc_nano.a(libc_a-memcpy-stub.o)
                0x080148fc                memcpy
 .text.__assert_func
                0x08014918       0x3c C:/ST/STM32CubeIDE_1.14.0/STM32CubeIDE/plugins/com.st.stm32cube.ide.mcu.externaltools.gnu-tools-for-stm32.12.3.rel1.win32_1.0.100.202403111256/tools/bin/../lib/gcc/arm-none-eabi/12.3.1/../../../../arm-none-eabi/lib/thumb/v7e-m+dp/hard\libc_nano.a(libc_a-assert.o)
                0x08014918                __assert_func
 .text._calloc_r
                0x08014954       0x28 C:/ST/STM32CubeIDE_1.14.0/STM32CubeIDE/plugins/com.st.stm32cube.ide.mcu.externaltools.gnu-tools-for-stm32.12.3.rel1.win32_1.0.100.202403111256/tools/bin/../lib/gcc/arm-none-eabi/12.3.1/../../../../arm-none-eabi/lib/thumb/v7e-m+dp/hard\libc_nano.a(libc_a-callocr.o)
                0x08014954                _calloc_r
 .text.__ascii_mbtowc
                0x0801497c       0x24 C:/ST/STM32CubeIDE_1.14.0/STM32CubeIDE/plugins/com.st.stm32cube.ide.mcu.externaltools.gnu-tools-for-stm32.12.3.rel1.win32_1.0.100.202403111256/tools/bin/../lib/gcc/arm-none-eabi/12.3.1/../../../../arm-none-eabi/lib/thumb/v7e-m+dp/hard\libc_nano.a(libc_a-mbtowc_r.o)
                0x0801497c                __ascii_mbtowc
 .text._realloc_r
                0x080149a0       0x5c C:/ST/STM32CubeIDE_1.14.0/STM32CubeIDE/plugins/com.st.stm32cube.ide.mcu.externaltools.gnu-tools-for-stm32.12.3.rel1.win32_1.0.100.202403111256/tools/bin/../lib/gcc/arm-none-eabi/12.3.1/../../../../arm-none-eabi/lib/thumb/v7e-m+dp/hard\libc_nano.a(libc_a-reallocr.o)
                0x080149a0                _realloc_r
 .text.__ascii_wctomb
                0x080149fc       0x1a C:/ST/STM32CubeIDE_1.14.0/STM32CubeIDE/plugins/com.st.stm32cube.ide.mcu.externaltools.gnu-tools-for-stm32.12.3.rel1.win32_1.0.100.202403111256/tools/bin/../lib/gcc/arm-none-eabi/12.3.1/../../../../arm-none-eabi/lib/thumb/v7e-m+dp/hard\libc_nano.a(libc_a-wctomb_r.o)
                0x080149fc                __ascii_wctomb
 *fill*         0x08014a16        0x2 
 .text.fprintf  0x08014a18       0x24 C:/ST/STM32CubeIDE_1.14.0/STM32CubeIDE/plugins/com.st.stm32cube.ide.mcu.externaltools.gnu-tools-for-stm32.12.3.rel1.win32_1.0.100.202403111256/tools/bin/../lib/gcc/arm-none-eabi/12.3.1/../../../../arm-none-eabi/lib/thumb/v7e-m+dp/hard\libc_nano.a(libc_a-fprintf.o)
                0x08014a18                fiprintf
                0x08014a18                fprintf
 .text.abort    0x08014a3c        0xe C:/ST/STM32CubeIDE_1.14.0/STM32CubeIDE/plugins/com.st.stm32cube.ide.mcu.externaltools.gnu-tools-for-stm32.12.3.rel1.win32_1.0.100.202403111256/tools/bin/../lib/gcc/arm-none-eabi/12.3.1/../../../../arm-none-eabi/lib/thumb/v7e-m+dp/hard\libc_nano.a(libc_a-abort.o)
                0x08014a3c                abort
 .text._malloc_usable_size_r
                0x08014a4a       0x10 C:/ST/STM32CubeIDE_1.14.0/STM32CubeIDE/plugins/com.st.stm32cube.ide.mcu.externaltools.gnu-tools-for-stm32.12.3.rel1.win32_1.0.100.202403111256/tools/bin/../lib/gcc/arm-none-eabi/12.3.1/../../../../arm-none-eabi/lib/thumb/v7e-m+dp/hard\libc_nano.a(libc_a-msizer.o)
                0x08014a4a                _malloc_usable_size_r
 .text.__sfputc_r