../Core/Src/stm32h7xx_it.c:84:10:map	32	static
../Core/Src/stm32h7xx_it.c:88:6:Controle	24	static
../Core/Src/stm32h7xx_it.c:153:6:NMI_Handler	4	static
../Core/Src/stm32h7xx_it.c:168:6:HardFault_Handler	4	static
../Core/Src/stm32h7xx_it.c:183:6:MemManage_Handler	4	static
../Core/Src/stm32h7xx_it.c:198:6:BusFault_Handler	4	static
../Core/Src/stm32h7xx_it.c:213:6:UsageFault_Handler	4	static
../Core/Src/stm32h7xx_it.c:228:6:SVC_Handler	4	static
../Core/Src/stm32h7xx_it.c:241:6:DebugMon_Handler	4	static
../Core/Src/stm32h7xx_it.c:254:6:PendSV_Handler	4	static
../Core/Src/stm32h7xx_it.c:267:6:SysTick_Handler	8	static
../Core/Src/stm32h7xx_it.c:288:6:DMA1_Stream1_IRQHandler	8	static
../Core/Src/stm32h7xx_it.c:302:6:DMA1_Stream3_IRQHandler	8	static
../Core/Src/stm32h7xx_it.c:316:6:DMA1_Stream4_IRQHandler	8	static
../Core/Src/stm32h7xx_it.c:330:6:DMA1_Stream5_IRQHandler	8	static
../Core/Src/stm32h7xx_it.c:344:6:TIM4_IRQHandler	8	static
../Core/Src/stm32h7xx_it.c:358:6:EXTI15_10_IRQHandler	8	static
../Core/Src/stm32h7xx_it.c:372:6:OTG_FS_IRQHandler	8	static
../Core/Src/stm32h7xx_it.c:386:6:TIM15_IRQHandler	16	static
