../Core/Src/stm32h7xx_it.c:83:10:map	32	static
../Core/Src/stm32h7xx_it.c:87:6:Controle	24	static
../Core/Src/stm32h7xx_it.c:150:6:NMI_Handler	4	static
../Core/Src/stm32h7xx_it.c:165:6:HardFault_Handler	4	static
../Core/Src/stm32h7xx_it.c:180:6:MemManage_Handler	4	static
../Core/Src/stm32h7xx_it.c:195:6:BusFault_Handler	4	static
../Core/Src/stm32h7xx_it.c:210:6:UsageFault_Handler	4	static
../Core/Src/stm32h7xx_it.c:225:6:SVC_Handler	4	static
../Core/Src/stm32h7xx_it.c:238:6:DebugMon_Handler	4	static
../Core/Src/stm32h7xx_it.c:251:6:PendSV_Handler	4	static
../Core/Src/stm32h7xx_it.c:264:6:SysTick_Handler	8	static
../Core/Src/stm32h7xx_it.c:285:6:DMA1_Stream1_IRQHandler	8	static
../Core/Src/stm32h7xx_it.c:299:6:DMA1_Stream3_IRQHandler	8	static
../Core/Src/stm32h7xx_it.c:313:6:DMA1_Stream4_IRQHandler	8	static
../Core/Src/stm32h7xx_it.c:327:6:DMA1_Stream5_IRQHandler	8	static
../Core/Src/stm32h7xx_it.c:341:6:EXTI15_10_IRQHandler	8	static
../Core/Src/stm32h7xx_it.c:355:6:OTG_FS_IRQHandler	8	static
../Core/Src/stm32h7xx_it.c:369:6:TIM15_IRQHandler	16	static
