../Core/Src/stm32h7xx_it.c:83:10:map	32	static
../Core/Src/stm32h7xx_it.c:87:6:Controle	24	static
../Core/Src/stm32h7xx_it.c:147:6:NMI_Handler	4	static
../Core/Src/stm32h7xx_it.c:162:6:HardFault_Handler	4	static
../Core/Src/stm32h7xx_it.c:177:6:MemManage_Handler	4	static
../Core/Src/stm32h7xx_it.c:192:6:BusFault_Handler	4	static
../Core/Src/stm32h7xx_it.c:207:6:UsageFault_Handler	4	static
../Core/Src/stm32h7xx_it.c:222:6:SVC_Handler	4	static
../Core/Src/stm32h7xx_it.c:235:6:DebugMon_Handler	4	static
../Core/Src/stm32h7xx_it.c:248:6:PendSV_Handler	4	static
../Core/Src/stm32h7xx_it.c:261:6:SysTick_Handler	8	static
../Core/Src/stm32h7xx_it.c:282:6:DMA1_Stream1_IRQHandler	8	static
../Core/Src/stm32h7xx_it.c:296:6:DMA1_Stream3_IRQHandler	8	static
../Core/Src/stm32h7xx_it.c:310:6:DMA1_Stream4_IRQHandler	8	static
../Core/Src/stm32h7xx_it.c:324:6:DMA1_Stream5_IRQHandler	8	static
../Core/Src/stm32h7xx_it.c:338:6:EXTI15_10_IRQHandler	8	static
../Core/Src/stm32h7xx_it.c:352:6:OTG_FS_IRQHandler	8	static
../Core/Src/stm32h7xx_it.c:366:6:TIM15_IRQHandler	8	static
