../Core/Src/stm32h7xx_it.c:71:10:map	32	static
../Core/Src/stm32h7xx_it.c:75:6:Controle	56	static
../Core/Src/stm32h7xx_it.c:137:6:NMI_Handler	4	static
../Core/Src/stm32h7xx_it.c:152:6:HardFault_Handler	4	static
../Core/Src/stm32h7xx_it.c:167:6:MemManage_Handler	4	static
../Core/Src/stm32h7xx_it.c:182:6:BusFault_Handler	4	static
../Core/Src/stm32h7xx_it.c:197:6:UsageFault_Handler	4	static
../Core/Src/stm32h7xx_it.c:212:6:SVC_Handler	4	static
../Core/Src/stm32h7xx_it.c:225:6:DebugMon_Handler	4	static
../Core/Src/stm32h7xx_it.c:238:6:PendSV_Handler	4	static
../Core/Src/stm32h7xx_it.c:251:6:SysTick_Handler	8	static
../Core/Src/stm32h7xx_it.c:272:6:DMA1_Stream1_IRQHandler	8	static
../Core/Src/stm32h7xx_it.c:286:6:DMA1_Stream3_IRQHandler	8	static
../Core/Src/stm32h7xx_it.c:300:6:DMA1_Stream4_IRQHandler	8	static
../Core/Src/stm32h7xx_it.c:314:6:DMA1_Stream5_IRQHandler	8	static
../Core/Src/stm32h7xx_it.c:328:6:TIM3_IRQHandler	8	static
../Core/Src/stm32h7xx_it.c:352:6:EXTI15_10_IRQHandler	8	static
../Core/Src/stm32h7xx_it.c:366:6:OTG_FS_IRQHandler	8	static
