../Core/Src/stm32h7xx_it.c:65:12:Controle	72	static
../Core/Src/stm32h7xx_it.c:129:6:NMI_Handler	4	static
../Core/Src/stm32h7xx_it.c:144:6:HardFault_Handler	4	static
../Core/Src/stm32h7xx_it.c:159:6:MemManage_Handler	4	static
../Core/Src/stm32h7xx_it.c:174:6:BusFault_Handler	4	static
../Core/Src/stm32h7xx_it.c:189:6:UsageFault_Handler	4	static
../Core/Src/stm32h7xx_it.c:204:6:SVC_Handler	4	static
../Core/Src/stm32h7xx_it.c:217:6:DebugMon_Handler	4	static
../Core/Src/stm32h7xx_it.c:230:6:PendSV_Handler	4	static
../Core/Src/stm32h7xx_it.c:243:6:SysTick_Handler	8	static
../Core/Src/stm32h7xx_it.c:264:6:DMA1_Stream1_IRQHandler	8	static
../Core/Src/stm32h7xx_it.c:278:6:DMA1_Stream3_IRQHandler	8	static
../Core/Src/stm32h7xx_it.c:292:6:DMA1_Stream4_IRQHandler	8	static
../Core/Src/stm32h7xx_it.c:306:6:DMA1_Stream5_IRQHandler	8	static
../Core/Src/stm32h7xx_it.c:320:6:TIM3_IRQHandler	8	static
../Core/Src/stm32h7xx_it.c:334:6:EXTI15_10_IRQHandler	8	static
../Core/Src/stm32h7xx_it.c:348:6:OTG_FS_IRQHandler	8	static
