../Core/Src/stm32h7xx_it.c:68:12:Controle	72	static
../Core/Src/stm32h7xx_it.c:133:6:NMI_Handler	4	static
../Core/Src/stm32h7xx_it.c:148:6:HardFault_Handler	4	static
../Core/Src/stm32h7xx_it.c:163:6:MemManage_Handler	4	static
../Core/Src/stm32h7xx_it.c:178:6:BusFault_Handler	4	static
../Core/Src/stm32h7xx_it.c:193:6:UsageFault_Handler	4	static
../Core/Src/stm32h7xx_it.c:208:6:SVC_Handler	4	static
../Core/Src/stm32h7xx_it.c:221:6:DebugMon_Handler	4	static
../Core/Src/stm32h7xx_it.c:234:6:PendSV_Handler	4	static
../Core/Src/stm32h7xx_it.c:247:6:SysTick_Handler	8	static
../Core/Src/stm32h7xx_it.c:268:6:DMA1_Stream1_IRQHandler	8	static
../Core/Src/stm32h7xx_it.c:282:6:DMA1_Stream3_IRQHandler	8	static
../Core/Src/stm32h7xx_it.c:296:6:DMA1_Stream4_IRQHandler	8	static
../Core/Src/stm32h7xx_it.c:310:6:DMA1_Stream5_IRQHandler	8	static
../Core/Src/stm32h7xx_it.c:324:6:TIM3_IRQHandler	8	static
../Core/Src/stm32h7xx_it.c:346:6:EXTI15_10_IRQHandler	8	static
../Core/Src/stm32h7xx_it.c:360:6:OTG_FS_IRQHandler	8	static
