../Core/Src/stm32h7xx_it.c:112:10:map	32	static
../Core/Src/stm32h7xx_it.c:116:6:Controle	24	static
../Core/Src/stm32h7xx_it.c:177:7:low_pass	16	static
../Core/Src/stm32h7xx_it.c:216:6:NMI_Handler	4	static
../Core/Src/stm32h7xx_it.c:231:6:HardFault_Handler	4	static
../Core/Src/stm32h7xx_it.c:246:6:MemManage_Handler	4	static
../Core/Src/stm32h7xx_it.c:261:6:BusFault_Handler	4	static
../Core/Src/stm32h7xx_it.c:276:6:UsageFault_Handler	4	static
../Core/Src/stm32h7xx_it.c:291:6:SVC_Handler	4	static
../Core/Src/stm32h7xx_it.c:304:6:DebugMon_Handler	4	static
../Core/Src/stm32h7xx_it.c:317:6:PendSV_Handler	4	static
../Core/Src/stm32h7xx_it.c:330:6:SysTick_Handler	8	static
../Core/Src/stm32h7xx_it.c:351:6:DMA1_Stream1_IRQHandler	8	static
../Core/Src/stm32h7xx_it.c:365:6:DMA1_Stream3_IRQHandler	8	static
../Core/Src/stm32h7xx_it.c:379:6:DMA1_Stream4_IRQHandler	8	static
../Core/Src/stm32h7xx_it.c:393:6:DMA1_Stream5_IRQHandler	8	static
../Core/Src/stm32h7xx_it.c:407:6:TIM4_IRQHandler	8	static
../Core/Src/stm32h7xx_it.c:421:6:EXTI15_10_IRQHandler	8	static
../Core/Src/stm32h7xx_it.c:435:6:OTG_FS_IRQHandler	8	static
../Core/Src/stm32h7xx_it.c:449:6:TIM15_IRQHandler	24	static
