../Core/Src/stm32h7xx_it.c:65:12:Controle	72	static
../Core/Src/stm32h7xx_it.c:128:6:NMI_Handler	4	static
../Core/Src/stm32h7xx_it.c:143:6:HardFault_Handler	4	static
../Core/Src/stm32h7xx_it.c:158:6:MemManage_Handler	4	static
../Core/Src/stm32h7xx_it.c:173:6:BusFault_Handler	4	static
../Core/Src/stm32h7xx_it.c:188:6:UsageFault_Handler	4	static
../Core/Src/stm32h7xx_it.c:203:6:SVC_Handler	4	static
../Core/Src/stm32h7xx_it.c:216:6:DebugMon_Handler	4	static
../Core/Src/stm32h7xx_it.c:229:6:PendSV_Handler	4	static
../Core/Src/stm32h7xx_it.c:242:6:SysTick_Handler	8	static
../Core/Src/stm32h7xx_it.c:263:6:DMA1_Stream1_IRQHandler	8	static
../Core/Src/stm32h7xx_it.c:277:6:DMA1_Stream3_IRQHandler	8	static
../Core/Src/stm32h7xx_it.c:291:6:DMA1_Stream4_IRQHandler	8	static
../Core/Src/stm32h7xx_it.c:305:6:DMA1_Stream5_IRQHandler	8	static
../Core/Src/stm32h7xx_it.c:319:6:TIM3_IRQHandler	8	static
../Core/Src/stm32h7xx_it.c:333:6:EXTI15_10_IRQHandler	8	static
