../Core/Src/stm32h7xx_it.c:71:7:map	24	static
../Core/Src/stm32h7xx_it.c:75:6:Controle	48	static
../Core/Src/stm32h7xx_it.c:138:6:NMI_Handler	4	static
../Core/Src/stm32h7xx_it.c:153:6:HardFault_Handler	4	static
../Core/Src/stm32h7xx_it.c:168:6:MemManage_Handler	4	static
../Core/Src/stm32h7xx_it.c:183:6:BusFault_Handler	4	static
../Core/Src/stm32h7xx_it.c:198:6:UsageFault_Handler	4	static
../Core/Src/stm32h7xx_it.c:213:6:SVC_Handler	4	static
../Core/Src/stm32h7xx_it.c:226:6:DebugMon_Handler	4	static
../Core/Src/stm32h7xx_it.c:239:6:PendSV_Handler	4	static
../Core/Src/stm32h7xx_it.c:252:6:SysTick_Handler	8	static
../Core/Src/stm32h7xx_it.c:273:6:DMA1_Stream1_IRQHandler	8	static
../Core/Src/stm32h7xx_it.c:287:6:DMA1_Stream3_IRQHandler	8	static
../Core/Src/stm32h7xx_it.c:301:6:DMA1_Stream4_IRQHandler	8	static
../Core/Src/stm32h7xx_it.c:315:6:DMA1_Stream5_IRQHandler	8	static
../Core/Src/stm32h7xx_it.c:329:6:TIM3_IRQHandler	8	static
../Core/Src/stm32h7xx_it.c:353:6:EXTI15_10_IRQHandler	8	static
../Core/Src/stm32h7xx_it.c:367:6:OTG_FS_IRQHandler	8	static
