../Core/Src/stm32h7xx_it.c:84:10:map	32	static
../Core/Src/stm32h7xx_it.c:88:6:Controle	24	static
../Core/Src/stm32h7xx_it.c:156:6:NMI_Handler	4	static
../Core/Src/stm32h7xx_it.c:171:6:HardFault_Handler	4	static
../Core/Src/stm32h7xx_it.c:186:6:MemManage_Handler	4	static
../Core/Src/stm32h7xx_it.c:201:6:BusFault_Handler	4	static
../Core/Src/stm32h7xx_it.c:216:6:UsageFault_Handler	4	static
../Core/Src/stm32h7xx_it.c:231:6:SVC_Handler	4	static
../Core/Src/stm32h7xx_it.c:244:6:DebugMon_Handler	4	static
../Core/Src/stm32h7xx_it.c:257:6:PendSV_Handler	4	static
../Core/Src/stm32h7xx_it.c:270:6:SysTick_Handler	8	static
../Core/Src/stm32h7xx_it.c:291:6:DMA1_Stream1_IRQHandler	8	static
../Core/Src/stm32h7xx_it.c:305:6:DMA1_Stream3_IRQHandler	8	static
../Core/Src/stm32h7xx_it.c:319:6:DMA1_Stream4_IRQHandler	8	static
../Core/Src/stm32h7xx_it.c:333:6:DMA1_Stream5_IRQHandler	8	static
../Core/Src/stm32h7xx_it.c:347:6:TIM4_IRQHandler	8	static
../Core/Src/stm32h7xx_it.c:361:6:EXTI15_10_IRQHandler	8	static
../Core/Src/stm32h7xx_it.c:375:6:OTG_FS_IRQHandler	8	static
../Core/Src/stm32h7xx_it.c:389:6:TIM15_IRQHandler	16	static
