../Core/Src/stm32h7xx_it.c:69:6:Controle	48	static
../Core/Src/stm32h7xx_it.c:125:6:NMI_Handler	4	static
../Core/Src/stm32h7xx_it.c:140:6:HardFault_Handler	4	static
../Core/Src/stm32h7xx_it.c:155:6:MemManage_Handler	4	static
../Core/Src/stm32h7xx_it.c:170:6:BusFault_Handler	4	static
../Core/Src/stm32h7xx_it.c:185:6:UsageFault_Handler	4	static
../Core/Src/stm32h7xx_it.c:200:6:SVC_Handler	4	static
../Core/Src/stm32h7xx_it.c:213:6:DebugMon_Handler	4	static
../Core/Src/stm32h7xx_it.c:226:6:PendSV_Handler	4	static
../Core/Src/stm32h7xx_it.c:239:6:SysTick_Handler	8	static
../Core/Src/stm32h7xx_it.c:260:6:DMA1_Stream1_IRQHandler	8	static
../Core/Src/stm32h7xx_it.c:274:6:DMA1_Stream3_IRQHandler	8	static
../Core/Src/stm32h7xx_it.c:288:6:DMA1_Stream4_IRQHandler	8	static
../Core/Src/stm32h7xx_it.c:302:6:DMA1_Stream5_IRQHandler	8	static
../Core/Src/stm32h7xx_it.c:316:6:TIM3_IRQHandler	8	static
../Core/Src/stm32h7xx_it.c:340:6:EXTI15_10_IRQHandler	8	static
../Core/Src/stm32h7xx_it.c:354:6:OTG_FS_IRQHandler	8	static
