../Core/Src/stm32h7xx_it.c:102:10:map	32	static
../Core/Src/stm32h7xx_it.c:106:6:Controle	24	static
../Core/Src/stm32h7xx_it.c:190:6:NMI_Handler	4	static
../Core/Src/stm32h7xx_it.c:205:6:HardFault_Handler	4	static
../Core/Src/stm32h7xx_it.c:220:6:MemManage_Handler	4	static
../Core/Src/stm32h7xx_it.c:235:6:BusFault_Handler	4	static
../Core/Src/stm32h7xx_it.c:250:6:UsageFault_Handler	4	static
../Core/Src/stm32h7xx_it.c:265:6:SVC_Handler	4	static
../Core/Src/stm32h7xx_it.c:278:6:DebugMon_Handler	4	static
../Core/Src/stm32h7xx_it.c:291:6:PendSV_Handler	4	static
../Core/Src/stm32h7xx_it.c:304:6:SysTick_Handler	8	static
../Core/Src/stm32h7xx_it.c:325:6:DMA1_Stream1_IRQHandler	8	static
../Core/Src/stm32h7xx_it.c:339:6:DMA1_Stream3_IRQHandler	8	static
../Core/Src/stm32h7xx_it.c:353:6:DMA1_Stream4_IRQHandler	8	static
../Core/Src/stm32h7xx_it.c:367:6:DMA1_Stream5_IRQHandler	8	static
../Core/Src/stm32h7xx_it.c:381:6:TIM4_IRQHandler	8	static
../Core/Src/stm32h7xx_it.c:395:6:EXTI15_10_IRQHandler	8	static
../Core/Src/stm32h7xx_it.c:409:6:OTG_FS_IRQHandler	8	static
../Core/Src/stm32h7xx_it.c:423:6:TIM15_IRQHandler	16	static
